Component: ARM Compiler 5.06 update 4 (build 422) Tool: armlink [4d35d2]

==============================================================================

Section Cross References

    adc.o(i.Robotic_ADC_Init) refers to stm32f4xx_hal_cortex.o(i.HAL_NVIC_SetPriority) for HAL_NVIC_SetPriority
    adc.o(i.Robotic_ADC_Init) refers to stm32f4xx_hal_cortex.o(i.HAL_NVIC_EnableIRQ) for HAL_NVIC_EnableIRQ
    adc.o(i.Robotic_ADC_Init) refers to stm32f4xx_hal_adc.o(i.HAL_ADC_Init) for HAL_ADC_Init
    adc.o(i.Robotic_ADC_Init) refers to stm32f4xx_hal_adc.o(i.HAL_ADC_ConfigChannel) for HAL_ADC_ConfigChannel
    adc.o(i.Robotic_ADC_Init) refers to stm32f4xx_hal_gpio.o(i.HAL_GPIO_Init) for HAL_GPIO_Init
    adc.o(i.Robotic_ADC_Init) refers to stm32f4xx_hal_dma.o(i.HAL_DMA_Init) for HAL_DMA_Init
    adc.o(i.Robotic_ADC_Init) refers to adc.o(.bss) for hadc1
    adc.o(i.Robotic_ADC_Init) refers to adc.o(.constdata) for r_init_adc
    adc.o(i.Robotic_gpio_input) refers to stm32f4xx_hal_gpio.o(i.HAL_GPIO_Init) for HAL_GPIO_Init
    adc.o(i.Robotic_gpio_input) refers to adc.o(.constdata) for check_phone_sen
    adc.o(i.update_gripper_phone_status) refers to stm32f4xx_hal_gpio.o(i.HAL_GPIO_ReadPin) for HAL_GPIO_ReadPin
    adc.o(i.update_gripper_phone_status) refers to adc.o(.constdata) for check_phone_sen
    adc.o(i.update_gripper_phone_status) refers to protocol.o(.bss) for clamp_infor
    main.o(i.HAL_GetTick) refers to rt_time.o(.data) for os_time
    main.o(i.SystemClock_Config) refers to stm32f4xx_hal_rcc.o(i.HAL_RCC_OscConfig) for HAL_RCC_OscConfig
    main.o(i.SystemClock_Config) refers to stm32f4xx_hal_rcc.o(i.HAL_RCC_ClockConfig) for HAL_RCC_ClockConfig
    main.o(i.main) refers to rt_cmsis.o(i.osKernelInitialize) for osKernelInitialize
    main.o(i.main) refers to stm32f4xx_hal.o(i.HAL_Init) for HAL_Init
    main.o(i.main) refers to main.o(i.SystemClock_Config) for SystemClock_Config
    main.o(i.main) refers to system_stm32f4xx.o(i.SystemCoreClockUpdate) for SystemCoreClockUpdate
    main.o(i.main) refers to main.o(i.gpio_clock_init) for gpio_clock_init
    main.o(i.main) refers to uart_debug.o(i.uart_pc_init) for uart_pc_init
    main.o(i.main) refers to uart_debug.o(i.uart_debug_init) for uart_debug_init
    main.o(i.main) refers to adc.o(i.Robotic_ADC_Init) for Robotic_ADC_Init
    main.o(i.main) refers to adc.o(i.Robotic_gpio_input) for Robotic_gpio_input
    main.o(i.main) refers to timer.o(i.MX_TIMER_Init) for MX_TIMER_Init
    main.o(i.main) refers to timer.o(i.Init_GPIO_servo_pwr) for Init_GPIO_servo_pwr
    main.o(i.main) refers to rt_cmsis.o(i.osKernelStart) for osKernelStart
    main.o(i.main) refers to rt_cmsis.o(i.osDelay) for osDelay
    main.o(i.main) refers to protocol.o(i.machine_init) for machine_init
    main.o(i.main) refers to uart_debug.o(i.send_debugging_data) for send_debugging_data
    main.o(i.main) refers to adc.o(i.update_gripper_phone_status) for update_gripper_phone_status
    main.o(i.main) refers to timer.o(i.on_off_pwm) for on_off_pwm
    main.o(i.main) refers to timer.o(i.on_off_pwR) for on_off_pwR
    main.o(i.main) refers to stm32f4xx_hal_adc.o(i.HAL_ADC_Start_DMA) for HAL_ADC_Start_DMA
    main.o(i.main) refers to protocol.o(i.process_data_input) for process_data_input
    main.o(i.main) refers to main.o(i.process_function) for process_function
    main.o(i.main) refers to main.o(i.system_resetMCU) for system_resetMCU
    main.o(i.main) refers to main.o(.data) for start_PWM
    main.o(i.main) refers to adc.o(.bss) for adc_value
    main.o(i.process_function) refers to timer.o(i.control_servo_motor) for control_servo_motor
    protocol.o(i.HAL_UART_RxCpltCallback) refers to main.o(i.HAL_GetTick) for HAL_GetTick
    protocol.o(i.HAL_UART_RxCpltCallback) refers to rt_memcpy_v6.o(.text) for __aeabi_memcpy
    protocol.o(i.HAL_UART_RxCpltCallback) refers to stm32f4xx_hal_uart.o(i.HAL_UART_Receive_IT) for HAL_UART_Receive_IT
    protocol.o(i.HAL_UART_RxCpltCallback) refers to protocol.o(.data) for rxBuf
    protocol.o(i.HAL_UART_RxCpltCallback) refers to protocol.o(.bss) for cmd_get
    protocol.o(i.HAL_UART_RxCpltCallback) refers to main.o(.data) for start_process
    protocol.o(i.USB_send_respond_package) refers to rt_memcpy_v6.o(.text) for __aeabi_memcpy
    protocol.o(i.USB_send_respond_package) refers to timer.o(i.read_current_duty_cycle) for read_current_duty_cycle
    protocol.o(i.USB_send_respond_package) refers to protocol.o(i.Package_Calculator_checksum) for Package_Calculator_checksum
    protocol.o(i.USB_send_respond_package) refers to uart_debug.o(i.send_response_data) for send_response_data
    protocol.o(i.USB_send_respond_package) refers to protocol.o(.bss) for cmd_send
    protocol.o(i.USB_send_respond_package) refers to protocol.o(.data) for check_phone_in
    protocol.o(i.USB_send_respond_package) refers to adc.o(.bss) for adc_value
    protocol.o(i.machine_init) refers to strncpy.o(.text) for strncpy
[...]
    i.rt_ms2tick                             0x08044850   Section        0  rt_cmsis.o(i.rt_ms2tick)
    rt_ms2tick                               0x08044851   Thumb Code    58  rt_cmsis.o(i.rt_ms2tick)
    i.rt_mut_release                         0x08044894   Section        0  rt_mutex.o(i.rt_mut_release)
    i.rt_mut_wait                            0x0804496c   Section        0  rt_mutex.o(i.rt_mut_wait)
    i.rt_pop_req                             0x080449e4   Section        0  rt_system.o(i.rt_pop_req)
    i.rt_psh_req                             0x08044a60   Section        0  rt_system.o(i.rt_psh_req)
    i.rt_psq_enq                             0x08044a80   Section        0  rt_list.o(i.rt_psq_enq)
    i.rt_put_dly                             0x08044adc   Section        0  rt_list.o(i.rt_put_dly)
    i.rt_put_prio                            0x08044b24   Section        0  rt_list.o(i.rt_put_prio)
    i.rt_put_rdy_first                       0x08044b5c   Section        0  rt_list.o(i.rt_put_rdy_first)
    i.rt_resort_prio                         0x08044b70   Section        0  rt_list.o(i.rt_resort_prio)
    i.rt_ret_regs                            0x08044ba4   Section        0  hal_cm.o(i.rt_ret_regs)
    rt_ret_regs                              0x08044ba5   Thumb Code    16  hal_cm.o(i.rt_ret_regs)
    i.rt_ret_val                             0x08044bb4   Section        0  hal_cm.o(i.rt_ret_val)
    i.rt_ret_val2                            0x08044bc0   Section        0  hal_cm.o(i.rt_ret_val2)
    i.rt_rmv_dly                             0x08044bd0   Section        0  rt_list.o(i.rt_rmv_dly)
    i.rt_rmv_list                            0x08044bf8   Section        0  rt_list.o(i.rt_rmv_list)
    i.rt_sem_psh                             0x08044c28   Section        0  rt_semaphore.o(i.rt_sem_psh)
    i.rt_stk_check                           0x08044c5c   Section        0  rt_system.o(i.rt_stk_check)
    i.rt_switch_req                          0x08044c80   Section        0  rt_task.o(i.rt_switch_req)
    i.rt_sys_init                            0x08044ca8   Section        0  rt_task.o(i.rt_sys_init)
    i.rt_sys_start                           0x08044d74   Section        0  rt_task.o(i.rt_sys_start)
    i.rt_systick                             0x08044dec   Section        0  rt_system.o(i.rt_systick)
    i.rt_tid2ptcb                            0x08044e2c   Section        0  rt_cmsis.o(i.rt_tid2ptcb)
    rt_tid2ptcb                              0x08044e2d   Thumb Code    18  rt_cmsis.o(i.rt_tid2ptcb)
    i.rt_timer_insert                        0x08044e40   Section        0  rt_cmsis.o(i.rt_timer_insert)
    rt_timer_insert                          0x08044e41   Thumb Code    48  rt_cmsis.o(i.rt_timer_insert)
    i.rt_tsk_create                          0x08044e74   Section        0  rt_task.o(i.rt_tsk_create)
    i.rt_tsk_delete                          0x08044efc   Section        0  rt_task.o(i.rt_tsk_delete)
    i.rt_tsk_prio                            0x08045078   Section        0  rt_task.o(i.rt_tsk_prio)
    i.rt_tsk_self                            0x080450f4   Section        0  rt_task.o(i.rt_tsk_self)
    i.send_debugging_data                    0x08045104   Section        0  uart_debug.o(i.send_debugging_data)
    i.send_response_data                     0x08045120   Section        0  uart_debug.o(i.send_response_data)
    i.svcDelay                               0x08045140   Section        0  rt_cmsis.o(i.svcDelay)
    i.svcKernelInitialize                    0x08045154   Section        0  rt_cmsis.o(i.svcKernelInitialize)
    i.svcKernelStart                         0x080451c4   Section        0  rt_cmsis.o(i.svcKernelStart)
    i.svcMessageCreate                       0x0804520c   Section        0  rt_cmsis.o(i.svcMessageCreate)
    i.svcMessageGet                          0x08045230   Section        0  rt_cmsis.o(i.svcMessageGet)
    i.svcThreadCreate                        0x0804526c   Section        0  rt_cmsis.o(i.svcThreadCreate)
    i.svcThreadGetId                         0x080452d8   Section        0  rt_cmsis.o(i.svcThreadGetId)
    i.svcThreadTerminate                     0x080452f4   Section        0  rt_cmsis.o(i.svcThreadTerminate)
    i.svcTimerCall                           0x0804532c   Section        0  rt_cmsis.o(i.svcTimerCall)
    i.sysTimerTick                           0x08045344   Section        0  rt_cmsis.o(i.sysTimerTick)
    i.system_resetMCU                        0x080453a0   Section        0  main.o(i.system_resetMCU)
    i.uart_debug_init                        0x080453e4   Section        0  uart_debug.o(i.uart_debug_init)
    i.uart_pc_init                           0x08045458   Section        0  uart_debug.o(i.uart_pc_init)
    i.update_gripper_parameter               0x08045488   Section        0  protocol.o(i.update_gripper_parameter)
    i.update_gripper_phone_status            0x0804553c   Section        0  adc.o(i.update_gripper_phone_status)
    i.update_gripper_servo_linear_type_1_position 0x08045580   Section        0  timer.o(i.update_gripper_servo_linear_type_1_position)
    i.update_gripper_servo_linear_type_2_position 0x0804566c   Section        0  timer.o(i.update_gripper_servo_linear_type_2_position)
    i.update_gripper_servo_position          0x08045768   Section        0  timer.o(i.update_gripper_servo_position)
    i.update_gripper_servo_power             0x080458e0   Section        0  protocol.o(i.update_gripper_servo_power)
    x$fpl$fpinit                             0x080459c8   Section       10  fpinit.o(x$fpl$fpinit)
    $v0                                      0x080459c8   Number         0  fpinit.o(x$fpl$fpinit)
    .constdata                               0x080459d4   Section      544  adc.o(.constdata)
    r_init_adc                               0x080459d4   Data         192  adc.o(.constdata)
    check_phone_sen                          0x08045a94   Data          32  adc.o(.constdata)
    r_init_pwm                               0x08045ab4   Data         192  adc.o(.constdata)
    r_init_pwR                               0x08045b74   Data         128  adc.o(.constdata)
    .constdata                               0x08045bf4   Section      544  timer.o(.constdata)
    r_init_adc                               0x08045bf4   Data         192  timer.o(.constdata)
    check_phone_sen                          0x08045cb4   Data          32  timer.o(.constdata)
    r_init_pwm                               0x08045cd4   Data         192  timer.o(.constdata)
    r_init_pwR                               0x08045d94   Data         128  timer.o(.constdata)
    .constdata                               0x08045e14   Section      104  rtx_conf_cm.o(.constdata)
    __tagsym$$used                           0x08045e30   Number         0  rtx_conf_cm.o(.constdata)
    __tagsym$$used                           0x08045e34   Number         0  rtx_conf_cm.o(.constdata)
    __tagsym$$used                           0x08045e38   Number         0  rtx_conf_cm.o(.constdata)
    __tagsym$$used                           0x08045e3c   Number         0  rtx_conf_cm.o(.constdata)
    .constdata                               0x08045e7c   Section        8  stm32f4xx_hal_dma.o(.constdata)
    flagBitshiftOffset                       0x08045e7c   Data           8  stm32f4xx_hal_dma.o(.constdata)
    .constdata                               0x08045e84   Section       24  system_stm32f4xx.o(.constdata)
    .data                                    0x20000000   Section        4  main.o(.data)
    .data                                    0x20000004   Section       45  protocol.o(.data)
    .data                                    0x20000032   Section        8  timer.o(.data)
    .data                                    0x2000003a   Section        1  uart_debug.o(.data)
    .data                                    0x2000003c   Section       20  rtx_conf_cm.o(.data)
    nr_mutex                                 0x2000004c   Data           4  rtx_conf_cm.o(.data)
    .data                                    0x20000050   Section        9  stm32f4xx_hal.o(.data)
    .data                                    0x2000005c   Section        4  system_stm32f4xx.o(.data)
    .data                                    0x20000060   Section        8  rt_cmsis.o(.data)
    .data                                    0x20000068   Section        8  rt_task.o(.data)
    .data                                    0x20000070   Section        4  rt_time.o(.data)
    .data                                    0x20000074   Section        8  rt_system.o(.data)
    os_lock                                  0x20000074   Data           1  rt_system.o(.data)
    os_psh_flag                              0x20000075   Data           1  rt_system.o(.data)
    pend_flags                               0x20000076   Data           1  rt_system.o(.data)
    .data                                    0x2000007c   Section        8  rt_robin.o(.data)
    .data                                    0x20000084   Section        1  hal_cm.o(.data)
    .bss                                     0x20000088   Section      200  adc.o(.bss)
    .bss                                     0x20000150   Section      128  main.o(.bss)
    .bss                                     0x200001d0   Section     3651  protocol.o(.bss)
    .bss                                     0x20001014   Section      300  timer.o(.bss)
    .bss                                     0x20001140   Section    10920  rtx_conf_cm.o(.bss)
    std_libspace                             0x200038c8   Data         672  rtx_conf_cm.o(.bss)
    std_libmutex                             0x20003b68   Data         128  rtx_conf_cm.o(.bss)
    .bss                                     0x20003be8   Section       52  rt_task.o(.bss)
    .bss                                     0x20003c1c   Section       48  rt_list.o(.bss)
    .bss                                     0x20003c4c   Section       96  libspace.o(.bss)
    HEAP                                     0x20003cb0   Section      512  startup_stm32f407xx.o(HEAP)
    Heap_Mem                                 0x20003cb0   Data         512  startup_stm32f407xx.o(HEAP)
    STACK                                    0x20003eb0   Section     1024  startup_stm32f407xx.o(STACK)
    Stack_Mem                                0x20003eb0   Data        1024  startup_stm32f407xx.o(STACK)
    __initial_sp                             0x200042b0   Data           0  startup_stm32f407xx.o(STACK)

    Global Symbols

    Symbol Name                              Value     Ov Type        Size  Object(Section)

    BuildAttributes$$THM_ISAv4$E$P$D$K$B$S$7EM$VFPi3$EXTD16$VFPS$VFMA$PE$A:L22UL41UL21$X:L11$S22US41US21$IEEE1$IW$USESV6$~STKCKD$USESV7$~SHL$OSPACE$ROPI$EBA8$UX$STANDARDLIB$REQ8$PRES8$EABIv2 0x00000000   Number         0  anon$$obj.o ABSOLUTE
    __ARM_use_no_argv                        0x00000000   Number         0  main.o ABSOLUTE
    _printf_flags                            0x00000000   Number         0  printf_stubs.o ABSOLUTE
    _printf_return_value                     0x00000000   Number         0  printf_stubs.o ABSOLUTE
    _printf_sizespec                         0x00000000   Number         0  printf_stubs.o ABSOLUTE
    _printf_widthprec                        0x00000000   Number         0  printf_stubs.o ABSOLUTE
    __ARM_exceptions_init                     - Undefined Weak Reference
    __alloca_initialize                       - Undefined Weak Reference
    __arm_preinit_                            - Undefined Weak Reference
    __cpp_initialize__aeabi_                  - Undefined Weak Reference
    __cxa_finalize                            - Undefined Weak Reference
    __rt_locale                               - Undefined Weak Reference
    __sigvec_lookup                           - Undefined Weak Reference
    _atexit_init                              - Undefined Weak Reference
    _call_atexit_fns                          - Undefined Weak Reference
    _clock_init                               - Undefined Weak Reference
    _fp_trap_init                             - Undefined Weak Reference
    _fp_trap_shutdown                         - Undefined Weak Reference
    _get_lc_collate                           - Undefined Weak Reference
    _get_lc_ctype                             - Undefined Weak Reference
    _get_lc_monetary                          - Undefined Weak Reference
    _get_lc_numeric                           - Undefined Weak Reference
    _get_lc_time                              - Undefined Weak Reference
    _getenv_init                              - Undefined Weak Reference
    _handle_redirection                       - Undefined Weak Reference
    _init_alloc                               - Undefined Weak Reference
    _init_user_alloc                          - Undefined Weak Reference
    _initio                                   - Undefined Weak Reference
    _printf_mbtowc                            - Undefined Weak Reference
    _printf_truncate_signed                   - Undefined Weak Reference
    _printf_truncate_unsigned                 - Undefined Weak Reference
    _rand_init                                - Undefined Weak Reference
    _signal_finish                            - Undefined Weak Reference
    _signal_init                              - Undefined Weak Reference
    _terminate_alloc                          - Undefined Weak Reference
    _terminate_user_alloc                     - Undefined Weak Reference
    _terminateio                              - Undefined Weak Reference
    __Vectors_Size                           0x00000188   Number         0  startup_stm32f407xx.o ABSOLUTE
    __RL_RTX_VER                             0x00000482   Number         0  rt_system.o ABSOLUTE
    __Vectors                                0x08040000   Data           4  startup_stm32f407xx.o(RESET)
    __Vectors_End                            0x08040188   Data           0  startup_stm32f407xx.o(RESET)
    __main                                   0x08040189   Thumb Code     8  __main.o(!!!main)
    __scatterload                            0x08040191   Thumb Code     0  __scatter.o(!!!scatter)
    __scatterload_rt2                        0x08040191   Thumb Code    44  __scatter.o(!!!scatter)
    __scatterload_rt2_thumb_only             0x08040191   Thumb Code     0  __scatter.o(!!!scatter)
    __scatterload_null                       0x0804019f   Thumb Code     0  __scatter.o(!!!scatter)
    __scatterload_copy                       0x080401c5   Thumb Code    26  __scatter_copy.o(!!handler_copy)
    __scatterload_zeroinit                   0x080401e1   Thumb Code    28  __scatter_zi.o(!!handler_zi)
    __rt_lib_init                            0x080401fd   Thumb Code     0  libinit.o(.ARM.Collect$$libinit$$00000000)
    __rt_lib_init_fp_1                       0x080401ff   Thumb Code     0  libinit2.o(.ARM.Collect$$libinit$$00000001)
    __rt_lib_init_alloca_1                   0x08040203   Thumb Code     0  libinit2.o(.ARM.Collect$$libinit$$0000002E)
    __rt_lib_init_argv_1                     0x08040203   Thumb Code     0  libinit2.o(.ARM.Collect$$libinit$$0000002C)
    __rt_lib_init_atexit_1                   0x08040203   Thumb Code     0  libinit2.o(.ARM.Collect$$libinit$$0000001B)
    __rt_lib_init_clock_1                    0x08040203   Thumb Code     0  libinit2.o(.ARM.Collect$$libinit$$00000021)
    __rt_lib_init_cpp_1                      0x08040203   Thumb Code     0  libinit2.o(.ARM.Collect$$libinit$$00000032)
    __rt_lib_init_exceptions_1               0x08040203   Thumb Code     0  libinit2.o(.ARM.Collect$$libinit$$00000030)
    __rt_lib_init_fp_trap_1                  0x08040203   Thumb Code     0  libinit2.o(.ARM.Collect$$libinit$$0000001F)
    __rt_lib_init_getenv_1                   0x08040203   Thumb Code     0  libinit2.o(.ARM.Collect$$libinit$$00000023)
    __rt_lib_init_heap_1                     0x08040203   Thumb Code     0  libinit2.o(.ARM.Collect$$libinit$$0000000A)
    __rt_lib_init_lc_collate_1               0x08040203   Thumb Code     0  libinit2.o(.ARM.Collect$$libinit$$00000011)
    __rt_lib_init_lc_ctype_1                 0x08040203   Thumb Code     0  libinit2.o(.ARM.Collect$$libinit$$00000013)
    __rt_lib_init_lc_monetary_1              0x08040203   Thumb Code     0  libinit2.o(.ARM.Collect$$libinit$$00000015)
    __rt_lib_init_lc_numeric_1               0x08040203   Thumb Code     0  libinit2.o(.ARM.Collect$$libinit$$00000017)
    __rt_lib_init_lc_time_1                  0x08040203   Thumb Code     0  libinit2.o(.ARM.Collect$$libinit$$00000019)
    __rt_lib_init_preinit_1                  0x08040203   Thumb Code     0  libinit2.o(.ARM.Collect$$libinit$$00000004)
    __rt_lib_init_rand_1                     0x08040203   Thumb Code     0  libinit2.o(.ARM.Collect$$libinit$$0000000E)
    __rt_lib_init_return                     0x08040203   Thumb Code     0  libinit2.o(.ARM.Collect$$libinit$$00000033)
    __rt_lib_init_signal_1                   0x08040203   Thumb Code     0  libinit2.o(.ARM.Collect$$libinit$$0000001D)
    __rt_lib_init_stdio_1                    0x08040203   Thumb Code     0  libinit2.o(.ARM.Collect$$libinit$$00000025)
    __rt_lib_init_user_alloc_1               0x08040203   Thumb Code     0  libinit2.o(.ARM.Collect$$libinit$$0000000C)
    __rt_lib_shutdown                        0x08040205   Thumb Code     0  libshutdown.o(.ARM.Collect$$libshutdown$$00000000)
    __rt_lib_shutdown_cpp_1                  0x08040207   Thumb Code     0  libshutdown2.o(.ARM.Collect$$libshutdown$$00000002)
    __rt_lib_shutdown_fp_trap_1              0x08040207   Thumb Code     0  libshutdown2.o(.ARM.Collect$$libshutdown$$00000007)
    __rt_lib_shutdown_heap_1                 0x08040207   Thumb Code     0  libshutdown2.o(.ARM.Collect$$libshutdown$$0000000F)
    __rt_lib_shutdown_return                 0x08040207   Thumb Code     0  libshutdown2.o(.ARM.Collect$$libshutdown$$00000010)
    __rt_lib_shutdown_signal_1               0x08040207   Thumb Code     0  libshutdown2.o(.ARM.Collect$$libshutdown$$0000000A)
    __rt_lib_shutdown_stdio_1                0x08040207   Thumb Code     0  libshutdown2.o(.ARM.Collect$$libshutdown$$00000004)
    __rt_lib_shutdown_user_alloc_1           0x08040207   Thumb Code     0  libshutdown2.o(.ARM.Collect$$libshutdown$$0000000C)
    __rt_entry                               0x08040209   Thumb Code     0  __rtentry.o(.ARM.Collect$$rtentry$$00000000)
    __rt_entry_presh_1                       0x08040209   Thumb Code     0  __rtentry2.o(.ARM.Collect$$rtentry$$00000002)
    __rt_entry_sh                            0x08040209   Thumb Code     0  __rtentry4.o(.ARM.Collect$$rtentry$$00000004)
    __rt_entry_li                            0x0804020f   Thumb Code     0  __rtentry2.o(.ARM.Collect$$rtentry$$0000000A)
    __rt_entry_postsh_1                      0x0804020f   Thumb Code     0  __rtentry2.o(.ARM.Collect$$rtentry$$00000009)
    __rt_entry_postli_1                      0x08040213   Thumb Code     0  __rtentry2.o(.ARM.Collect$$rtentry$$0000000B)
    __rt_entry_main                          0x0804021b   Thumb Code     0  __rtentry2.o(.ARM.Collect$$rtentry$$0000000D)
    __rt_exit                                0x08040223   Thumb Code     0  rtexit.o(.ARM.Collect$$rtexit$$00000000)
    __rt_exit_ls                             0x08040225   Thumb Code     0  rtexit2.o(.ARM.Collect$$rtexit$$00000003)
    __rt_exit_prels_1                        0x08040225   Thumb Code     0  rtexit2.o(.ARM.Collect$$rtexit$$00000002)
    __rt_exit_exit                           0x08040229   Thumb Code     0  rtexit2.o(.ARM.Collect$$rtexit$$00000004)
    _platform_post_lib_init                  0x08040231   Thumb Code    24  rtx_conf_cm.o(.emb_text)
    rt_set_PSP                               0x0804024d   Thumb Code     6  hal_cm4.o(.emb_text)
    rt_get_PSP                               0x08040253   Thumb Code     6  hal_cm4.o(.emb_text)
    os_set_env                               0x08040259   Thumb Code    24  hal_cm4.o(.emb_text)
    _alloc_box                               0x08040275   Thumb Code    28  hal_cm4.o(.emb_text)
    _free_box                                0x08040295   Thumb Code    28  hal_cm4.o(.emb_text)
    SVC_Handler                              0x080402b5   Thumb Code   168  hal_cm4.o(.emb_text)
    PendSV_Handler                           0x0804036d   Thumb Code    96  hal_cm4.o(.emb_text)
    SysTick_Handler                          0x080403d1   Thumb Code     8  hal_cm4.o(.emb_text)
    OS_Tick_Handler                          0x080403d9   Thumb Code    12  hal_cm4.o(.emb_text)
    Reset_Handler                            0x080403e5   Thumb Code     8  startup_stm32f407xx.o(.text)
    ADC_IRQHandler                           0x080403ff   Thumb Code     0  startup_stm32f407xx.o(.text)
    CAN1_RX0_IRQHandler                      0x080403ff   Thumb Code     0  startup_stm32f407xx.o(.text)
    CAN1_RX1_IRQHandler                      0x080403ff   Thumb Code     0  startup_stm32f407xx.o(.text)
    CAN1_SCE_IRQHandler                      0x080403ff   Thumb Code     0  startup_stm32f407xx.o(.text)
    CAN1_TX_IRQHandler                       0x080403ff   Thumb Code     0  startup_stm32f407xx.o(.text)
    CAN2_RX0_IRQHandler                      0x080403ff   Thumb Code     0  startup_stm32f407xx.o(.text)
    CAN2_RX1_IRQHandler                      0x080403ff   Thumb Code     0  startup_stm32f407xx.o(.text)
    CAN2_SCE_IRQHandler                      0x080403ff   Thumb Code     0  startup_stm32f407xx.o(.text)
    CAN2_TX_IRQHandler                       0x080403ff   Thumb Code     0  startup_stm32f407xx.o(.text)
    DCMI_IRQHandler                          0x080403ff   Thumb Code     0  startup_stm32f407xx.o(.text)
    DMA1_Stream0_IRQHandler                  0x080403ff   Thumb Code     0  startup_stm32f407xx.o(.text)
    DMA1_Stream1_IRQHandler                  0x080403ff   Thumb Code     0  startup_stm32f407xx.o(.text)
    DMA1_Stream2_IRQHandler                  0x080403ff   Thumb Code     0  startup_stm32f407xx.o(.text)
    DMA1_Stream3_IRQHandler                  0x080403ff   Thumb Code     0  startup_stm32f407xx.o(.text)
    DMA1_Stream4_IRQHandler                  0x080403ff   Thumb Code     0  startup_stm32f407xx.o(.text)
    DMA1_Stream5_IRQHandler                  0x080403ff   Thumb Code     0  startup_stm32f407xx.o(.text)
    DMA1_Stream6_IRQHandler                  0x080403ff   Thumb Code     0  startup_stm32f407xx.o(.text)
    DMA1_Stream7_IRQHandler                  0x080403ff   Thumb Code     0  startup_stm32f407xx.o(.text)
    DMA2_Stream1_IRQHandler                  0x080403ff   Thumb Code     0  startup_stm32f407xx.o(.text)
    DMA2_Stream2_IRQHandler                  0x080403ff   Thumb Code     0  startup_stm32f407xx.o(.text)
    DMA2_Stream3_IRQHandler                  0x080403ff   Thumb Code     0  startup_stm32f407xx.o(.text)
    DMA2_Stream4_IRQHandler                  0x080403ff   Thumb Code     0  startup_stm32f407xx.o(.text)
    DMA2_Stream5_IRQHandler                  0x080403ff   Thumb Code     0  startup_stm32f407xx.o(.text)
    DMA2_Stream6_IRQHandler                  0x080403ff   Thumb Code     0  startup_stm32f407xx.o(.text)
    DMA2_Stream7_IRQHandler                  0x080403ff   Thumb Code     0  startup_stm32f407xx.o(.text)
    ETH_IRQHandler                           0x080403ff   Thumb Code     0  startup_stm32f407xx.o(.text)
    ETH_WKUP_IRQHandler                      0x080403ff   Thumb Code     0  startup_stm32f407xx.o(.text)
    EXTI0_IRQHandler                         0x080403ff   Thumb Code     0  startup_stm32f407xx.o(.text)
    EXTI15_10_IRQHandler                     0x080403ff   Thumb Code     0  startup_stm32f407xx.o(.text)
    EXTI1_IRQHandler                         0x080403ff   Thumb Code     0  startup_stm32f407xx.o(.text)
    EXTI2_IRQHandler                         0x080403ff   Thumb Code     0  startup_stm32f407xx.o(.text)
    EXTI3_IRQHandler                         0x080403ff   Thumb Code     0  startup_stm32f407xx.o(.text)
    EXTI4_IRQHandler                         0x080403ff   Thumb Code     0  startup_stm32f407xx.o(.text)
    EXTI9_5_IRQHandler                       0x080403ff   Thumb Code     0  startup_stm32f407xx.o(.text)
    FLASH_IRQHandler                         0x080403ff   Thumb Code     0  startup_stm32f407xx.o(.text)
    FMC_IRQHandler                           0x080403ff   Thumb Code     0  startup_stm32f407xx.o(.text)
    FPU_IRQHandler                           0x080403ff   Thumb Code     0  startup_stm32f407xx.o(.text)
    HASH_RNG_IRQHandler                      0x080403ff   Thumb Code     0  startup_stm32f407xx.o(.text)
    I2C1_ER_IRQHandler                       0x080403ff   Thumb Code     0  startup_stm32f407xx.o(.text)
    I2C1_EV_IRQHandler                       0x080403ff   Thumb Code     0  startup_stm32f407xx.o(.text)
    I2C2_ER_IRQHandler                       0x080403ff   Thumb Code     0  startup_stm32f407xx.o(.text)
    I2C2_EV_IRQHandler                       0x080403ff   Thumb Code     0  startup_stm32f407xx.o(.text)
    I2C3_ER_IRQHandler                       0x080403ff   Thumb Code     0  startup_stm32f407xx.o(.text)
    I2C3_EV_IRQHandler                       0x080403ff   Thumb Code     0  startup_stm32f407xx.o(.text)
    OTG_FS_IRQHandler                        0x080403ff   Thumb Code     0  startup_stm32f407xx.o(.text)
    OTG_FS_WKUP_IRQHandler                   0x080403ff   Thumb Code     0  startup_stm32f407xx.o(.text)
    OTG_HS_EP1_IN_IRQHandler                 0x080403ff   Thumb Code     0  startup_stm32f407xx.o(.text)
    OTG_HS_EP1_OUT_IRQHandler                0x080403ff   Thumb Code     0  startup_stm32f407xx.o(.text)
    OTG_HS_IRQHandler                        0x080403ff   Thumb Code     0  startup_stm32f407xx.o(.text)
    OTG_HS_WKUP_IRQHandler                   0x080403ff   Thumb Code     0  startup_stm32f407xx.o(.text)
    PVD_IRQHandler                           0x080403ff   Thumb Code     0  startup_stm32f407xx.o(.text)
    RCC_IRQHandler                           0x080403ff   Thumb Code     0  startup_stm32f407xx.o(.text)
    RTC_Alarm_IRQHandler                     0x080403ff   Thumb Code     0  startup_stm32f407xx.o(.text)
    RTC_WKUP_IRQHandler                      0x080403ff   Thumb Code     0  startup_stm32f407xx.o(.text)
    SDIO_IRQHandler                          0x080403ff   Thumb Code     0  startup_stm32f407xx.o(.text)
    SPI1_IRQHandler                          0x080403ff   Thumb Code     0  startup_stm32f407xx.o(.text)
    SPI2_IRQHandler                          0x080403ff   Thumb Code     0  startup_stm32f407xx.o(.text)
    SPI3_IRQHandler                          0x080403ff   Thumb Code     0  startup_stm32f407xx.o(.text)
    TAMP_STAMP_IRQHandler                    0x080403ff   Thumb Code     0  startup_stm32f407xx.o(.text)
    TIM1_BRK_TIM9_IRQHandler                 0x080403ff   Thumb Code     0  startup_stm32f407xx.o(.text)
    TIM1_CC_IRQHandler                       0x080403ff   Thumb Code     0  startup_stm32f407xx.o(.text)
    TIM1_TRG_COM_TIM11_IRQHandler            0x080403ff   Thumb Code     0  startup_stm32f407xx.o(.text)
    TIM1_UP_TIM10_IRQHandler                 0x080403ff   Thumb Code     0  startup_stm32f407xx.o(.text)
    TIM2_IRQHandler                          0x080403ff   Thumb Code     0  startup_stm32f407xx.o(.text)
    TIM3_IRQHandler                          0x080403ff   Thumb Code     0  startup_stm32f407xx.o(.text)
    TIM4_IRQHandler                          0x080403ff   Thumb Code     0  startup_stm32f407xx.o(.text)
    TIM5_IRQHandler                          0x080403ff   Thumb Code     0  startup_stm32f407xx.o(.text)
    TIM6_DAC_IRQHandler                      0x080403ff   Thumb Code     0  startup_stm32f407xx.o(.text)
    TIM7_IRQHandler                          0x080403ff   Thumb Code     0  startup_stm32f407xx.o(.text)
    TIM8_BRK_TIM12_IRQHandler                0x080403ff   Thumb Code     0  startup_stm32f407xx.o(.text)
    TIM8_CC_IRQHandler                       0x080403ff   Thumb Code     0  startup_stm32f407xx.o(.text)
    TIM8_TRG_COM_TIM14_IRQHandler            0x080403ff   Thumb Code     0  startup_stm32f407xx.o(.text)
    TIM8_UP_TIM13_IRQHandler                 0x080403ff   Thumb Code     0  startup_stm32f407xx.o(.text)
    UART4_IRQHandler                         0x080403ff   Thumb Code     0  startup_stm32f407xx.o(.text)
    USART2_IRQHandler                        0x080403ff   Thumb Code     0  startup_stm32f407xx.o(.text)
    USART3_IRQHandler                        0x080403ff   Thumb Code     0  startup_stm32f407xx.o(.text)
    USART6_IRQHandler                        0x080403ff   Thumb Code     0  startup_stm32f407xx.o(.text)
    WWDG_IRQHandler                          0x080403ff   Thumb Code     0  startup_stm32f407xx.o(.text)
    __user_initial_stackheap                 0x08040401   Thumb Code     0  startup_stm32f407xx.o(.text)
    __user_libspace                          0x08040425   Thumb Code     8  libspace.o(.text)
    __user_perproc_libspace                  0x08040425   Thumb Code     0  libspace.o(.text)
    __aeabi_uldivmod                         0x0804042d   Thumb Code     0  lludivv7m.o(.text)
    _ll_udiv                                 0x0804042d   Thumb Code   238  lludivv7m.o(.text)
    exit                                     0x0804051b   Thumb Code    18  exit.o(.text)
    strlen                                   0x0804052d   Thumb Code    62  strlen.o(.text)
    __aeabi_memcpy                           0x0804056b   Thumb Code     0  rt_memcpy_v6.o(.text)
    __rt_memcpy                              0x0804056b   Thumb Code   138  rt_memcpy_v6.o(.text)
    _memcpy_lastbytes                        0x080405d1   Thumb Code     0  rt_memcpy_v6.o(.text)
    strncpy                                  0x080405f5   Thumb Code    86  strncpy.o(.text)
    __use_two_region_memory                  0x0804064b   Thumb Code     2  heapauxi.o(.text)
    __rt_heap_escrow$2region                 0x0804064d   Thumb Code     2  heapauxi.o(.text)
    __rt_heap_expand$2region                 0x0804064f   Thumb Code     2  heapauxi.o(.text)
    __aeabi_memcpy4                          0x08040651   Thumb Code     0  rt_memcpy_w.o(.text)
    __aeabi_memcpy8                          0x08040651   Thumb Code     0  rt_memcpy_w.o(.text)
    __rt_memcpy_w                            0x08040651   Thumb Code   100  rt_memcpy_w.o(.text)
    _memcpy_lastbytes_aligned                0x08040699   Thumb Code     0  rt_memcpy_w.o(.text)
    __aeabi_memclr                           0x080406b5   Thumb Code     0  rt_memclr.o(.text)
    __rt_memclr                              0x080406b5   Thumb Code    68  rt_memclr.o(.text)
    _memset                                  0x080406b9   Thumb Code     0  rt_memclr.o(.text)
    __aeabi_memclr4                          0x080406f9   Thumb Code     0  rt_memclr_w.o(.text)
    __aeabi_memclr8                          0x080406f9   Thumb Code     0  rt_memclr_w.o(.text)
    __rt_memclr_w                            0x080406f9   Thumb Code    78  rt_memclr_w.o(.text)
    _memset_w                                0x080406fd   Thumb Code     0  rt_memclr_w.o(.text)
    _sys_exit                                0x08040749   Thumb Code     8  sys_exit.o(.text)
    __user_setup_stackheap                   0x08040755   Thumb Code    74  sys_stackheap_outer.o(.text)
    __I$use$semihosting                      0x0804079f   Thumb Code     0  use_no_semi.o(.text)
    __use_no_semihosting_swi                 0x0804079f   Thumb Code     2  use_no_semi.o(.text)
    SVC_Count                                0x080407a0   Data           4  svc_table.o(SVC_TABLE)
    __semihosting_library_function           0x080407a1   Thumb Code     0  indicate_semi.o(.text)
    SVC_Table                                0x080407a4   Data           0  svc_table.o(SVC_TABLE)
    BusFault_Handler                         0x08040999   Thumb Code     4  stm32f4xx_it.o(i.BusFault_Handler)
    DMA2_Stream0_IRQHandler                  0x0804099d   Thumb Code    10  stm32f4xx_it.o(i.DMA2_Stream0_IRQHandler)
    DebugMon_Handler                         0x08040ab7   Thumb Code     2  stm32f4xx_it.o(i.DebugMon_Handler)
    HAL_ADC_ConfigChannel                    0x08040ab9   Thumb Code   380  stm32f4xx_hal_adc.o(i.HAL_ADC_ConfigChannel)
    HAL_ADC_ConvCpltCallback                 0x08040c45   Thumb Code     2  stm32f4xx_hal_adc.o(i.HAL_ADC_ConvCpltCallback)
    HAL_ADC_ConvHalfCpltCallback             0x08040c47   Thumb Code     2  stm32f4xx_hal_adc.o(i.HAL_ADC_ConvHalfCpltCallback)
    HAL_ADC_ErrorCallback                    0x08040c49   Thumb Code     2  stm32f4xx_hal_adc.o(i.HAL_ADC_ErrorCallback)
    HAL_ADC_Init                             0x08040c4d   Thumb Code   100  stm32f4xx_hal_adc.o(i.HAL_ADC_Init)
    HAL_ADC_MspInit                          0x08040cb5   Thumb Code     2  stm32f4xx_hal_adc.o(i.HAL_ADC_MspInit)
    HAL_ADC_Start_DMA                        0x08040cb9   Thumb Code   300  stm32f4xx_hal_adc.o(i.HAL_ADC_Start_DMA)
    HAL_DMA_Abort_IT                         0x08040e01   Thumb Code    40  stm32f4xx_hal_dma.o(i.HAL_DMA_Abort_IT)
    HAL_DMA_IRQHandler                       0x08040e29   Thumb Code   570  stm32f4xx_hal_dma.o(i.HAL_DMA_IRQHandler)
    HAL_DMA_Init                             0x08041069   Thumb Code   232  stm32f4xx_hal_dma.o(i.HAL_DMA_Init)
    HAL_DMA_Start_IT                         0x08041155   Thumb Code   158  stm32f4xx_hal_dma.o(i.HAL_DMA_Start_IT)
    HAL_GPIO_Init                            0x080411f5   Thumb Code   466  stm32f4xx_hal_gpio.o(i.HAL_GPIO_Init)
    HAL_GPIO_ReadPin                         0x080413f5   Thumb Code    16  stm32f4xx_hal_gpio.o(i.HAL_GPIO_ReadPin)
    HAL_GPIO_WritePin                        0x08041405   Thumb Code    12  stm32f4xx_hal_gpio.o(i.HAL_GPIO_WritePin)
    HAL_GetTick                              0x08041411   Thumb Code     6  main.o(i.HAL_GetTick)
    HAL_Init                                 0x0804141d   Thumb Code    54  stm32f4xx_hal.o(i.HAL_Init)
    HAL_InitTick                             0x08041459   Thumb Code    64  stm32f4xx_hal.o(i.HAL_InitTick)
    HAL_MspInit                              0x080414a5   Thumb Code    86  stm32f4xx_hal_msp.o(i.HAL_MspInit)
    HAL_NVIC_EnableIRQ                       0x080414fb   Thumb Code    32  stm32f4xx_hal_cortex.o(i.HAL_NVIC_EnableIRQ)
    HAL_NVIC_SetPriority                     0x0804151b   Thumb Code   124  stm32f4xx_hal_cortex.o(i.HAL_NVIC_SetPriority)
    HAL_NVIC_SetPriorityGrouping             0x08041599   Thumb Code    32  stm32f4xx_hal_cortex.o(i.HAL_NVIC_SetPriorityGrouping)
    HAL_RCC_ClockConfig                      0x080415c1   Thumb Code   366  stm32f4xx_hal_rcc.o(i.HAL_RCC_ClockConfig)
    HAL_RCC_GetHCLKFreq                      0x08041741   Thumb Code     6  stm32f4xx_hal_rcc.o(i.HAL_RCC_GetHCLKFreq)
    HAL_RCC_GetPCLK1Freq                     0x0804174d   Thumb Code    22  stm32f4xx_hal_rcc.o(i.HAL_RCC_GetPCLK1Freq)
    HAL_RCC_GetPCLK2Freq                     0x0804176d   Thumb Code    22  stm32f4xx_hal_rcc.o(i.HAL_RCC_GetPCLK2Freq)
    HAL_RCC_GetSysClockFreq                  0x0804178d   Thumb Code   162  stm32f4xx_hal_rcc.o(i.HAL_RCC_GetSysClockFreq)
    HAL_RCC_OscConfig                        0x0804183d   Thumb Code  1086  stm32f4xx_hal_rcc.o(i.HAL_RCC_OscConfig)
    HAL_SYSTICK_Config                       0x08041c85   Thumb Code    52  stm32f4xx_hal_cortex.o(i.HAL_SYSTICK_Config)
    HAL_TIMEx_MasterConfigSynchronization    0x08041cb9   Thumb Code    98  stm32f4xx_hal_tim_ex.o(i.HAL_TIMEx_MasterConfigSynchronization)
    HAL_TIM_PWM_ConfigChannel                0x08041d1b   Thumb Code   264  stm32f4xx_hal_tim.o(i.HAL_TIM_PWM_ConfigChannel)
    HAL_TIM_PWM_Init                         0x08041e23   Thumb Code    52  stm32f4xx_hal_tim.o(i.HAL_TIM_PWM_Init)
    HAL_TIM_PWM_MspInit                      0x08041e59   Thumb Code   212  stm32f4xx_hal_msp.o(i.HAL_TIM_PWM_MspInit)
    HAL_TIM_PWM_Start                        0x08041f45   Thumb Code    68  stm32f4xx_hal_tim.o(i.HAL_TIM_PWM_Start)
    HAL_TIM_PWM_Stop                         0x08041f91   Thumb Code   126  stm32f4xx_hal_tim.o(i.HAL_TIM_PWM_Stop)
    HAL_UART_ErrorCallback                   0x08042019   Thumb Code     2  stm32f4xx_hal_uart.o(i.HAL_UART_ErrorCallback)
    HAL_UART_IRQHandler                      0x0804201d   Thumb Code   326  stm32f4xx_hal_uart.o(i.HAL_UART_IRQHandler)
    HAL_UART_Init                            0x08042169   Thumb Code   114  stm32f4xx_hal_uart.o(i.HAL_UART_Init)
    HAL_UART_MspInit                         0x080421dd   Thumb Code   248  stm32f4xx_hal_msp.o(i.HAL_UART_MspInit)
    HAL_UART_Receive_IT                      0x080422ed   Thumb Code   100  stm32f4xx_hal_uart.o(i.HAL_UART_Receive_IT)
    HAL_UART_RxCpltCallback                  0x08042351   Thumb Code   326  protocol.o(i.HAL_UART_RxCpltCallback)
    HAL_UART_Transmit_IT                     0x080424b9   Thumb Code    88  stm32f4xx_hal_uart.o(i.HAL_UART_Transmit_IT)
    HAL_UART_TxCpltCallback                  0x08042511   Thumb Code    30  uart_debug.o(i.HAL_UART_TxCpltCallback)
    HardFault_Handler                        0x08042541   Thumb Code     4  stm32f4xx_it.o(i.HardFault_Handler)
    Init_GPIO_servo_pwr                      0x08042545   Thumb Code    52  timer.o(i.Init_GPIO_servo_pwr)
    MX_TIMER_Init                            0x0804257d   Thumb Code   524  timer.o(i.MX_TIMER_Init)
    MemManage_Handler                        0x080427b9   Thumb Code     4  stm32f4xx_it.o(i.MemManage_Handler)
    NMI_Handler                              0x080427bd   Thumb Code     2  stm32f4xx_it.o(i.NMI_Handler)
    Package_Calculator_checksum              0x080427bf   Thumb Code    32  protocol.o(i.Package_Calculator_checksum)
    Package_check_checksum                   0x080427df   Thumb Code    26  protocol.o(i.Package_check_checksum)
    Robotic_ADC_Init                         0x080427f9   Thumb Code   290  adc.o(i.Robotic_ADC_Init)
    Robotic_gpio_input                       0x08042939   Thumb Code    52  adc.o(i.Robotic_gpio_input)
    SystemClock_Config                       0x08042971   Thumb Code   144  main.o(i.SystemClock_Config)
    SystemCoreClockUpdate                    0x08042a09   Thumb Code   170  system_stm32f4xx.o(i.SystemCoreClockUpdate)
    SystemInit                               0x08042ac9   Thumb Code    80  system_stm32f4xx.o(i.SystemInit)
    TIM_Base_SetConfig                       0x08042b2d   Thumb Code   184  stm32f4xx_hal_tim.o(i.TIM_Base_SetConfig)
    TIM_CCxChannelCmd                        0x08042c11   Thumb Code    28  stm32f4xx_hal_tim.o(i.TIM_CCxChannelCmd)
    TIM_OC2_SetConfig                        0x08042c9d   Thumb Code   112  stm32f4xx_hal_tim.o(i.TIM_OC2_SetConfig)
    UART5_IRQHandler                         0x08042ded   Thumb Code    10  stm32f4xx_it.o(i.UART5_IRQHandler)
    USART1_IRQHandler                        0x080432bd   Thumb Code    10  stm32f4xx_it.o(i.USART1_IRQHandler)
    USB_send_respond_package                 0x080432cd   Thumb Code   484  protocol.o(i.USB_send_respond_package)
    UsageFault_Handler                       0x080434d5   Thumb Code     4  stm32f4xx_it.o(i.UsageFault_Handler)
    _init_box                                0x08043511   Thumb Code    70  rt_membox.o(i._init_box)
    _mutex_acquire                           0x08043559   Thumb Code    22  rtx_conf_cm.o(i._mutex_acquire)
    _mutex_release                           0x08043579   Thumb Code    18  rtx_conf_cm.o(i._mutex_release)
    chose_timer_config                       0x08043595   Thumb Code   394  timer.o(i.chose_timer_config)
    control_servo_motor                      0x08043739   Thumb Code    46  timer.o(i.control_servo_motor)
    ctrl_pwm_duty                            0x0804376d   Thumb Code   158  timer.o(i.ctrl_pwm_duty)
    dbg_init                                 0x08043821   Thumb Code    34  hal_cm.o(i.dbg_init)
    dbg_task_notify                          0x08043851   Thumb Code    32  hal_cm.o(i.dbg_task_notify)
    dbg_task_switch                          0x08043871   Thumb Code    16  hal_cm.o(i.dbg_task_switch)
    gpio_clock_init                          0x08043881   Thumb Code   186  main.o(i.gpio_clock_init)
    init_pwm_init_parameter                  0x08043941   Thumb Code   140  timer.o(i.init_pwm_init_parameter)
    isrMessageGet                            0x080439d9   Thumb Code    42  rt_cmsis.o(i.isrMessageGet)
    isrMessagePut                            0x08043a03   Thumb Code    44  rt_cmsis.o(i.isrMessagePut)
    isr_mbx_receive                          0x08043a31   Thumb Code    86  rt_mailbox.o(i.isr_mbx_receive)
    isr_mbx_send                             0x08043a87   Thumb Code    14  rt_mailbox.o(i.isr_mbx_send)
    machine_init                             0x08043a95   Thumb Code   110  protocol.o(i.machine_init)
    main                                     0x08043b45   Thumb Code   208  main.o(i.main)
    on_off_pwR                               0x08043c3d   Thumb Code    28  timer.o(i.on_off_pwR)
    on_off_pwm                               0x08043c5d   Thumb Code   720  timer.o(i.on_off_pwm)
    osDelay                                  0x08043f45   Thumb Code    18  rt_cmsis.o(i.osDelay)
    osKernelInitialize                       0x08043f5d   Thumb Code    30  rt_cmsis.o(i.osKernelInitialize)
    osKernelStart                            0x08043f81   Thumb Code    98  rt_cmsis.o(i.osKernelStart)
    osMessageGet                             0x08043fed   Thumb Code    18  rt_cmsis.o(i.osMessageGet)
    osThreadCreate                           0x08044005   Thumb Code    36  rt_cmsis.o(i.osThreadCreate)
    osThreadExit                             0x08044031   Thumb Code    14  rt_cmsis.o(i.osThreadExit)
    osTimerCall                              0x08044049   Thumb Code     8  rt_cmsis.o(i.osTimerCall)
    osTimerThread                            0x08044055   Thumb Code    38  rt_cmsis.o(i.osTimerThread)
    os_error                                 0x08044081   Thumb Code    34  rtx_conf_cm.o(i.os_error)
    os_idle_demon                            0x080440a3   Thumb Code     4  rtx_conf_cm.o(i.os_idle_demon)
    os_tick_init                             0x080440a9   Thumb Code    32  rt_system.o(i.os_tick_init)
    os_tick_irqack                           0x080440d1   Thumb Code     2  rt_system.o(i.os_tick_irqack)
    process_data_input                       0x080440d5   Thumb Code   380  protocol.o(i.process_data_input)
    process_function                         0x080442ad   Thumb Code     8  main.o(i.process_function)
    read_current_duty_cycle                  0x080442b5   Thumb Code    98  timer.o(i.read_current_duty_cycle)
    rt_alloc_box                             0x08044325   Thumb Code    26  rt_membox.o(i.rt_alloc_box)
    rt_alloc_mem                             0x0804433f   Thumb Code    62  rt_memory.o(i.rt_alloc_mem)
    rt_block                                 0x0804437d   Thumb Code    48  rt_task.o(i.rt_block)
    rt_chk_robin                             0x080443b5   Thumb Code    60  rt_robin.o(i.rt_chk_robin)
    rt_dec_dly                               0x080443fd   Thumb Code   102  rt_list.o(i.rt_dec_dly)
    rt_dispatch                              0x0804446d   Thumb Code    60  rt_task.o(i.rt_dispatch)
    rt_dly_wait                              0x080444b1   Thumb Code     6  rt_time.o(i.rt_dly_wait)
    rt_evt_psh                               0x080444b9   Thumb Code    76  rt_event.o(i.rt_evt_psh)
    rt_free_box                              0x08044509   Thumb Code    44  rt_membox.o(i.rt_free_box)
    rt_free_mem                              0x08044535   Thumb Code    40  rt_memory.o(i.rt_free_mem)
    rt_get_first                             0x0804455d   Thumb Code    40  rt_list.o(i.rt_get_first)
    rt_init_mem                              0x080445d5   Thumb Code    26  rt_memory.o(i.rt_init_mem)
    rt_init_robin                            0x080445f1   Thumb Code    14  rt_robin.o(i.rt_init_robin)
    rt_init_stack                            0x08044609   Thumb Code   118  hal_cm.o(i.rt_init_stack)
    rt_mbx_check                             0x08044689   Thumb Code     8  rt_mailbox.o(i.rt_mbx_check)
    rt_mbx_init                              0x08044691   Thumb Code    26  rt_mailbox.o(i.rt_mbx_init)
    rt_mbx_psh                               0x080446ad   Thumb Code   236  rt_mailbox.o(i.rt_mbx_psh)
    rt_mbx_wait                              0x0804479d   Thumb Code   174  rt_mailbox.o(i.rt_mbx_wait)
    rt_mut_release                           0x08044895   Thumb Code   208  rt_mutex.o(i.rt_mut_release)
    rt_mut_wait                              0x0804496d   Thumb Code   114  rt_mutex.o(i.rt_mut_wait)
    rt_pop_req                               0x080449e5   Thumb Code   112  rt_system.o(i.rt_pop_req)
    rt_psh_req                               0x08044a61   Thumb Code    22  rt_system.o(i.rt_psh_req)
    rt_psq_enq                               0x08044a81   Thumb Code    88  rt_list.o(i.rt_psq_enq)
    rt_put_dly                               0x08044add   Thumb Code    68  rt_list.o(i.rt_put_dly)
    rt_put_prio                              0x08044b25   Thumb Code    54  rt_list.o(i.rt_put_prio)
    rt_put_rdy_first                         0x08044b5d   Thumb Code    14  rt_list.o(i.rt_put_rdy_first)
    rt_resort_prio                           0x08044b71   Thumb Code    46  rt_list.o(i.rt_resort_prio)
    rt_ret_val                               0x08044bb5   Thumb Code    12  hal_cm.o(i.rt_ret_val)
    rt_ret_val2                              0x08044bc1   Thumb Code    16  hal_cm.o(i.rt_ret_val2)
    rt_rmv_dly                               0x08044bd1   Thumb Code    40  rt_list.o(i.rt_rmv_dly)
    rt_rmv_list                              0x08044bf9   Thumb Code    44  rt_list.o(i.rt_rmv_list)
    rt_sem_psh                               0x08044c29   Thumb Code    48  rt_semaphore.o(i.rt_sem_psh)
    rt_stk_check                             0x08044c5d   Thumb Code    28  rt_system.o(i.rt_stk_check)
    rt_switch_req                            0x08044c81   Thumb Code    30  rt_task.o(i.rt_switch_req)
    rt_sys_init                              0x08044ca9   Thumb Code   138  rt_task.o(i.rt_sys_init)
    rt_sys_start                             0x08044d75   Thumb Code   110  rt_task.o(i.rt_sys_start)
    rt_systick                               0x08044ded   Thumb Code    50  rt_system.o(i.rt_systick)
    rt_tsk_create                            0x08044e75   Thumb Code   118  rt_task.o(i.rt_tsk_create)
    rt_tsk_delete                            0x08044efd   Thumb Code   352  rt_task.o(i.rt_tsk_delete)
    rt_tsk_prio                              0x08045079   Thumb Code   108  rt_task.o(i.rt_tsk_prio)
    rt_tsk_self                              0x080450f5   Thumb Code    12  rt_task.o(i.rt_tsk_self)
    send_debugging_data                      0x08045105   Thumb Code    24  uart_debug.o(i.send_debugging_data)
    send_response_data                       0x08045121   Thumb Code    24  uart_debug.o(i.send_response_data)
    svcDelay                                 0x08045141   Thumb Code    18  rt_cmsis.o(i.svcDelay)
    svcKernelInitialize                      0x08045155   Thumb Code    80  rt_cmsis.o(i.svcKernelInitialize)
    svcKernelStart                           0x080451c5   Thumb Code    62  rt_cmsis.o(i.svcKernelStart)
    svcMessageCreate                         0x0804520d   Thumb Code    36  rt_cmsis.o(i.svcMessageCreate)
    svcMessageGet                            0x08045231   Thumb Code    58  rt_cmsis.o(i.svcMessageGet)
    svcThreadCreate                          0x0804526d   Thumb Code    96  rt_cmsis.o(i.svcThreadCreate)
    svcThreadGetId                           0x080452d9   Thumb Code    22  rt_cmsis.o(i.svcThreadGetId)
    svcThreadTerminate                       0x080452f5   Thumb Code    50  rt_cmsis.o(i.svcThreadTerminate)
    svcTimerCall                             0x0804532d   Thumb Code    24  rt_cmsis.o(i.svcTimerCall)
    sysTimerTick                             0x08045345   Thumb Code    84  rt_cmsis.o(i.sysTimerTick)
    system_resetMCU                          0x080453a1   Thumb Code    60  main.o(i.system_resetMCU)
    uart_debug_init                          0x080453e5   Thumb Code   102  uart_debug.o(i.uart_debug_init)
    uart_pc_init                             0x08045459   Thumb Code    40  uart_debug.o(i.uart_pc_init)
    update_gripper_parameter                 0x08045489   Thumb Code   172  protocol.o(i.update_gripper_parameter)
    update_gripper_phone_status              0x0804553d   Thumb Code    60  adc.o(i.update_gripper_phone_status)
    update_gripper_servo_linear_type_1_position 0x08045581   Thumb Code   216  timer.o(i.update_gripper_servo_linear_type_1_position)
    update_gripper_servo_linear_type_2_position 0x0804566d   Thumb Code   230  timer.o(i.update_gripper_servo_linear_type_2_position)
    update_gripper_servo_position            0x08045769   Thumb Code   358  timer.o(i.update_gripper_servo_position)
    update_gripper_servo_power               0x080458e1   Thumb Code   224  protocol.o(i.update_gripper_servo_power)
    _fp_init                                 0x080459c9   Thumb Code    10  fpinit.o(x$fpl$fpinit)
    __fplib_config_fpu_vfp                   0x080459d1   Thumb Code     0  fpinit.o(x$fpl$fpinit)
    __fplib_config_pureend_doubles           0x080459d1   Thumb Code     0  fpinit.o(x$fpl$fpinit)
    os_maxtaskrun                            0x08045e14   Data           2  rtx_conf_cm.o(.constdata)
    os_stackinfo                             0x08045e18   Data           4  rtx_conf_cm.o(.constdata)
    os_rrobin                                0x08045e1c   Data           4  rtx_conf_cm.o(.constdata)
    os_tickfreq                              0x08045e20   Data           4  rtx_conf_cm.o(.constdata)
    os_tickus_i                              0x08045e24   Data           2  rtx_conf_cm.o(.constdata)
    os_tickus_f                              0x08045e26   Data           2  rtx_conf_cm.o(.constdata)
    os_trv                                   0x08045e28   Data           4  rtx_conf_cm.o(.constdata)
    os_flags                                 0x08045e2c   Data           1  rtx_conf_cm.o(.constdata)
    CMSIS_RTOS_API_Version                   0x08045e30   Data           4  rtx_conf_cm.o(.constdata)
    CMSIS_RTOS_RTX_Version                   0x08045e34   Data           4  rtx_conf_cm.o(.constdata)
    os_clockrate                             0x08045e38   Data           4  rtx_conf_cm.o(.constdata)
    os_timernum                              0x08045e3c   Data           4  rtx_conf_cm.o(.constdata)
    mp_tcb_size                              0x08045e40   Data           2  rtx_conf_cm.o(.constdata)
    mp_stk_size                              0x08045e44   Data           4  rtx_conf_cm.o(.constdata)
    os_stack_sz                              0x08045e48   Data           4  rtx_conf_cm.o(.constdata)
    os_fifo_size                             0x08045e4c   Data           1  rtx_conf_cm.o(.constdata)
    os_thread_def_osTimerThread              0x08045e50   Data          16  rtx_conf_cm.o(.constdata)
    os_messageQ_def_osTimerMessageQ          0x08045e60   Data           8  rtx_conf_cm.o(.constdata)
    mp_tmr_size                              0x08045e68   Data           2  rtx_conf_cm.o(.constdata)
    os_thread_def_main                       0x08045e6c   Data          16  rtx_conf_cm.o(.constdata)
    AHBPrescTable                            0x08045e84   Data          16  system_stm32f4xx.o(.constdata)
    APBPrescTable                            0x08045e94   Data           8  system_stm32f4xx.o(.constdata)
    Region$$Table$$Base                      0x08045e9c   Number         0  anon$$obj.o(Region$$Table)
    Region$$Table$$Limit                     0x08045ebc   Number         0  anon$$obj.o(Region$$Table)
    start_process                            0x20000000   Data           1  main.o(.data)
    start_PWM                                0x20000001   Data           1  main.o(.data)
    count_to_control_servo                   0x20000002   Data           2  main.o(.data)
    uart_pc                                  0x20000004   Data           4  protocol.o(.data)
    get_cmd_stt                              0x20000008   Data           1  protocol.o(.data)
    check_phone_in                           0x20000009   Data           3  protocol.o(.data)
    get_param_control_pwR_motor              0x2000000c   Data           5  protocol.o(.data)
    check_motor_linear_status                0x20000011   Data           8  protocol.o(.data)
    getIndex                                 0x2000001a   Data           2  protocol.o(.data)
    card_stt                                 0x2000001c   Data           1  protocol.o(.data)
    tickstart                                0x20000020   Data           4  protocol.o(.data)
    ticksByte                                0x20000024   Data           4  protocol.o(.data)
    rxBuf                                    0x20000028   Data           1  protocol.o(.data)
    Upgrade_begin                            0x20000029   Data           8  protocol.o(.data)
    adc                                      0x20000032   Data           8  timer.o(.data)
    sent_flag                                0x2000003a   Data           1  uart_debug.o(.data)
    osThreadId_osTimerThread                 0x2000003c   Data           4  rtx_conf_cm.o(.data)
    osMessageQId_osTimerMessageQ             0x20000040   Data           4  rtx_conf_cm.o(.data)
    os_tmr                                   0x20000044   Data           4  rtx_conf_cm.o(.data)
    m_tmr                                    0x20000048   Data           4  rtx_conf_cm.o(.data)
    uwTick                                   0x20000050   Data           4  stm32f4xx_hal.o(.data)
    uwTickPrio                               0x20000054   Data           4  stm32f4xx_hal.o(.data)
    uwTickFreq                               0x20000058   Data           1  stm32f4xx_hal.o(.data)
    SystemCoreClock                          0x2000005c   Data           4  system_stm32f4xx.o(.data)
    os_initialized                           0x20000060   Data           1  rt_cmsis.o(.data)
    os_running                               0x20000061   Data           1  rt_cmsis.o(.data)
    os_timer_head                            0x20000064   Data           4  rt_cmsis.o(.data)
    os_tsk                                   0x20000068   Data           8  rt_task.o(.data)
    os_time                                  0x20000070   Data           4  rt_time.o(.data)
    os_tick_irqn                             0x20000078   Data           4  rt_system.o(.data)
    os_robin                                 0x2000007c   Data           8  rt_robin.o(.data)
    dbg_msg                                  0x20000084   Data           1  hal_cm.o(.data)
    hadc1                                    0x20000088   Data          72  adc.o(.bss)
    hdma_adc1                                0x200000d0   Data          96  adc.o(.bss)
    adc_value                                0x20000130   Data          32  adc.o(.bss)
    usart1_pc_handel                         0x20000150   Data          64  main.o(.bss)
    uart_debug                               0x20000190   Data          64  main.o(.bss)
    USB_Input_packet                         0x200001d0   Data         520  protocol.o(.bss)
    USB_Output_packet                        0x200003d8   Data         520  protocol.o(.bss)
    cmd_send                                 0x200005e0   Data         520  protocol.o(.bss)
    cmd_get                                  0x200007e8   Data         520  protocol.o(.bss)
    cmd_process                              0x200009f0   Data         520  protocol.o(.bss)
    get_control_gripper                      0x20000bf8   Data          14  protocol.o(.bss)
    gripper_param                            0x20000c06   Data          56  protocol.o(.bss)
    gripper_parameter_old                    0x20000c3e   Data          32  protocol.o(.bss)
    control_power_motor                      0x20000c5e   Data          16  protocol.o(.bss)
    current_sensor                           0x20000c6e   Data          10  protocol.o(.bss)
    read_duty_cycle                          0x20000c78   Data          18  protocol.o(.bss)
    str__                                    0x20000c8a   Data         100  protocol.o(.bss)
    data_sent                                0x20000cee   Data         520  protocol.o(.bss)
    clamp_infor                              0x20000ef6   Data          23  protocol.o(.bss)
    Upgrade_running                          0x20000f0d   Data         262  protocol.o(.bss)
    htim1                                    0x20001014   Data          60  timer.o(.bss)
    htim3                                    0x20001050   Data          60  timer.o(.bss)
    htim4                                    0x2000108c   Data          60  timer.o(.bss)
    htim8                                    0x200010c8   Data          60  timer.o(.bss)
    htim9                                    0x20001104   Data          60  timer.o(.bss)
    mp_tcb                                   0x20001140   Data         376  rtx_conf_cm.o(.bss)
    mp_stk                                   0x200012b8   Data        1016  rtx_conf_cm.o(.bss)
    os_stack_mem                             0x200016b0   Data        8536  rtx_conf_cm.o(.bss)
    os_fifo                                  0x20003808   Data         132  rtx_conf_cm.o(.bss)
    os_active_TCB                            0x2000388c   Data          28  rtx_conf_cm.o(.bss)
    os_messageQ_q_osTimerMessageQ            0x200038a8   Data          32  rtx_conf_cm.o(.bss)
    os_idle_TCB                              0x20003be8   Data          52  rt_task.o(.bss)
    os_rdy                                   0x20003c1c   Data          24  rt_list.o(.bss)
    os_dly                                   0x20003c34   Data          24  rt_list.o(.bss)
    __libspace_start                         0x20003c4c   Data          96  libspace.o(.bss)
    __temporary_stack_top$libspace           0x20003cac   Data           0  libspace.o(.bss)



==============================================================================

Memory Map of the image

  Image Entry point : 0x08040189

  Load Region LR_IROM1 (Base: 0x08040000, Size: 0x00005f44, Max: 0x00080000, ABSOLUTE)

    Execution Region ER_IROM1 (Base: 0x08040000, Size: 0x00005ebc, Max: 0x00080000, ABSOLUTE)

    Base Addr    Size         Type   Attr      Idx    E Section Name        Object

    0x08040000   0x00000188   Data   RO         3838    RESET               startup_stm32f407xx.o
    0x08040188   0x00000008   Code   RO         5169  * !!!main             c_w.l(__main.o)
    0x08040190   0x00000034   Code   RO         5347    !!!scatter          c_w.l(__scatter.o)
    0x080401c4   0x0000001a   Code   RO         5349    !!handler_copy      c_w.l(__scatter_copy.o)
    0x080401de   0x00000002   PAD
    0x080401e0   0x0000001c   Code   RO         5351    !!handler_zi        c_w.l(__scatter_zi.o)
    0x080401fc   0x00000002   Code   RO         5233    .ARM.Collect$$libinit$$00000000  c_w.l(libinit.o)
    0x080401fe   0x00000004   Code   RO         5244    .ARM.Collect$$libinit$$00000001  c_w.l(libinit2.o)
    0x08040202   0x00000000   Code   RO         5247    .ARM.Collect$$libinit$$00000004  c_w.l(libinit2.o)
    0x08040202   0x00000000   Code   RO         5250    .ARM.Collect$$libinit$$0000000A  c_w.l(libinit2.o)
    0x08040202   0x00000000   Code   RO         5252    .ARM.Collect$$libinit$$0000000C  c_w.l(libinit2.o)
    0x08040202   0x00000000   Code   RO         5254    .ARM.Collect$$libinit$$0000000E  c_w.l(libinit2.o)
    0x08040202   0x00000000   Code   RO         5257    .ARM.Collect$$libinit$$00000011  c_w.l(libinit2.o)
    0x08040202   0x00000000   Code   RO         5259    .ARM.Collect$$libinit$$00000013  c_w.l(libinit2.o)
    0x08040202   0x00000000   Code   RO         5261    .ARM.Collect$$libinit$$00000015  c_w.l(libinit2.o)
    0x08040202   0x00000000   Code   RO         5263    .ARM.Collect$$libinit$$00000017  c_w.l(libinit2.o)
    0x08040202   0x00000000   Code   RO         5265    .ARM.Collect$$libinit$$00000019  c_w.l(libinit2.o)
    0x08040202   0x00000000   Code   RO         5267    .ARM.Collect$$libinit$$0000001B  c_w.l(libinit2.o)
    0x08040202   0x00000000   Code   RO         5269    .ARM.Collect$$libinit$$0000001D  c_w.l(libinit2.o)
    0x08040202   0x00000000   Code   RO         5271    .ARM.Collect$$libinit$$0000001F  c_w.l(libinit2.o)
    0x08040202   0x00000000   Code   RO         5273    .ARM.Collect$$libinit$$00000021  c_w.l(libinit2.o)
    0x08040202   0x00000000   Code   RO         5275    .ARM.Collect$$libinit$$00000023  c_w.l(libinit2.o)
    0x08040202   0x00000000   Code   RO         5277    .ARM.Collect$$libinit$$00000025  c_w.l(libinit2.o)
    0x08040202   0x00000000   Code   RO         5281    .ARM.Collect$$libinit$$0000002C  c_w.l(libinit2.o)
    0x08040202   0x00000000   Code   RO         5283    .ARM.Collect$$libinit$$0000002E  c_w.l(libinit2.o)
    0x08040202   0x00000000   Code   RO         5285    .ARM.Collect$$libinit$$00000030  c_w.l(libinit2.o)
    0x08040202   0x00000000   Code   RO         5287    .ARM.Collect$$libinit$$00000032  c_w.l(libinit2.o)
    0x08040202   0x00000002   Code   RO         5288    .ARM.Collect$$libinit$$00000033  c_w.l(libinit2.o)
    0x08040204   0x00000002   Code   RO         5234    .ARM.Collect$$libshutdown$$00000000  c_w.l(libshutdown.o)
    0x08040206   0x00000000   Code   RO         5290    .ARM.Collect$$libshutdown$$00000002  c_w.l(libshutdown2.o)
    0x08040206   0x00000000   Code   RO         5292    .ARM.Collect$$libshutdown$$00000004  c_w.l(libshutdown2.o)
    0x08040206   0x00000000   Code   RO         5295    .ARM.Collect$$libshutdown$$00000007  c_w.l(libshutdown2.o)
    0x08040206   0x00000000   Code   RO         5298    .ARM.Collect$$libshutdown$$0000000A  c_w.l(libshutdown2.o)
    0x08040206   0x00000000   Code   RO         5300    .ARM.Collect$$libshutdown$$0000000C  c_w.l(libshutdown2.o)
    0x08040206   0x00000000   Code   RO         5303    .ARM.Collect$$libshutdown$$0000000F  c_w.l(libshutdown2.o)
    0x08040206   0x00000002   Code   RO         5304    .ARM.Collect$$libshutdown$$00000010  c_w.l(libshutdown2.o)
    0x08040208   0x00000000   Code   RO         5171    .ARM.Collect$$rtentry$$00000000  c_w.l(__rtentry.o)
    0x08040208   0x00000000   Code   RO         5192    .ARM.Collect$$rtentry$$00000002  c_w.l(__rtentry2.o)
    0x08040208   0x00000006   Code   RO         5204    .ARM.Collect$$rtentry$$00000004  c_w.l(__rtentry4.o)
    0x0804020e   0x00000000   Code   RO         5194    .ARM.Collect$$rtentry$$00000009  c_w.l(__rtentry2.o)
    0x0804020e   0x00000004   Code   RO         5195    .ARM.Collect$$rtentry$$0000000A  c_w.l(__rtentry2.o)
    0x08040212   0x00000008   Code   RO         5196    .ARM.Collect$$rtentry$$0000000B  c_w.l(__rtentry2.o)
    0x0804021a   0x00000008   Code   RO         5198    .ARM.Collect$$rtentry$$0000000D  c_w.l(__rtentry2.o)
    0x08040222   0x00000002   Code   RO         5172    .ARM.Collect$$rtexit$$00000000  c_w.l(rtexit.o)
    0x08040224   0x00000000   Code   RO         5207    .ARM.Collect$$rtexit$$00000002  c_w.l(rtexit2.o)
    0x08040224   0x00000004   Code   RO         5208    .ARM.Collect$$rtexit$$00000003  c_w.l(rtexit2.o)
    0x08040228   0x00000006   Code   RO         5209    .ARM.Collect$$rtexit$$00000004  c_w.l(rtexit2.o)
    0x0804022e   0x00000002   PAD
    0x08040230   0x0000001c   Code   RO          779    .emb_text           rtx_conf_cm.o
    0x0804024c   0x00000198   Code   RO         5080    .emb_text           RTX_CM4.lib(hal_cm4.o)
    0x080403e4   0x00000040   Code   RO         3839    .text               startup_stm32f407xx.o
    0x08040424   0x00000008   Code   RO         5095    .text               c_w.l(libspace.o)
    0x0804042c   0x000000ee   Code   RO         5098    .text               c_w.l(lludivv7m.o)
    0x0804051a   0x00000012   Code   RO         5157    .text               c_w.l(exit.o)
    0x0804052c   0x0000003e   Code   RO         5159    .text               c_w.l(strlen.o)
    0x0804056a   0x0000008a   Code   RO         5163    .text               c_w.l(rt_memcpy_v6.o)
    0x080405f4   0x00000056   Code   RO         5165    .text               c_w.l(strncpy.o)
    0x0804064a   0x00000006   Code   RO         5167    .text               c_w.l(heapauxi.o)
    0x08040650   0x00000064   Code   RO         5187    .text               c_w.l(rt_memcpy_w.o)
    0x080406b4   0x00000044   Code   RO         5189    .text               c_w.l(rt_memclr.o)
    0x080406f8   0x0000004e   Code   RO         5217    .text               c_w.l(rt_memclr_w.o)
    0x08040746   0x00000002   PAD
    0x08040748   0x0000000c   Code   RO         5219    .text               c_w.l(sys_exit.o)
    0x08040754   0x0000004a   Code   RO         5221    .text               c_w.l(sys_stackheap_outer.o)
    0x0804079e   0x00000002   Code   RO         5235    .text               c_w.l(use_no_semi.o)
    0x080407a0   0x00000000   Code   RO         5237    .text               c_w.l(indicate_semi.o)
    0x080407a0   0x00000004   Code   RO         5090    SVC_TABLE           RTX_CM4.lib(svc_table.o)
    0x080407a4   0x0000006e   Code   RO         1014    i.ADC_DMAConvCplt   stm32f4xx_hal_adc.o
    0x08040812   0x0000001a   Code   RO         1015    i.ADC_DMAError      stm32f4xx_hal_adc.o
    0x0804082c   0x0000000e   Code   RO         1016    i.ADC_DMAHalfConvCplt  stm32f4xx_hal_adc.o
    0x0804083a   0x00000002   PAD
    0x0804083c   0x0000015c   Code   RO         1017    i.ADC_Init          stm32f4xx_hal_adc.o
    0x08040998   0x00000004   Code   RO          536    i.BusFault_Handler  stm32f4xx_it.o
    0x0804099c   0x00000010   Code   RO          537    i.DMA2_Stream0_IRQHandler  stm32f4xx_it.o
    0x080409ac   0x00000034   Code   RO         1429    i.DMA_CalcBaseAndBitshift  stm32f4xx_hal_dma.o
    0x080409e0   0x000000aa   Code   RO         1430    i.DMA_CheckFifoParam  stm32f4xx_hal_dma.o
    0x08040a8a   0x0000002c   Code   RO         1431    i.DMA_SetConfig     stm32f4xx_hal_dma.o
    0x08040ab6   0x00000002   Code   RO          538    i.DebugMon_Handler  stm32f4xx_it.o
    0x08040ab8   0x0000018c   Code   RO         1019    i.HAL_ADC_ConfigChannel  stm32f4xx_hal_adc.o
    0x08040c44   0x00000002   Code   RO         1020    i.HAL_ADC_ConvCpltCallback  stm32f4xx_hal_adc.o
    0x08040c46   0x00000002   Code   RO         1021    i.HAL_ADC_ConvHalfCpltCallback  stm32f4xx_hal_adc.o
    0x08040c48   0x00000002   Code   RO         1023    i.HAL_ADC_ErrorCallback  stm32f4xx_hal_adc.o
    0x08040c4a   0x00000002   PAD
    0x08040c4c   0x00000068   Code   RO         1028    i.HAL_ADC_Init      stm32f4xx_hal_adc.o
    0x08040cb4   0x00000002   Code   RO         1031    i.HAL_ADC_MspInit   stm32f4xx_hal_adc.o
    0x08040cb6   0x00000002   PAD
    0x08040cb8   0x00000148   Code   RO         1035    i.HAL_ADC_Start_DMA  stm32f4xx_hal_adc.o
    0x08040e00   0x00000028   Code   RO         1433    i.HAL_DMA_Abort_IT  stm32f4xx_hal_dma.o
    0x08040e28   0x00000240   Code   RO         1437    i.HAL_DMA_IRQHandler  stm32f4xx_hal_dma.o
    0x08041068   0x000000ec   Code   RO         1438    i.HAL_DMA_Init      stm32f4xx_hal_dma.o
    0x08041154   0x0000009e   Code   RO         1442    i.HAL_DMA_Start_IT  stm32f4xx_hal_dma.o
    0x080411f2   0x00000002   PAD
    0x080411f4   0x00000200   Code   RO         1802    i.HAL_GPIO_Init     stm32f4xx_hal_gpio.o
    0x080413f4   0x00000010   Code   RO         1804    i.HAL_GPIO_ReadPin  stm32f4xx_hal_gpio.o
    0x08041404   0x0000000c   Code   RO         1806    i.HAL_GPIO_WritePin  stm32f4xx_hal_gpio.o
    0x08041410   0x0000000c   Code   RO          293    i.HAL_GetTick       main.o
    0x0804141c   0x0000003c   Code   RO          861    i.HAL_Init          stm32f4xx_hal.o
    0x08041458   0x0000004c   Code   RO          862    i.HAL_InitTick      stm32f4xx_hal.o
    0x080414a4   0x00000056   Code   RO          468    i.HAL_MspInit       stm32f4xx_hal_msp.o
    0x080414fa   0x00000020   Code   RO         1294    i.HAL_NVIC_EnableIRQ  stm32f4xx_hal_cortex.o
    0x0804151a   0x0000007c   Code   RO         1300    i.HAL_NVIC_SetPriority  stm32f4xx_hal_cortex.o
    0x08041596   0x00000002   PAD
    0x08041598   0x00000028   Code   RO         1301    i.HAL_NVIC_SetPriorityGrouping  stm32f4xx_hal_cortex.o
    0x080415c0   0x00000180   Code   RO         2473    i.HAL_RCC_ClockConfig  stm32f4xx_hal_rcc.o
    0x08041740   0x0000000c   Code   RO         2478    i.HAL_RCC_GetHCLKFreq  stm32f4xx_hal_rcc.o
    0x0804174c   0x00000020   Code   RO         2480    i.HAL_RCC_GetPCLK1Freq  stm32f4xx_hal_rcc.o
    0x0804176c   0x00000020   Code   RO         2481    i.HAL_RCC_GetPCLK2Freq  stm32f4xx_hal_rcc.o
    0x0804178c   0x000000b0   Code   RO         2482    i.HAL_RCC_GetSysClockFreq  stm32f4xx_hal_rcc.o
    0x0804183c   0x00000448   Code   RO         2485    i.HAL_RCC_OscConfig  stm32f4xx_hal_rcc.o
    0x08041c84   0x00000034   Code   RO         1305    i.HAL_SYSTICK_Config  stm32f4xx_hal_cortex.o
    0x08041cb8   0x00000062   Code   RO         3286    i.HAL_TIMEx_MasterConfigSynchronization  stm32f4xx_hal_tim_ex.o
    0x08041d1a   0x00000108   Code   RO         2696    i.HAL_TIM_PWM_ConfigChannel  stm32f4xx_hal_tim.o
    0x08041e22   0x00000034   Code   RO         2699    i.HAL_TIM_PWM_Init  stm32f4xx_hal_tim.o
    0x08041e56   0x00000002   PAD
    0x08041e58   0x000000ec   Code   RO          470    i.HAL_TIM_PWM_MspInit  stm32f4xx_hal_msp.o
    0x08041f44   0x0000004c   Code   RO         2703    i.HAL_TIM_PWM_Start  stm32f4xx_hal_tim.o
    0x08041f90   0x00000088   Code   RO         2706    i.HAL_TIM_PWM_Stop  stm32f4xx_hal_tim.o
    0x08042018   0x00000002   Code   RO         3529    i.HAL_UART_ErrorCallback  stm32f4xx_hal_uart.o
    0x0804201a   0x00000002   PAD
    0x0804201c   0x0000014c   Code   RO         3532    i.HAL_UART_IRQHandler  stm32f4xx_hal_uart.o
    0x08042168   0x00000072   Code   RO         3533    i.HAL_UART_Init     stm32f4xx_hal_uart.o
    0x080421da   0x00000002   PAD
    0x080421dc   0x00000110   Code   RO          472    i.HAL_UART_MspInit  stm32f4xx_hal_msp.o
    0x080422ec   0x00000064   Code   RO         3538    i.HAL_UART_Receive_IT  stm32f4xx_hal_uart.o
    0x08042350   0x00000168   Code   RO          392    i.HAL_UART_RxCpltCallback  protocol.o
    0x080424b8   0x00000058   Code   RO         3543    i.HAL_UART_Transmit_IT  stm32f4xx_hal_uart.o
    0x08042510   0x00000030   Code   RO          714    i.HAL_UART_TxCpltCallback  uart_debug.o
    0x08042540   0x00000004   Code   RO          539    i.HardFault_Handler  stm32f4xx_it.o
    0x08042544   0x00000038   Code   RO          616    i.Init_GPIO_servo_pwr  timer.o
    0x0804257c   0x0000023c   Code   RO          617    i.MX_TIMER_Init     timer.o
    0x080427b8   0x00000004   Code   RO          540    i.MemManage_Handler  stm32f4xx_it.o
    0x080427bc   0x00000002   Code   RO          541    i.NMI_Handler       stm32f4xx_it.o
    0x080427be   0x00000020   Code   RO          393    i.Package_Calculator_checksum  protocol.o
    0x080427de   0x0000001a   Code   RO          394    i.Package_check_checksum  protocol.o
    0x080427f8   0x00000140   Code   RO            4    i.Robotic_ADC_Init  adc.o
    0x08042938   0x00000038   Code   RO            5    i.Robotic_gpio_input  adc.o
    0x08042970   0x00000098   Code   RO          294    i.SystemClock_Config  main.o
    0x08042a08   0x000000c0   Code   RO         3846    i.SystemCoreClockUpdate  system_stm32f4xx.o
    0x08042ac8   0x00000064   Code   RO         3847    i.SystemInit        system_stm32f4xx.o
    0x08042b2c   0x000000e4   Code   RO         2714    i.TIM_Base_SetConfig  stm32f4xx_hal_tim.o
    0x08042c10   0x0000001c   Code   RO         2715    i.TIM_CCxChannelCmd  stm32f4xx_hal_tim.o
    0x08042c2c   0x00000070   Code   RO         2723    i.TIM_OC1_SetConfig  stm32f4xx_hal_tim.o
    0x08042c9c   0x00000078   Code   RO         2724    i.TIM_OC2_SetConfig  stm32f4xx_hal_tim.o
    0x08042d14   0x00000078   Code   RO         2725    i.TIM_OC3_SetConfig  stm32f4xx_hal_tim.o
    0x08042d8c   0x00000060   Code   RO         2726    i.TIM_OC4_SetConfig  stm32f4xx_hal_tim.o
    0x08042dec   0x00000010   Code   RO          542    i.UART5_IRQHandler  stm32f4xx_it.o
    0x08042dfc   0x00000014   Code   RO         3546    i.UART_DMAAbortOnError  stm32f4xx_hal_uart.o
    0x08042e10   0x00000020   Code   RO         3556    i.UART_EndRxTransfer  stm32f4xx_hal_uart.o
    0x08042e30   0x00000020   Code   RO         3557    i.UART_EndTransmit_IT  stm32f4xx_hal_uart.o
    0x08042e50   0x0000009a   Code   RO         3559    i.UART_Receive_IT   stm32f4xx_hal_uart.o
    0x08042eea   0x00000002   PAD
    0x08042eec   0x00000368   Code   RO         3560    i.UART_SetConfig    stm32f4xx_hal_uart.o
    0x08043254   0x00000068   Code   RO         3561    i.UART_Transmit_IT  stm32f4xx_hal_uart.o
    0x080432bc   0x00000010   Code   RO          543    i.USART1_IRQHandler  stm32f4xx_it.o
    0x080432cc   0x00000208   Code   RO          395    i.USB_send_respond_package  protocol.o
    0x080434d4   0x00000004   Code   RO          544    i.UsageFault_Handler  stm32f4xx_it.o
    0x080434d8   0x00000010   Code   RO         1307    i.__NVIC_GetPriorityGrouping  stm32f4xx_hal_cortex.o
    0x080434e8   0x00000028   Code   RO         1308    i.__NVIC_SetPriority  stm32f4xx_hal_cortex.o
    0x08043510   0x00000046   Code   RO         4974    i._init_box         RTX_CM4.lib(rt_membox.o)
    0x08043556   0x00000002   PAD
    0x08043558   0x00000020   Code   RO          781    i._mutex_acquire    rtx_conf_cm.o
    0x08043578   0x0000001c   Code   RO          783    i._mutex_release    rtx_conf_cm.o
    0x08043594   0x000001a4   Code   RO          618    i.chose_timer_config  timer.o
    0x08043738   0x00000034   Code   RO          619    i.control_servo_motor  timer.o
    0x0804376c   0x000000b4   Code   RO          620    i.ctrl_pwm_duty     timer.o
    0x08043820   0x00000030   Code   RO         5027    i.dbg_init          RTX_CM4.lib(hal_cm.o)
    0x08043850   0x00000020   Code   RO         5028    i.dbg_task_notify   RTX_CM4.lib(hal_cm.o)
    0x08043870   0x00000010   Code   RO         5029    i.dbg_task_switch   RTX_CM4.lib(hal_cm.o)
    0x08043880   0x000000c0   Code   RO          295    i.gpio_clock_init   main.o
    0x08043940   0x00000098   Code   RO          621    i.init_pwm_init_parameter  timer.o
    0x080439d8   0x0000002a   Code   RO         3883    i.isrMessageGet     RTX_CM4.lib(rt_cmsis.o)
    0x08043a02   0x0000002c   Code   RO         3884    i.isrMessagePut     RTX_CM4.lib(rt_cmsis.o)
    0x08043a2e   0x00000002   PAD
    0x08043a30   0x00000056   Code   RO         4862    i.isr_mbx_receive   RTX_CM4.lib(rt_mailbox.o)
    0x08043a86   0x0000000e   Code   RO         4863    i.isr_mbx_send      RTX_CM4.lib(rt_mailbox.o)
    0x08043a94   0x000000b0   Code   RO          396    i.machine_init      protocol.o
    0x08043b44   0x000000f8   Code   RO          296    i.main              main.o
    0x08043c3c   0x00000020   Code   RO          622    i.on_off_pwR        timer.o
    0x08043c5c   0x000002e8   Code   RO          623    i.on_off_pwm        timer.o
    0x08043f44   0x00000018   Code   RO         3887    i.osDelay           RTX_CM4.lib(rt_cmsis.o)
    0x08043f5c   0x00000024   Code   RO         3888    i.osKernelInitialize  RTX_CM4.lib(rt_cmsis.o)
    0x08043f80   0x0000006c   Code   RO         3890    i.osKernelStart     RTX_CM4.lib(rt_cmsis.o)
    0x08043fec   0x00000018   Code   RO         3899    i.osMessageGet      RTX_CM4.lib(rt_cmsis.o)
    0x08044004   0x0000002c   Code   RO         3916    i.osThreadCreate    RTX_CM4.lib(rt_cmsis.o)
    0x08044030   0x00000018   Code   RO         3917    i.osThreadExit      RTX_CM4.lib(rt_cmsis.o)
    0x08044048   0x0000000c   Code   RO         3923    i.osTimerCall       RTX_CM4.lib(rt_cmsis.o)
    0x08044054   0x0000002c   Code   RO         3928    i.osTimerThread     RTX_CM4.lib(rt_cmsis.o)
    0x08044080   0x00000022   Code   RO          784    i.os_error          rtx_conf_cm.o
    0x080440a2   0x00000004   Code   RO          785    i.os_idle_demon     rtx_conf_cm.o
    0x080440a6   0x00000002   PAD
    0x080440a8   0x00000028   Code   RO         4654    i.os_tick_init      RTX_CM4.lib(rt_system.o)
    0x080440d0   0x00000002   Code   RO         4655    i.os_tick_irqack    RTX_CM4.lib(rt_system.o)
    0x080440d2   0x00000002   PAD
    0x080440d4   0x000001d8   Code   RO          397    i.process_data_input  protocol.o
    0x080442ac   0x00000008   Code   RO          297    i.process_function  main.o
    0x080442b4   0x00000070   Code   RO          624    i.read_current_duty_cycle  timer.o
    0x08044324   0x0000001a   Code   RO         4975    i.rt_alloc_box      RTX_CM4.lib(rt_membox.o)
    0x0804433e   0x0000003e   Code   RO         5003    i.rt_alloc_mem      RTX_CM4.lib(rt_memory.o)
    0x0804437c   0x00000038   Code   RO         4502    i.rt_block          RTX_CM4.lib(rt_task.o)
    0x080443b4   0x00000048   Code   RO         4952    i.rt_chk_robin      RTX_CM4.lib(rt_robin.o)
    0x080443fc   0x00000070   Code   RO         4786    i.rt_dec_dly        RTX_CM4.lib(rt_list.o)
    0x0804446c   0x00000044   Code   RO         4503    i.rt_dispatch       RTX_CM4.lib(rt_task.o)
    0x080444b0   0x00000006   Code   RO         4586    i.rt_dly_wait       RTX_CM4.lib(rt_time.o)
    0x080444b6   0x00000002   PAD
    0x080444b8   0x00000050   Code   RO         4747    i.rt_evt_psh        RTX_CM4.lib(rt_event.o)
    0x08044508   0x0000002c   Code   RO         4976    i.rt_free_box       RTX_CM4.lib(rt_membox.o)
    0x08044534   0x00000028   Code   RO         5004    i.rt_free_mem       RTX_CM4.lib(rt_memory.o)
    0x0804455c   0x00000028   Code   RO         4787    i.rt_get_first      RTX_CM4.lib(rt_list.o)
    0x08044584   0x00000008   Code   RO         3933    i.rt_id2obj         RTX_CM4.lib(rt_cmsis.o)
    0x0804458c   0x00000048   Code   RO         4504    i.rt_init_context   RTX_CM4.lib(rt_task.o)
    0x080445d4   0x0000001a   Code   RO         5005    i.rt_init_mem       RTX_CM4.lib(rt_memory.o)
    0x080445ee   0x00000002   PAD
    0x080445f0   0x00000018   Code   RO         4953    i.rt_init_robin     RTX_CM4.lib(rt_robin.o)
    0x08044608   0x00000080   Code   RO         5030    i.rt_init_stack     RTX_CM4.lib(hal_cm.o)
    0x08044688   0x00000008   Code   RO         4864    i.rt_mbx_check      RTX_CM4.lib(rt_mailbox.o)
    0x08044690   0x0000001a   Code   RO         4865    i.rt_mbx_init       RTX_CM4.lib(rt_mailbox.o)
    0x080446aa   0x00000002   PAD
    0x080446ac   0x000000f0   Code   RO         4866    i.rt_mbx_psh        RTX_CM4.lib(rt_mailbox.o)
    0x0804479c   0x000000b4   Code   RO         4868    i.rt_mbx_wait       RTX_CM4.lib(rt_mailbox.o)
    0x08044850   0x00000044   Code   RO         3934    i.rt_ms2tick        RTX_CM4.lib(rt_cmsis.o)
    0x08044894   0x000000d8   Code   RO         4621    i.rt_mut_release    RTX_CM4.lib(rt_mutex.o)
    0x0804496c   0x00000078   Code   RO         4622    i.rt_mut_wait       RTX_CM4.lib(rt_mutex.o)
    0x080449e4   0x0000007c   Code   RO         4658    i.rt_pop_req        RTX_CM4.lib(rt_system.o)
    0x08044a60   0x00000020   Code   RO         4659    i.rt_psh_req        RTX_CM4.lib(rt_system.o)
    0x08044a80   0x0000005c   Code   RO         4789    i.rt_psq_enq        RTX_CM4.lib(rt_list.o)
    0x08044adc   0x00000048   Code   RO         4790    i.rt_put_dly        RTX_CM4.lib(rt_list.o)
    0x08044b24   0x00000036   Code   RO         4791    i.rt_put_prio       RTX_CM4.lib(rt_list.o)
    0x08044b5a   0x00000002   PAD
    0x08044b5c   0x00000014   Code   RO         4792    i.rt_put_rdy_first  RTX_CM4.lib(rt_list.o)
    0x08044b70   0x00000034   Code   RO         4793    i.rt_resort_prio    RTX_CM4.lib(rt_list.o)
    0x08044ba4   0x00000010   Code   RO         5031    i.rt_ret_regs       RTX_CM4.lib(hal_cm.o)
    0x08044bb4   0x0000000c   Code   RO         5032    i.rt_ret_val        RTX_CM4.lib(hal_cm.o)
    0x08044bc0   0x00000010   Code   RO         5033    i.rt_ret_val2       RTX_CM4.lib(hal_cm.o)
    0x08044bd0   0x00000028   Code   RO         4794    i.rt_rmv_dly        RTX_CM4.lib(rt_list.o)
    0x08044bf8   0x00000030   Code   RO         4795    i.rt_rmv_list       RTX_CM4.lib(rt_list.o)
    0x08044c28   0x00000034   Code   RO         4913    i.rt_sem_psh        RTX_CM4.lib(rt_semaphore.o)
    0x08044c5c   0x00000024   Code   RO         4661    i.rt_stk_check      RTX_CM4.lib(rt_system.o)
    0x08044c80   0x00000028   Code   RO         4505    i.rt_switch_req     RTX_CM4.lib(rt_task.o)
    0x08044ca8   0x000000cc   Code   RO         4506    i.rt_sys_init       RTX_CM4.lib(rt_task.o)
    0x08044d74   0x00000078   Code   RO         4507    i.rt_sys_start      RTX_CM4.lib(rt_task.o)
    0x08044dec   0x00000040   Code   RO         4663    i.rt_systick        RTX_CM4.lib(rt_system.o)
    0x08044e2c   0x00000012   Code   RO         3935    i.rt_tid2ptcb       RTX_CM4.lib(rt_cmsis.o)
    0x08044e3e   0x00000002   PAD
    0x08044e40   0x00000034   Code   RO         3936    i.rt_timer_insert   RTX_CM4.lib(rt_cmsis.o)
    0x08044e74   0x00000088   Code   RO         4508    i.rt_tsk_create     RTX_CM4.lib(rt_task.o)
    0x08044efc   0x0000017c   Code   RO         4509    i.rt_tsk_delete     RTX_CM4.lib(rt_task.o)
    0x08045078   0x0000007c   Code   RO         4511    i.rt_tsk_prio       RTX_CM4.lib(rt_task.o)
    0x080450f4   0x00000010   Code   RO         4512    i.rt_tsk_self       RTX_CM4.lib(rt_task.o)
    0x08045104   0x0000001c   Code   RO          716    i.send_debugging_data  uart_debug.o
    0x08045120   0x00000020   Code   RO          717    i.send_response_data  uart_debug.o
    0x08045140   0x00000012   Code   RO         3938    i.svcDelay          RTX_CM4.lib(rt_cmsis.o)
    0x08045152   0x00000002   PAD
    0x08045154   0x00000070   Code   RO         3939    i.svcKernelInitialize  RTX_CM4.lib(rt_cmsis.o)
    0x080451c4   0x00000048   Code   RO         3941    i.svcKernelStart    RTX_CM4.lib(rt_cmsis.o)
    0x0804520c   0x00000024   Code   RO         3944    i.svcMessageCreate  RTX_CM4.lib(rt_cmsis.o)
    0x08045230   0x0000003a   Code   RO         3945    i.svcMessageGet     RTX_CM4.lib(rt_cmsis.o)
    0x0804526a   0x00000002   PAD
    0x0804526c   0x0000006c   Code   RO         3959    i.svcThreadCreate   RTX_CM4.lib(rt_cmsis.o)
    0x080452d8   0x0000001c   Code   RO         3960    i.svcThreadGetId    RTX_CM4.lib(rt_cmsis.o)
    0x080452f4   0x00000038   Code   RO         3963    i.svcThreadTerminate  RTX_CM4.lib(rt_cmsis.o)
    0x0804532c   0x00000018   Code   RO         3965    i.svcTimerCall      RTX_CM4.lib(rt_cmsis.o)
    0x08045344   0x0000005c   Code   RO         3974    i.sysTimerTick      RTX_CM4.lib(rt_cmsis.o)
    0x080453a0   0x00000044   Code   RO          298    i.system_resetMCU   main.o
    0x080453e4   0x00000074   Code   RO          718    i.uart_debug_init   uart_debug.o
    0x08045458   0x00000030   Code   RO          719    i.uart_pc_init      uart_debug.o
    0x08045488   0x000000b4   Code   RO          398    i.update_gripper_parameter  protocol.o
    0x0804553c   0x00000044   Code   RO            6    i.update_gripper_phone_status  adc.o
    0x08045580   0x000000ec   Code   RO          625    i.update_gripper_servo_linear_type_1_position  timer.o
    0x0804566c   0x000000fc   Code   RO          626    i.update_gripper_servo_linear_type_2_position  timer.o
    0x08045768   0x00000178   Code   RO          627    i.update_gripper_servo_position  timer.o
    0x080458e0   0x000000e8   Code   RO          399    i.update_gripper_servo_power  protocol.o
    0x080459c8   0x0000000a   Code   RO         5311    x$fpl$fpinit        fz_wm.l(fpinit.o)
    0x080459d2   0x00000002   PAD
    0x080459d4   0x00000220   Data   RO            8    .constdata          adc.o
    0x08045bf4   0x00000220   Data   RO          629    .constdata          timer.o
    0x08045e14   0x00000068   Data   RO          787    .constdata          rtx_conf_cm.o
    0x08045e7c   0x00000008   Data   RO         1444    .constdata          stm32f4xx_hal_dma.o
    0x08045e84   0x00000018   Data   RO         3848    .constdata          system_stm32f4xx.o
    0x08045e9c   0x00000020   Data   RO         5345    Region$$Table       anon$$obj.o


    Execution Region RW_IRAM1 (Base: 0x20000000, Size: 0x000042b0, Max: 0x00020000, ABSOLUTE)

    Base Addr    Size         Type   Attr      Idx    E Section Name        Object

    0x20000000   0x00000004   Data   RW          301    .data               main.o
    0x20000004   0x0000002d   Data   RW          402    .data               protocol.o
    0x20000031   0x00000001   PAD
    0x20000032   0x00000008   Data   RW          630    .data               timer.o
    0x2000003a   0x00000001   Data   RW          722    .data               uart_debug.o
    0x2000003b   0x00000001   PAD
    0x2000003c   0x00000014   Data   RW          788    .data               rtx_conf_cm.o
    0x20000050   0x00000009   Data   RW          868    .data               stm32f4xx_hal.o
    0x20000059   0x00000003   PAD
    0x2000005c   0x00000004   Data   RW         3849    .data               system_stm32f4xx.o
    0x20000060   0x00000008   Data   RW         3977    .data               RTX_CM4.lib(rt_cmsis.o)
    0x20000068   0x00000008   Data   RW         4514    .data               RTX_CM4.lib(rt_task.o)
    0x20000070   0x00000004   Data   RW         4590    .data               RTX_CM4.lib(rt_time.o)
    0x20000074   0x00000008   Data   RW         4666    .data               RTX_CM4.lib(rt_system.o)
    0x2000007c   0x00000008   Data   RW         4954    .data               RTX_CM4.lib(rt_robin.o)
    0x20000084   0x00000001   Data   RW         5034    .data               RTX_CM4.lib(hal_cm.o)
    0x20000085   0x00000003   PAD
    0x20000088   0x000000c8   Zero   RW            7    .bss                adc.o
    0x20000150   0x00000080   Zero   RW          299    .bss                main.o
    0x200001d0   0x00000e43   Zero   RW          400    .bss                protocol.o
    0x20001013   0x00000001   PAD
    0x20001014   0x0000012c   Zero   RW          628    .bss                timer.o
    0x20001140   0x00002aa8   Zero   RW          786    .bss                rtx_conf_cm.o
    0x20003be8   0x00000034   Zero   RW         4513    .bss                RTX_CM4.lib(rt_task.o)
    0x20003c1c   0x00000030   Zero   RW         4796    .bss                RTX_CM4.lib(rt_list.o)
    0x20003c4c   0x00000060   Zero   RW         5096    .bss                c_w.l(libspace.o)
    0x20003cac   0x00000004   PAD
    0x20003cb0   0x00000200   Zero   RW         3837    HEAP                startup_stm32f407xx.o
    0x20003eb0   0x00000400   Zero   RW         3836    STACK               startup_stm32f407xx.o


==============================================================================

Image component sizes


      Code (inc. data)   RO Data    RW Data    ZI Data      Debug   Object Name

       444         42        544          0        200     701722   adc.o
       680         68          0          4        128      41643   main.o
      1998        252          0         45       3651      12080   protocol.o
       126         26        104         20      10920       9531   rtx_conf_cm.o
        64         26        392          0       1536        900   startup_stm32f407xx.o
       136         18          0          9          0       3033   stm32f4xx_hal.o
      1334         56          0          0          0       8391   stm32f4xx_hal_adc.o
       304         22          0          0          0      34811   stm32f4xx_hal_cortex.o
      1276         16          8          0          0       6574   stm32f4xx_hal_dma.o
       540         46          0          0          0       3191   stm32f4xx_hal_gpio.o
       594         48          0          0          0       2699   stm32f4xx_hal_msp.o
      1732         84          0          0          0       5852   stm32f4xx_hal_rcc.o
      1232         98          0          0          0       8307   stm32f4xx_hal_tim.o
        98          0          0          0          0       1284   stm32f4xx_hal_tim_ex.o
      1850         14          0          0          0       8740   stm32f4xx_hal_uart.o
        68         18          0          0          0       4482   stm32f4xx_it.o
       292         42         24          4          0       2167   system_stm32f4xx.o
      3184        268        544          8        300      12567   timer.o
       272         52          0          1          0       3817   uart_debug.o

    ----------------------------------------------------------------------
     16244       1196       1648         96      16736     871791   Object Totals
         0          0         32          0          0          0   (incl. Generated)
        20          0          0          5          1          0   (incl. Padding)

    ----------------------------------------------------------------------

      Code (inc. data)   RO Data    RW Data    ZI Data      Debug   Library Member Name

       268         24          0          1          0       4524   hal_cm.o
       408         34          0          0          0        824   hal_cm4.o
      1152        144          0          8          0      35658   rt_cmsis.o
        80          4          0          0          0        709   rt_event.o
       530         34          0          0         48       8685   rt_list.o
       554         10          0          0          0       4237   rt_mailbox.o
       140          0          0          0          0       2069   rt_membox.o
       128          0          0          0          0       2451   rt_memory.o
       336         14          0          0          0       1739   rt_mutex.o
        96         22          0          8          0       1254   rt_robin.o
        52          4          0          0          0        621   rt_semaphore.o
       298         52          0          8          0       6511   rt_system.o
      1216        174          0          8         52      10129   rt_task.o
         6          0          0          4          0        700   rt_time.o
         4          4          0          0          0        208   svc_table.o
         8          0          0          0          0         68   __main.o
         0          0          0          0          0          0   __rtentry.o
        20          0          0          0          0          0   __rtentry2.o
         6          0          0          0          0          0   __rtentry4.o
        52          8          0          0          0          0   __scatter.o
        26          0          0          0          0          0   __scatter_copy.o
        28          0          0          0          0          0   __scatter_zi.o
        18          0          0          0          0         80   exit.o
         6          0          0          0          0        152   heapauxi.o
         0          0          0          0          0          0   indicate_semi.o
         2          0          0          0          0          0   libinit.o
         6          0          0          0          0          0   libinit2.o
         2          0          0          0          0          0   libshutdown.o
         2          0          0          0          0          0   libshutdown2.o
         8          4          0          0         96         68   libspace.o
       238          0          0          0          0        100   lludivv7m.o
        68          0          0          0          0         68   rt_memclr.o
        78          0          0          0          0         80   rt_memclr_w.o
       138          0          0          0          0         68   rt_memcpy_v6.o
       100          0          0          0          0         80   rt_memcpy_w.o
         2          0          0          0          0          0   rtexit.o
        10          0          0          0          0          0   rtexit2.o
        62          0          0          0          0         76   strlen.o
        86          0          0          0          0         76   strncpy.o
        12          4          0          0          0         68   sys_exit.o
        74          0          0          0          0         80   sys_stackheap_outer.o
         2          0          0          0          0         68   use_no_semi.o
        10          0          0          0          0        116   fpinit.o

    ----------------------------------------------------------------------
      6360        536          0         40        200      81567   Library Totals
        28          0          0          3          4          0   (incl. Padding)

    ----------------------------------------------------------------------

      Code (inc. data)   RO Data    RW Data    ZI Data      Debug   Library Name

      5268        520          0         37        100      80319   RTX_CM4.lib
      1054         16          0          0         96       1132   c_w.l
        10          0          0          0          0        116   fz_wm.l

    ----------------------------------------------------------------------
      6360        536          0         40        200      81567   Library Totals

    ----------------------------------------------------------------------

==============================================================================


      Code (inc. data)   RO Data    RW Data    ZI Data      Debug   

     22604       1732       1648        136      16936     935338   Grand Totals
     22604       1732       1648        136      16936     935338   ELF Image Totals
     22604       1732       1648        136          0          0   ROM Totals

==============================================================================

    Total RO  Size (Code + RO Data)                24252 (  23.68kB)
    Total RW  Size (RW Data + ZI Data)             17072 (  16.67kB)
    Total ROM Size (Code + RO Data + RW Data)      24388 (  23.82kB)

==============================================================================

