Component: ARM Compiler 5.06 update 6 (build 750) Tool: armlink [4d35ed]

==============================================================================

Section Cross References

    adc.o(i.Is_phone_in_grippers) refers to stm32f4xx_hal_gpio.o(i.HAL_GPIO_ReadPin) for HAL_GPIO_ReadPin
    adc.o(i.Is_phone_in_grippers) refers to adc.o(.constdata) for sensor_check_phone
    adc.o(i.Is_phone_in_grippers) refers to protocol.o(.bss) for Grippers_infor
    adc.o(i.Is_phone_in_grippers) refers to rt_time.o(.data) for os_time
    adc.o(i.Is_phone_in_grippers) refers to adc.o(.bss) for get_stick_1
    adc.o(i.Robotic_ADC_Init) refers to stm32f4xx_hal_adc.o(i.HAL_ADC_Init) for HAL_ADC_Init
    adc.o(i.Robotic_ADC_Init) refers to stm32f4xx_hal_gpio.o(i.HAL_GPIO_Init) for HAL_GPIO_Init
    adc.o(i.Robotic_ADC_Init) refers to stm32f4xx_hal_adc.o(i.HAL_ADC_ConfigChannel) for HAL_ADC_ConfigChannel
    adc.o(i.Robotic_ADC_Init) refers to stm32f4xx_hal_cortex.o(i.HAL_NVIC_SetPriority) for HAL_NVIC_SetPriority
    adc.o(i.Robotic_ADC_Init) refers to stm32f4xx_hal_cortex.o(i.HAL_NVIC_EnableIRQ) for HAL_NVIC_EnableIRQ
    adc.o(i.Robotic_ADC_Init) refers to stm32f4xx_hal_dma.o(i.HAL_DMA_Init) for HAL_DMA_Init
    adc.o(i.Robotic_ADC_Init) refers to adc.o(.bss) for hadc1
    adc.o(i.Robotic_ADC_Init) refers to adc.o(.constdata) for r_init_adc
    adc.o(i.Robotic_gpio_input) refers to stm32f4xx_hal_gpio.o(i.HAL_GPIO_Init) for HAL_GPIO_Init
    adc.o(i.Robotic_gpio_input) refers to adc.o(.constdata) for sensor_check_phone
    adc.o(i.print_phone_in_gripper) refers to uart_debug.o(i.send_debugging_data) for send_debugging_data
    adc.o(i.print_phone_in_gripper) refers to protocol.o(.bss) for Grippers_infor
    main.o(i.HAL_GetTick) refers to rt_time.o(.data) for os_time
    main.o(i.SystemClock_Config) refers to stm32f4xx_hal_rcc.o(i.HAL_RCC_OscConfig) for HAL_RCC_OscConfig
    main.o(i.SystemClock_Config) refers to stm32f4xx_hal_rcc.o(i.HAL_RCC_ClockConfig) for HAL_RCC_ClockConfig
    main.o(i.control_motor_Thread) refers to uart_debug.o(i.send_debugging_data) for send_debugging_data
    main.o(i.control_motor_Thread) refers to h1_alloc_mt.o(.text) for malloc
    main.o(i.control_motor_Thread) refers to main.o(i.HAL_GetTick) for HAL_GetTick
    main.o(i.control_motor_Thread) refers to main.o(i.process_ctrl_servo) for process_ctrl_servo
    main.o(i.control_motor_Thread) refers to main.o(i.update_motor_current) for update_motor_current
    main.o(i.control_motor_Thread) refers to rt_cmsis.o(i.osDelay) for osDelay
    main.o(i.control_motor_Thread) refers to timer.o(.bss) for release_duty_cycle
    main.o(i.control_motor_Thread) refers to main.o(.data) for check_system_init
    main.o(i.control_motor_Thread) refers to main.o(.bss) for time_point_1
    main.o(i.control_motor_Thread) refers to adc.o(.bss) for read_adc_value
    main.o(i.get_hw_version) refers to stm32f4xx_hal_gpio.o(i.HAL_GPIO_ReadPin) for HAL_GPIO_ReadPin
    main.o(i.get_hw_version) refers to strncpy.o(.text) for strncpy
    main.o(i.get_hw_version) refers to protocol.o(.bss) for Grippers_infor
    main.o(i.main) refers to rt_cmsis.o(i.osKernelInitialize) for osKernelInitialize
    main.o(i.main) refers to stm32f4xx_hal.o(i.HAL_Init) for HAL_Init
    main.o(i.main) refers to main.o(i.SystemClock_Config) for SystemClock_Config
    main.o(i.main) refers to system_stm32f4xx.o(i.SystemCoreClockUpdate) for SystemCoreClockUpdate
    main.o(i.main) refers to main.o(i.gpio_clock_init) for gpio_clock_init
    main.o(i.main) refers to uart_debug.o(i.uart_pc_init) for uart_pc_init
    main.o(i.main) refers to uart_debug.o(i.uart_debug_init) for uart_debug_init
    main.o(i.main) refers to adc.o(i.Robotic_ADC_Init) for Robotic_ADC_Init
    main.o(i.main) refers to adc.o(i.Robotic_gpio_input) for Robotic_gpio_input
    main.o(i.main) refers to timer.o(i.MX_TIMER_Init) for MX_TIMER_Init
    main.o(i.main) refers to timer.o(i.Init_GPIO_servo_pwr) for Init_GPIO_servo_pwr
    main.o(i.main) refers to sensor.o(i.MX_I2C1_Init) for MX_I2C1_Init
    main.o(i.main) refers to adc.o(i.Is_phone_in_grippers) for Is_phone_in_grippers
    main.o(i.main) refers to uart_debug.o(i.send_debugging_data) for send_debugging_data
    main.o(i.main) refers to stm32f4xx_hal_adc.o(i.HAL_ADC_Start_DMA) for HAL_ADC_Start_DMA
    main.o(i.main) refers to rt_cmsis.o(i.osThreadCreate) for osThreadCreate
    main.o(i.main) refers to rt_cmsis.o(i.osKernelStart) for osKernelStart
    main.o(i.main) refers to rt_cmsis.o(i.osDelay) for osDelay
    main.o(i.main) refers to protocol.o(i.machine_init) for machine_init
    main.o(i.main) refers to protocol.o(i.process_data_input) for process_data_input
    main.o(i.main) refers to protocol.o(i.get_servo1_index_from_gripper_index) for get_servo1_index_from_gripper_index
    main.o(i.main) refers to protocol.o(i.auto_process_ctrl) for auto_process_ctrl
    main.o(i.main) refers to main.o(.constdata) for .constdata
[...]
    CAN2_RX0_IRQHandler                      0x08040417   Thumb Code     0  startup_stm32f407xx.o(.text)
    CAN2_RX1_IRQHandler                      0x08040417   Thumb Code     0  startup_stm32f407xx.o(.text)
    CAN2_SCE_IRQHandler                      0x08040417   Thumb Code     0  startup_stm32f407xx.o(.text)
    CAN2_TX_IRQHandler                       0x08040417   Thumb Code     0  startup_stm32f407xx.o(.text)
    DCMI_IRQHandler                          0x08040417   Thumb Code     0  startup_stm32f407xx.o(.text)
    DMA1_Stream0_IRQHandler                  0x08040417   Thumb Code     0  startup_stm32f407xx.o(.text)
    DMA1_Stream1_IRQHandler                  0x08040417   Thumb Code     0  startup_stm32f407xx.o(.text)
    DMA1_Stream2_IRQHandler                  0x08040417   Thumb Code     0  startup_stm32f407xx.o(.text)
    DMA1_Stream3_IRQHandler                  0x08040417   Thumb Code     0  startup_stm32f407xx.o(.text)
    DMA1_Stream4_IRQHandler                  0x08040417   Thumb Code     0  startup_stm32f407xx.o(.text)
    DMA1_Stream5_IRQHandler                  0x08040417   Thumb Code     0  startup_stm32f407xx.o(.text)
    DMA1_Stream6_IRQHandler                  0x08040417   Thumb Code     0  startup_stm32f407xx.o(.text)
    DMA1_Stream7_IRQHandler                  0x08040417   Thumb Code     0  startup_stm32f407xx.o(.text)
    DMA2_Stream1_IRQHandler                  0x08040417   Thumb Code     0  startup_stm32f407xx.o(.text)
    DMA2_Stream2_IRQHandler                  0x08040417   Thumb Code     0  startup_stm32f407xx.o(.text)
    DMA2_Stream3_IRQHandler                  0x08040417   Thumb Code     0  startup_stm32f407xx.o(.text)
    DMA2_Stream4_IRQHandler                  0x08040417   Thumb Code     0  startup_stm32f407xx.o(.text)
    DMA2_Stream5_IRQHandler                  0x08040417   Thumb Code     0  startup_stm32f407xx.o(.text)
    DMA2_Stream6_IRQHandler                  0x08040417   Thumb Code     0  startup_stm32f407xx.o(.text)
    DMA2_Stream7_IRQHandler                  0x08040417   Thumb Code     0  startup_stm32f407xx.o(.text)
    ETH_IRQHandler                           0x08040417   Thumb Code     0  startup_stm32f407xx.o(.text)
    ETH_WKUP_IRQHandler                      0x08040417   Thumb Code     0  startup_stm32f407xx.o(.text)
    EXTI0_IRQHandler                         0x08040417   Thumb Code     0  startup_stm32f407xx.o(.text)
    EXTI15_10_IRQHandler                     0x08040417   Thumb Code     0  startup_stm32f407xx.o(.text)
    EXTI1_IRQHandler                         0x08040417   Thumb Code     0  startup_stm32f407xx.o(.text)
    EXTI2_IRQHandler                         0x08040417   Thumb Code     0  startup_stm32f407xx.o(.text)
    EXTI3_IRQHandler                         0x08040417   Thumb Code     0  startup_stm32f407xx.o(.text)
    EXTI4_IRQHandler                         0x08040417   Thumb Code     0  startup_stm32f407xx.o(.text)
    EXTI9_5_IRQHandler                       0x08040417   Thumb Code     0  startup_stm32f407xx.o(.text)
    FLASH_IRQHandler                         0x08040417   Thumb Code     0  startup_stm32f407xx.o(.text)
    FMC_IRQHandler                           0x08040417   Thumb Code     0  startup_stm32f407xx.o(.text)
    FPU_IRQHandler                           0x08040417   Thumb Code     0  startup_stm32f407xx.o(.text)
    HASH_RNG_IRQHandler                      0x08040417   Thumb Code     0  startup_stm32f407xx.o(.text)
    I2C1_ER_IRQHandler                       0x08040417   Thumb Code     0  startup_stm32f407xx.o(.text)
    I2C1_EV_IRQHandler                       0x08040417   Thumb Code     0  startup_stm32f407xx.o(.text)
    I2C2_ER_IRQHandler                       0x08040417   Thumb Code     0  startup_stm32f407xx.o(.text)
    I2C2_EV_IRQHandler                       0x08040417   Thumb Code     0  startup_stm32f407xx.o(.text)
    I2C3_ER_IRQHandler                       0x08040417   Thumb Code     0  startup_stm32f407xx.o(.text)
    I2C3_EV_IRQHandler                       0x08040417   Thumb Code     0  startup_stm32f407xx.o(.text)
    OTG_FS_IRQHandler                        0x08040417   Thumb Code     0  startup_stm32f407xx.o(.text)
    OTG_FS_WKUP_IRQHandler                   0x08040417   Thumb Code     0  startup_stm32f407xx.o(.text)
    OTG_HS_EP1_IN_IRQHandler                 0x08040417   Thumb Code     0  startup_stm32f407xx.o(.text)
    OTG_HS_EP1_OUT_IRQHandler                0x08040417   Thumb Code     0  startup_stm32f407xx.o(.text)
    OTG_HS_IRQHandler                        0x08040417   Thumb Code     0  startup_stm32f407xx.o(.text)
    OTG_HS_WKUP_IRQHandler                   0x08040417   Thumb Code     0  startup_stm32f407xx.o(.text)
    PVD_IRQHandler                           0x08040417   Thumb Code     0  startup_stm32f407xx.o(.text)
    RCC_IRQHandler                           0x08040417   Thumb Code     0  startup_stm32f407xx.o(.text)
    RTC_Alarm_IRQHandler                     0x08040417   Thumb Code     0  startup_stm32f407xx.o(.text)
    RTC_WKUP_IRQHandler                      0x08040417   Thumb Code     0  startup_stm32f407xx.o(.text)
    SDIO_IRQHandler                          0x08040417   Thumb Code     0  startup_stm32f407xx.o(.text)
    SPI1_IRQHandler                          0x08040417   Thumb Code     0  startup_stm32f407xx.o(.text)
    SPI2_IRQHandler                          0x08040417   Thumb Code     0  startup_stm32f407xx.o(.text)
    SPI3_IRQHandler                          0x08040417   Thumb Code     0  startup_stm32f407xx.o(.text)
    TAMP_STAMP_IRQHandler                    0x08040417   Thumb Code     0  startup_stm32f407xx.o(.text)
    TIM1_BRK_TIM9_IRQHandler                 0x08040417   Thumb Code     0  startup_stm32f407xx.o(.text)
    TIM1_CC_IRQHandler                       0x08040417   Thumb Code     0  startup_stm32f407xx.o(.text)
    TIM1_TRG_COM_TIM11_IRQHandler            0x08040417   Thumb Code     0  startup_stm32f407xx.o(.text)
    TIM1_UP_TIM10_IRQHandler                 0x08040417   Thumb Code     0  startup_stm32f407xx.o(.text)
    TIM2_IRQHandler                          0x08040417   Thumb Code     0  startup_stm32f407xx.o(.text)
    TIM3_IRQHandler                          0x08040417   Thumb Code     0  startup_stm32f407xx.o(.text)
    TIM4_IRQHandler                          0x08040417   Thumb Code     0  startup_stm32f407xx.o(.text)
    TIM5_IRQHandler                          0x08040417   Thumb Code     0  startup_stm32f407xx.o(.text)
    TIM6_DAC_IRQHandler                      0x08040417   Thumb Code     0  startup_stm32f407xx.o(.text)
    TIM7_IRQHandler                          0x08040417   Thumb Code     0  startup_stm32f407xx.o(.text)
    TIM8_BRK_TIM12_IRQHandler                0x08040417   Thumb Code     0  startup_stm32f407xx.o(.text)
    TIM8_CC_IRQHandler                       0x08040417   Thumb Code     0  startup_stm32f407xx.o(.text)
    TIM8_TRG_COM_TIM14_IRQHandler            0x08040417   Thumb Code     0  startup_stm32f407xx.o(.text)
    TIM8_UP_TIM13_IRQHandler                 0x08040417   Thumb Code     0  startup_stm32f407xx.o(.text)
    UART4_IRQHandler                         0x08040417   Thumb Code     0  startup_stm32f407xx.o(.text)
    USART2_IRQHandler                        0x08040417   Thumb Code     0  startup_stm32f407xx.o(.text)
    USART3_IRQHandler                        0x08040417   Thumb Code     0  startup_stm32f407xx.o(.text)
    USART6_IRQHandler                        0x08040417   Thumb Code     0  startup_stm32f407xx.o(.text)
    WWDG_IRQHandler                          0x08040417   Thumb Code     0  startup_stm32f407xx.o(.text)
    __user_initial_stackheap                 0x08040419   Thumb Code     0  startup_stm32f407xx.o(.text)
    __user_libspace                          0x0804043d   Thumb Code     8  libspace.o(.text)
    __user_perproc_libspace                  0x0804043d   Thumb Code     0  libspace.o(.text)
    _malloc_internal                         0x0804044d   Thumb Code   130  h1_alloc_mt.o(.text)
    malloc                                   0x080404cf   Thumb Code    20  h1_alloc_mt.o(.text)
    __aeabi_uldivmod                         0x080404e3   Thumb Code     0  lludivv7m.o(.text)
    _ll_udiv                                 0x080404e3   Thumb Code   238  lludivv7m.o(.text)
    __2sprintf                               0x080405d1   Thumb Code    34  noretval__2sprintf.o(.text)
    _printf_pre_padding                      0x080405f9   Thumb Code    44  _printf_pad.o(.text)
    _printf_post_padding                     0x08040625   Thumb Code    34  _printf_pad.o(.text)
    _printf_int_dec                          0x08040649   Thumb Code   104  _printf_dec.o(.text)
    _printf_int_hex                          0x080406c1   Thumb Code    84  _printf_hex_int.o(.text)
    _printf_longlong_hex                     0x080406c1   Thumb Code     0  _printf_hex_int.o(.text)
    __printf                                 0x08040719   Thumb Code   308  __printf_flags_wp.o(.text)
    exit                                     0x08040851   Thumb Code    18  exit.o(.text)
    strlen                                   0x08040863   Thumb Code    62  strlen.o(.text)
    __aeabi_memcpy                           0x080408a1   Thumb Code     0  rt_memcpy_v6.o(.text)
    __rt_memcpy                              0x080408a1   Thumb Code   138  rt_memcpy_v6.o(.text)
    _memcpy_lastbytes                        0x08040907   Thumb Code     0  rt_memcpy_v6.o(.text)
    __aeabi_memclr                           0x0804092b   Thumb Code     0  rt_memclr.o(.text)
    __rt_memclr                              0x0804092b   Thumb Code    68  rt_memclr.o(.text)
    _memset                                  0x0804092f   Thumb Code     0  rt_memclr.o(.text)
    __aeabi_memclr4                          0x0804096f   Thumb Code     0  rt_memclr_w.o(.text)
    __aeabi_memclr8                          0x0804096f   Thumb Code     0  rt_memclr_w.o(.text)
    __rt_memclr_w                            0x0804096f   Thumb Code    78  rt_memclr_w.o(.text)
    _memset_w                                0x08040973   Thumb Code     0  rt_memclr_w.o(.text)
    strncpy                                  0x080409bd   Thumb Code    86  strncpy.o(.text)
    __use_two_region_memory                  0x08040a13   Thumb Code     2  heapauxi.o(.text)
    __rt_heap_escrow                         0x08040a15   Thumb Code     2  heapauxi.o(.text)
    __rt_heap_expand                         0x08040a17   Thumb Code     2  heapauxi.o(.text)
    __rt_heap_descriptor                     0x08040a19   Thumb Code    10  rt_heap_descriptor_twolibspace.o(.text)
    __use_no_heap                            0x08040a23   Thumb Code     2  hguard.o(.text)
    __heap$guard                             0x08040a25   Thumb Code     2  hguard.o(.text)
    _terminate_user_alloc                    0x08040a27   Thumb Code     2  init_alloc.o(.text)
    _init_user_alloc                         0x08040a29   Thumb Code     2  init_alloc.o(.text)
    __Heap_Full                              0x08040a2b   Thumb Code    34  init_alloc.o(.text)
    __Heap_Broken                            0x08040a4d   Thumb Code     6  init_alloc.o(.text)
    _init_alloc                              0x08040a53   Thumb Code    94  init_alloc.o(.text)
    __Heap_Initialize                        0x08040ab1   Thumb Code    14  h1_init_mt.o(.text)
    __Heap_DescSize                          0x08040abf   Thumb Code     4  h1_init_mt.o(.text)
    _free_internal                           0x08040ac3   Thumb Code    98  h1_free_mt.o(.text)
    free                                     0x08040b25   Thumb Code    20  h1_free_mt.o(.text)
    _printf_int_common                       0x08040b39   Thumb Code   178  _printf_intcommon.o(.text)
    _printf_char_common                      0x08040bf7   Thumb Code    32  _printf_char_common.o(.text)
    _sputc                                   0x08040c1d   Thumb Code    10  _sputc.o(.text)
    __aeabi_memcpy4                          0x08040c27   Thumb Code     0  rt_memcpy_w.o(.text)
    __aeabi_memcpy8                          0x08040c27   Thumb Code     0  rt_memcpy_w.o(.text)
    __rt_memcpy_w                            0x08040c27   Thumb Code   100  rt_memcpy_w.o(.text)
    _memcpy_lastbytes_aligned                0x08040c6f   Thumb Code     0  rt_memcpy_w.o(.text)
    __Heap_ProvideMemory                     0x08040c8b   Thumb Code    62  h1_extend_mt.o(.text)
    __rt_SIGRTMEM                            0x08040cc9   Thumb Code    14  defsig_rtmem_outer.o(.text)
    _sys_exit                                0x08040cd9   Thumb Code     8  sys_exit.o(.text)
    __I$use$semihosting                      0x08040ce5   Thumb Code     0  use_no_semi.o(.text)
    __use_no_semihosting_swi                 0x08040ce5   Thumb Code     2  use_no_semi.o(.text)
    __semihosting_library_function           0x08040ce7   Thumb Code     0  indicate_semi.o(.text)
    __user_setup_stackheap                   0x08040ce7   Thumb Code    74  sys_stackheap_outer.o(.text)
    __sig_exit                               0x08040d31   Thumb Code    10  defsig_exit.o(.text)
    __rt_SIGRTMEM_inner                      0x08040d3d   Thumb Code    22  defsig_rtmem_inner.o(.text)
    __default_signal_display                 0x08040d8d   Thumb Code    50  defsig_general.o(.text)
    _ttywrch                                 0x08040dbf   Thumb Code    14  sys_wrch.o(.text)
    SVC_Count                                0x08040dcc   Data           4  svc_table.o(SVC_TABLE)
    SVC_Table                                0x08040dd0   Data           0  svc_table.o(SVC_TABLE)
    BusFault_Handler                         0x08040fd9   Thumb Code     4  stm32f4xx_it.o(i.BusFault_Handler)
    DMA2_Stream0_IRQHandler                  0x08040fdd   Thumb Code    10  stm32f4xx_it.o(i.DMA2_Stream0_IRQHandler)
    DebugMon_Handler                         0x080410f7   Thumb Code     2  stm32f4xx_it.o(i.DebugMon_Handler)
    HAL_ADC_ConfigChannel                    0x080410f9   Thumb Code   380  stm32f4xx_hal_adc.o(i.HAL_ADC_ConfigChannel)
    HAL_ADC_ConvCpltCallback                 0x08041285   Thumb Code     2  stm32f4xx_hal_adc.o(i.HAL_ADC_ConvCpltCallback)
    HAL_ADC_ConvHalfCpltCallback             0x08041287   Thumb Code     2  stm32f4xx_hal_adc.o(i.HAL_ADC_ConvHalfCpltCallback)
    HAL_ADC_ErrorCallback                    0x08041289   Thumb Code     2  stm32f4xx_hal_adc.o(i.HAL_ADC_ErrorCallback)
    HAL_ADC_Init                             0x0804128d   Thumb Code   100  stm32f4xx_hal_adc.o(i.HAL_ADC_Init)
    HAL_ADC_MspInit                          0x080412f5   Thumb Code     2  stm32f4xx_hal_adc.o(i.HAL_ADC_MspInit)
    HAL_ADC_Start_DMA                        0x080412f9   Thumb Code   352  stm32f4xx_hal_adc.o(i.HAL_ADC_Start_DMA)
    HAL_DMA_Abort_IT                         0x0804147d   Thumb Code    40  stm32f4xx_hal_dma.o(i.HAL_DMA_Abort_IT)
    HAL_DMA_IRQHandler                       0x080414a5   Thumb Code   570  stm32f4xx_hal_dma.o(i.HAL_DMA_IRQHandler)
    HAL_DMA_Init                             0x080416e5   Thumb Code   232  stm32f4xx_hal_dma.o(i.HAL_DMA_Init)
    HAL_DMA_Start_IT                         0x080417d1   Thumb Code   158  stm32f4xx_hal_dma.o(i.HAL_DMA_Start_IT)
    HAL_GPIO_Init                            0x08041871   Thumb Code   466  stm32f4xx_hal_gpio.o(i.HAL_GPIO_Init)
    HAL_GPIO_ReadPin                         0x08041a71   Thumb Code    16  stm32f4xx_hal_gpio.o(i.HAL_GPIO_ReadPin)
    HAL_GPIO_WritePin                        0x08041a81   Thumb Code    12  stm32f4xx_hal_gpio.o(i.HAL_GPIO_WritePin)
    HAL_GetTick                              0x08041a8d   Thumb Code     6  main.o(i.HAL_GetTick)
    HAL_I2C_GetState                         0x08041a99   Thumb Code     8  stm32f4xx_hal_i2c.o(i.HAL_I2C_GetState)
    HAL_I2C_Init                             0x08041aa1   Thumb Code   422  stm32f4xx_hal_i2c.o(i.HAL_I2C_Init)
    HAL_I2C_Master_Receive                   0x08041c59   Thumb Code   748  stm32f4xx_hal_i2c.o(i.HAL_I2C_Master_Receive)
    HAL_I2C_Master_Transmit                  0x08041f51   Thumb Code   360  stm32f4xx_hal_i2c.o(i.HAL_I2C_Master_Transmit)
    HAL_I2C_Mem_Read                         0x080420c1   Thumb Code   744  stm32f4xx_hal_i2c.o(i.HAL_I2C_Mem_Read)
    HAL_I2C_MspInit                          0x080423b5   Thumb Code    78  stm32f4xx_hal_msp.o(i.HAL_I2C_MspInit)
    HAL_Init                                 0x08042411   Thumb Code    54  stm32f4xx_hal.o(i.HAL_Init)
    HAL_InitTick                             0x0804244d   Thumb Code    64  stm32f4xx_hal.o(i.HAL_InitTick)
    HAL_MspInit                              0x08042499   Thumb Code    86  stm32f4xx_hal_msp.o(i.HAL_MspInit)
    HAL_NVIC_EnableIRQ                       0x080424ef   Thumb Code    40  stm32f4xx_hal_cortex.o(i.HAL_NVIC_EnableIRQ)
    HAL_NVIC_SetPriority                     0x08042517   Thumb Code   124  stm32f4xx_hal_cortex.o(i.HAL_NVIC_SetPriority)
    HAL_NVIC_SetPriorityGrouping             0x08042595   Thumb Code    32  stm32f4xx_hal_cortex.o(i.HAL_NVIC_SetPriorityGrouping)
    HAL_RCC_ClockConfig                      0x080425bd   Thumb Code   366  stm32f4xx_hal_rcc.o(i.HAL_RCC_ClockConfig)
    HAL_RCC_GetHCLKFreq                      0x0804273d   Thumb Code     6  stm32f4xx_hal_rcc.o(i.HAL_RCC_GetHCLKFreq)
    HAL_RCC_GetPCLK1Freq                     0x08042749   Thumb Code    22  stm32f4xx_hal_rcc.o(i.HAL_RCC_GetPCLK1Freq)
    HAL_RCC_GetPCLK2Freq                     0x08042769   Thumb Code    22  stm32f4xx_hal_rcc.o(i.HAL_RCC_GetPCLK2Freq)
    HAL_RCC_GetSysClockFreq                  0x08042789   Thumb Code   162  stm32f4xx_hal_rcc.o(i.HAL_RCC_GetSysClockFreq)
    HAL_RCC_OscConfig                        0x08042839   Thumb Code  1086  stm32f4xx_hal_rcc.o(i.HAL_RCC_OscConfig)
    HAL_SYSTICK_Config                       0x08042c81   Thumb Code    52  stm32f4xx_hal_cortex.o(i.HAL_SYSTICK_Config)
    HAL_TIMEx_MasterConfigSynchronization    0x08042cb5   Thumb Code    84  stm32f4xx_hal_tim_ex.o(i.HAL_TIMEx_MasterConfigSynchronization)
    HAL_TIM_PWM_ConfigChannel                0x08042d09   Thumb Code   264  stm32f4xx_hal_tim.o(i.HAL_TIM_PWM_ConfigChannel)
    HAL_TIM_PWM_Init                         0x08042e11   Thumb Code    52  stm32f4xx_hal_tim.o(i.HAL_TIM_PWM_Init)
    HAL_TIM_PWM_MspInit                      0x08042e45   Thumb Code   212  stm32f4xx_hal_msp.o(i.HAL_TIM_PWM_MspInit)
    HAL_TIM_PWM_Start                        0x08042f31   Thumb Code    80  stm32f4xx_hal_tim.o(i.HAL_TIM_PWM_Start)
    HAL_TIM_PWM_Stop                         0x08042f89   Thumb Code   126  stm32f4xx_hal_tim.o(i.HAL_TIM_PWM_Stop)
    HAL_UART_ErrorCallback                   0x08043011   Thumb Code     2  stm32f4xx_hal_uart.o(i.HAL_UART_ErrorCallback)
    HAL_UART_IRQHandler                      0x08043015   Thumb Code   328  stm32f4xx_hal_uart.o(i.HAL_UART_IRQHandler)
    HAL_UART_Init                            0x08043161   Thumb Code   114  stm32f4xx_hal_uart.o(i.HAL_UART_Init)
    HAL_UART_MspInit                         0x080431d5   Thumb Code   248  stm32f4xx_hal_msp.o(i.HAL_UART_MspInit)
    HAL_UART_Receive_IT                      0x080432e5   Thumb Code   112  stm32f4xx_hal_uart.o(i.HAL_UART_Receive_IT)
    HAL_UART_RxCpltCallback                  0x08043355   Thumb Code   330  protocol.o(i.HAL_UART_RxCpltCallback)
    HAL_UART_Transmit_IT                     0x080434c1   Thumb Code    88  stm32f4xx_hal_uart.o(i.HAL_UART_Transmit_IT)
    HAL_UART_TxCpltCallback                  0x08043519   Thumb Code     2  stm32f4xx_hal_uart.o(i.HAL_UART_TxCpltCallback)
    HardFault_Handler                        0x0804351b   Thumb Code     4  stm32f4xx_it.o(i.HardFault_Handler)
    I2C1_waitForReady                        0x0804351f   Thumb Code    44  sensor.o(i.I2C1_waitForReady)
    Init_GPIO_servo_pwr                      0x08043b01   Thumb Code    52  timer.o(i.Init_GPIO_servo_pwr)
    Is_phone_in_grippers                     0x08043b39   Thumb Code   292  adc.o(i.Is_phone_in_grippers)
    MX_I2C1_Init                             0x08043c6d   Thumb Code   102  sensor.o(i.MX_I2C1_Init)
    MX_TIMER_Init                            0x08043d0d   Thumb Code   942  timer.o(i.MX_TIMER_Init)
    MemManage_Handler                        0x080440f1   Thumb Code     4  stm32f4xx_it.o(i.MemManage_Handler)
    NMI_Handler                              0x080440f5   Thumb Code     2  stm32f4xx_it.o(i.NMI_Handler)
    OnOffSensorPower                         0x080440f9   Thumb Code    18  sensor.o(i.OnOffSensorPower)
    Package_Calculator_checksum              0x08044111   Thumb Code    32  protocol.o(i.Package_Calculator_checksum)
    Package_check_checksum                   0x08044131   Thumb Code    26  protocol.o(i.Package_check_checksum)
    Robotic_ADC_Init                         0x0804414d   Thumb Code   290  adc.o(i.Robotic_ADC_Init)
    Robotic_gpio_input                       0x0804428d   Thumb Code    94  adc.o(i.Robotic_gpio_input)
    SystemClock_Config                       0x080442f9   Thumb Code   144  main.o(i.SystemClock_Config)
    SystemCoreClockUpdate                    0x08044391   Thumb Code   170  system_stm32f4xx.o(i.SystemCoreClockUpdate)
    SystemInit                               0x08044451   Thumb Code    80  system_stm32f4xx.o(i.SystemInit)
    TIM_Base_SetConfig                       0x080444b5   Thumb Code   170  stm32f4xx_hal_tim.o(i.TIM_Base_SetConfig)
    TIM_CCxChannelCmd                        0x0804458d   Thumb Code    34  stm32f4xx_hal_tim.o(i.TIM_CCxChannelCmd)
    TIM_OC2_SetConfig                        0x08044621   Thumb Code   114  stm32f4xx_hal_tim.o(i.TIM_OC2_SetConfig)
    UART5_IRQHandler                         0x08044769   Thumb Code    10  stm32f4xx_it.o(i.UART5_IRQHandler)
    USART1_IRQHandler                        0x08044c45   Thumb Code    10  stm32f4xx_it.o(i.USART1_IRQHandler)
    USB_send_respond_package                 0x08044c55   Thumb Code   642  protocol.o(i.USB_send_respond_package)
    UsageFault_Handler                       0x08044f09   Thumb Code     4  stm32f4xx_it.o(i.UsageFault_Handler)
    _init_box                                0x08044f45   Thumb Code    70  rt_membox.o(i._init_box)
    _is_digit                                0x08044f8b   Thumb Code    14  __printf_wp.o(i._is_digit)
    _mutex_acquire                           0x08044f99   Thumb Code    22  rtx_conf_cm.o(i._mutex_acquire)
    _mutex_initialize                        0x08044fb9   Thumb Code    34  rtx_conf_cm.o(i._mutex_initialize)
    _mutex_release                           0x08044fe5   Thumb Code    18  rtx_conf_cm.o(i._mutex_release)
    auto_process_ctrl                        0x08045001   Thumb Code  1100  protocol.o(i.auto_process_ctrl)
    calib_process                            0x0804544d   Thumb Code   290  protocol.o(i.calib_process)
    check_conflict_ctrl_process              0x080455fd   Thumb Code   202  protocol.o(i.check_conflict_ctrl_process)
    check_is_motor_linear1                   0x080456d9   Thumb Code    26  timer.o(i.check_is_motor_linear1)
    check_motor_gohome_control               0x080456f5   Thumb Code   116  protocol.o(i.check_motor_gohome_control)
    control_motor_Thread                     0x0804576d   Thumb Code   350  main.o(i.control_motor_Thread)
    ctrl_motor                               0x0804590d   Thumb Code   462  protocol.o(i.ctrl_motor)
    ctrl_pwm_duty                            0x08045b09   Thumb Code   158  timer.o(i.ctrl_pwm_duty)
    dbg_init                                 0x08045bbd   Thumb Code    34  hal_cm.o(i.dbg_init)
    dbg_task_notify                          0x08045bed   Thumb Code    32  hal_cm.o(i.dbg_task_notify)
    dbg_task_switch                          0x08045c0d   Thumb Code    16  hal_cm.o(i.dbg_task_switch)
    getValueThermalSensorD6T32L01A           0x08045c1d   Thumb Code   102  sensor.o(i.getValueThermalSensorD6T32L01A)
    get_Gr_index_from_Mo_index               0x08045cc9   Thumb Code    74  protocol.o(i.get_Gr_index_from_Mo_index)
    get_hw_version                           0x08045d15   Thumb Code   194  main.o(i.get_hw_version)
    get_servo1_index_from_gripper_index      0x08045e25   Thumb Code    28  protocol.o(i.get_servo1_index_from_gripper_index)
    gpio_clock_init                          0x08045e41   Thumb Code   216  main.o(i.gpio_clock_init)
    init_servo_motors                        0x08045f1d   Thumb Code  1614  timer.o(i.init_servo_motors)
    isrMessageGet                            0x0804657d   Thumb Code    42  rt_cmsis.o(i.isrMessageGet)
    isrMessagePut                            0x080465a7   Thumb Code    44  rt_cmsis.o(i.isrMessagePut)
    isr_mbx_receive                          0x080465d5   Thumb Code    86  rt_mailbox.o(i.isr_mbx_receive)
    isr_mbx_send                             0x0804662b   Thumb Code    14  rt_mailbox.o(i.isr_mbx_send)
    machine_init                             0x08046639   Thumb Code   208  protocol.o(i.machine_init)
    main                                     0x0804676d   Thumb Code   218  main.o(i.main)
    on_off_pwR                               0x08046891   Thumb Code    58  timer.o(i.on_off_pwR)
    on_off_pwm                               0x080468d5   Thumb Code   720  timer.o(i.on_off_pwm)
    osDelay                                  0x08046bbd   Thumb Code    18  rt_cmsis.o(i.osDelay)
    osKernelInitialize                       0x08046bd5   Thumb Code    30  rt_cmsis.o(i.osKernelInitialize)
    osKernelStart                            0x08046bf9   Thumb Code    98  rt_cmsis.o(i.osKernelStart)
    osMessageGet                             0x08046c65   Thumb Code    18  rt_cmsis.o(i.osMessageGet)
    osThreadCreate                           0x08046c7d   Thumb Code    36  rt_cmsis.o(i.osThreadCreate)
    osThreadExit                             0x08046ca9   Thumb Code    14  rt_cmsis.o(i.osThreadExit)
    osTimerCall                              0x08046cc1   Thumb Code     8  rt_cmsis.o(i.osTimerCall)
    osTimerThread                            0x08046ccd   Thumb Code    38  rt_cmsis.o(i.osTimerThread)
    os_error                                 0x08046cf9   Thumb Code    60  rtx_conf_cm.o(i.os_error)
    os_idle_demon                            0x08046d85   Thumb Code     4  rtx_conf_cm.o(i.os_idle_demon)
    os_tick_init                             0x08046d89   Thumb Code    32  rt_system.o(i.os_tick_init)
    os_tick_irqack                           0x08046db1   Thumb Code     2  rt_system.o(i.os_tick_irqack)
    prepare_motor_infor_to_respond           0x08046db5   Thumb Code    82  protocol.o(i.prepare_motor_infor_to_respond)
    process_ctrl_servo                       0x08046e11   Thumb Code  1290  main.o(i.process_ctrl_servo)
    process_data_input                       0x0804733d   Thumb Code  1998  protocol.o(i.process_data_input)
    read_ultrasonic_value                    0x08047b81   Thumb Code   242  sensor.o(i.read_ultrasonic_value)
    rt_alloc_box                             0x08047d39   Thumb Code    26  rt_membox.o(i.rt_alloc_box)
    rt_alloc_mem                             0x08047d53   Thumb Code    62  rt_memory.o(i.rt_alloc_mem)
    rt_block                                 0x08047d91   Thumb Code    48  rt_task.o(i.rt_block)
    rt_chk_robin                             0x08047dc9   Thumb Code    60  rt_robin.o(i.rt_chk_robin)
    rt_dec_dly                               0x08047e11   Thumb Code   102  rt_list.o(i.rt_dec_dly)
    rt_dispatch                              0x08047e81   Thumb Code    60  rt_task.o(i.rt_dispatch)
    rt_dly_wait                              0x08047ec5   Thumb Code     6  rt_time.o(i.rt_dly_wait)
    rt_evt_psh                               0x08047ecd   Thumb Code    76  rt_event.o(i.rt_evt_psh)
    rt_free_box                              0x08047f1d   Thumb Code    44  rt_membox.o(i.rt_free_box)
    rt_free_mem                              0x08047f49   Thumb Code    40  rt_memory.o(i.rt_free_mem)
    rt_get_first                             0x08047f71   Thumb Code    40  rt_list.o(i.rt_get_first)
    rt_init_mem                              0x08047fe9   Thumb Code    26  rt_memory.o(i.rt_init_mem)
    rt_init_robin                            0x08048005   Thumb Code    14  rt_robin.o(i.rt_init_robin)
    rt_init_stack                            0x0804801d   Thumb Code   118  hal_cm.o(i.rt_init_stack)
    rt_mbx_check                             0x0804809d   Thumb Code     8  rt_mailbox.o(i.rt_mbx_check)
    rt_mbx_init                              0x080480a5   Thumb Code    26  rt_mailbox.o(i.rt_mbx_init)
    rt_mbx_psh                               0x080480c1   Thumb Code   236  rt_mailbox.o(i.rt_mbx_psh)
    rt_mbx_wait                              0x080481b1   Thumb Code   174  rt_mailbox.o(i.rt_mbx_wait)
    rt_mut_init                              0x080482a9   Thumb Code    16  rt_mutex.o(i.rt_mut_init)
    rt_mut_release                           0x080482b9   Thumb Code   208  rt_mutex.o(i.rt_mut_release)
    rt_mut_wait                              0x08048391   Thumb Code   114  rt_mutex.o(i.rt_mut_wait)
    rt_pop_req                               0x08048409   Thumb Code   112  rt_system.o(i.rt_pop_req)
    rt_psh_req                               0x08048485   Thumb Code    22  rt_system.o(i.rt_psh_req)
    rt_psq_enq                               0x080484a5   Thumb Code    88  rt_list.o(i.rt_psq_enq)
    rt_put_dly                               0x08048501   Thumb Code    68  rt_list.o(i.rt_put_dly)
    rt_put_prio                              0x08048549   Thumb Code    54  rt_list.o(i.rt_put_prio)
    rt_put_rdy_first                         0x08048581   Thumb Code    14  rt_list.o(i.rt_put_rdy_first)
    rt_resort_prio                           0x08048595   Thumb Code    46  rt_list.o(i.rt_resort_prio)
    rt_ret_val                               0x080485d9   Thumb Code    12  hal_cm.o(i.rt_ret_val)
    rt_ret_val2                              0x080485e5   Thumb Code    16  hal_cm.o(i.rt_ret_val2)
    rt_rmv_dly                               0x080485f5   Thumb Code    40  rt_list.o(i.rt_rmv_dly)
    rt_rmv_list                              0x0804861d   Thumb Code    44  rt_list.o(i.rt_rmv_list)
    rt_sem_psh                               0x0804864d   Thumb Code    48  rt_semaphore.o(i.rt_sem_psh)
    rt_stk_check                             0x08048681   Thumb Code    28  rt_system.o(i.rt_stk_check)
    rt_switch_req                            0x080486a5   Thumb Code    30  rt_task.o(i.rt_switch_req)
    rt_sys_init                              0x080486cd   Thumb Code   138  rt_task.o(i.rt_sys_init)
    rt_sys_start                             0x08048799   Thumb Code   110  rt_task.o(i.rt_sys_start)
    rt_systick                               0x08048811   Thumb Code    50  rt_system.o(i.rt_systick)
    rt_tsk_create                            0x08048899   Thumb Code   118  rt_task.o(i.rt_tsk_create)
    rt_tsk_delete                            0x08048921   Thumb Code   352  rt_task.o(i.rt_tsk_delete)
    rt_tsk_prio                              0x08048a9d   Thumb Code   108  rt_task.o(i.rt_tsk_prio)
    rt_tsk_self                              0x08048b19   Thumb Code    12  rt_task.o(i.rt_tsk_self)
    send_debugging_data                      0x08048b29   Thumb Code    30  uart_debug.o(i.send_debugging_data)
    send_response_data                       0x08048b4d   Thumb Code    18  uart_debug.o(i.send_response_data)
    settingThermalSensorDT32L01A             0x08048b65   Thumb Code   148  sensor.o(i.settingThermalSensorDT32L01A)
    svcDelay                                 0x08048c15   Thumb Code    18  rt_cmsis.o(i.svcDelay)
    svcKernelInitialize                      0x08048c29   Thumb Code    80  rt_cmsis.o(i.svcKernelInitialize)
    svcKernelStart                           0x08048c99   Thumb Code    62  rt_cmsis.o(i.svcKernelStart)
    svcMessageCreate                         0x08048ce1   Thumb Code    36  rt_cmsis.o(i.svcMessageCreate)
    svcMessageGet                            0x08048d05   Thumb Code    58  rt_cmsis.o(i.svcMessageGet)
    svcThreadCreate                          0x08048d41   Thumb Code    96  rt_cmsis.o(i.svcThreadCreate)
    svcThreadGetId                           0x08048dad   Thumb Code    22  rt_cmsis.o(i.svcThreadGetId)
    svcThreadTerminate                       0x08048dc9   Thumb Code    50  rt_cmsis.o(i.svcThreadTerminate)
    svcTimerCall                             0x08048e01   Thumb Code    24  rt_cmsis.o(i.svcTimerCall)
    sysTimerTick                             0x08048e19   Thumb Code    84  rt_cmsis.o(i.sysTimerTick)
    system_resetMCU                          0x08048e75   Thumb Code    60  main.o(i.system_resetMCU)
    uart_debug_init                          0x08048eb9   Thumb Code   102  uart_debug.o(i.uart_debug_init)
    uart_pc_init                             0x08048f2d   Thumb Code    40  uart_debug.o(i.uart_pc_init)
    update_motor_current                     0x08048f5d   Thumb Code    82  main.o(i.update_motor_current)
    _fp_init                                 0x08048fb9   Thumb Code    10  fpinit.o(x$fpl$fpinit)
    __fplib_config_fpu_vfp                   0x08048fc1   Thumb Code     0  fpinit.o(x$fpl$fpinit)
    __fplib_config_pureend_doubles           0x08048fc1   Thumb Code     0  fpinit.o(x$fpl$fpinit)
    os_maxtaskrun                            0x08049694   Data           2  rtx_conf_cm.o(.constdata)
    os_stackinfo                             0x08049698   Data           4  rtx_conf_cm.o(.constdata)
    os_rrobin                                0x0804969c   Data           4  rtx_conf_cm.o(.constdata)
    os_tickfreq                              0x080496a0   Data           4  rtx_conf_cm.o(.constdata)
    os_tickus_i                              0x080496a4   Data           2  rtx_conf_cm.o(.constdata)
    os_tickus_f                              0x080496a6   Data           2  rtx_conf_cm.o(.constdata)
    os_trv                                   0x080496a8   Data           4  rtx_conf_cm.o(.constdata)
    os_flags                                 0x080496ac   Data           1  rtx_conf_cm.o(.constdata)
    CMSIS_RTOS_API_Version                   0x080496b0   Data           4  rtx_conf_cm.o(.constdata)
    CMSIS_RTOS_RTX_Version                   0x080496b4   Data           4  rtx_conf_cm.o(.constdata)
    os_clockrate                             0x080496b8   Data           4  rtx_conf_cm.o(.constdata)
    os_timernum                              0x080496bc   Data           4  rtx_conf_cm.o(.constdata)
    mp_tcb_size                              0x080496c0   Data           2  rtx_conf_cm.o(.constdata)
    mp_stk_size                              0x080496c4   Data           4  rtx_conf_cm.o(.constdata)
    os_stack_sz                              0x080496c8   Data           4  rtx_conf_cm.o(.constdata)
    os_fifo_size                             0x080496cc   Data           1  rtx_conf_cm.o(.constdata)
    os_thread_def_osTimerThread              0x080496d0   Data          16  rtx_conf_cm.o(.constdata)
    os_messageQ_def_osTimerMessageQ          0x080496e0   Data           8  rtx_conf_cm.o(.constdata)
    mp_tmr_size                              0x080496e8   Data           2  rtx_conf_cm.o(.constdata)
    os_thread_def_main                       0x080496ec   Data          16  rtx_conf_cm.o(.constdata)
    AHBPrescTable                            0x08049704   Data          16  system_stm32f4xx.o(.constdata)
    APBPrescTable                            0x08049714   Data           8  system_stm32f4xx.o(.constdata)
    Region$$Table$$Base                      0x08049758   Number         0  anon$$obj.o(Region$$Table)
    Region$$Table$$Limit                     0x08049778   Number         0  anon$$obj.o(Region$$Table)
    start_process                            0x20000000   Data           1  main.o(.data)
    start_gohome                             0x20000001   Data           1  main.o(.data)
    check_system_init                        0x20000002   Data           1  main.o(.data)
    check_calib_gohome_ctrl_step             0x20000003   Data           1  main.o(.data)
    start_auto_process                       0x20000004   Data           4  main.o(.data)
    check_on_auto_process                    0x20000008   Data           4  main.o(.data)
    duty_cycle_hold_clamp                    0x2000000c   Data          32  main.o(.data)
    uart_pc                                  0x2000002c   Data           4  protocol.o(.data)
    get_cmd_stt                              0x20000030   Data           1  protocol.o(.data)
    check_phone_in                           0x20000031   Data           3  protocol.o(.data)
    pl_respond_motor_infor                   0x20000034   Data           7  protocol.o(.data)
    pl_get_ctrl_motor                        0x2000003b   Data           3  protocol.o(.data)
    ctrl_process                             0x2000003e   Data           3  protocol.o(.data)
    pl_special_release                       0x20000041   Data           2  protocol.o(.data)
    range_sensor                             0x20000043   Data           3  protocol.o(.data)
    getIndex                                 0x20000046   Data           2  protocol.o(.data)
    sizeSend                                 0x20000048   Data           2  protocol.o(.data)
    card_stt                                 0x2000004a   Data           1  protocol.o(.data)
    tickstart                                0x2000004c   Data           4  protocol.o(.data)
    ticksByte                                0x20000050   Data           4  protocol.o(.data)
    rxBuf                                    0x20000054   Data           1  protocol.o(.data)
    doSetting                                0x20000055   Data           1  protocol.o(.data)
    valueReg00                               0x20000056   Data           1  protocol.o(.data)
    valueReg01                               0x20000057   Data           1  protocol.o(.data)
    valueReg02                               0x20000058   Data           1  protocol.o(.data)
    check_special_release_2_done             0x20000059   Data           4  protocol.o(.data)
    Upgrade_begin                            0x2000005d   Data           8  protocol.o(.data)
    IsFirstTimeGoHome                        0x20000065   Data           1  protocol.o(.data)
    i2c_address                              0x20000066   Data           1  sensor.o(.data)
    Tx_buff                                  0x20000067   Data           2  sensor.o(.data)
    Rx_buff                                  0x20000069   Data           2  sensor.o(.data)
    i                                        0x2000006c   Data           2  sensor.o(.data)
    j                                        0x2000006e   Data           2  sensor.o(.data)
    tPTAT                                    0x20000070   Data           2  sensor.o(.data)
    tPEC                                     0x20000072   Data           2  sensor.o(.data)
    buffer                                   0x20000074   Data           2  sensor.o(.data)
    osThreadId_osTimerThread                 0x20000078   Data           4  rtx_conf_cm.o(.data)
    osMessageQId_osTimerMessageQ             0x2000007c   Data           4  rtx_conf_cm.o(.data)
    os_tmr                                   0x20000080   Data           4  rtx_conf_cm.o(.data)
    m_tmr                                    0x20000084   Data           4  rtx_conf_cm.o(.data)
    uwTick                                   0x2000008c   Data           4  stm32f4xx_hal.o(.data)
    uwTickPrio                               0x20000090   Data           4  stm32f4xx_hal.o(.data)
    uwTickFreq                               0x20000094   Data           1  stm32f4xx_hal.o(.data)
    SystemCoreClock                          0x20000098   Data           4  system_stm32f4xx.o(.data)
    os_initialized                           0x2000009c   Data           1  rt_cmsis.o(.data)
    os_running                               0x2000009d   Data           1  rt_cmsis.o(.data)
    os_timer_head                            0x200000a0   Data           4  rt_cmsis.o(.data)
    os_tsk                                   0x200000a4   Data           8  rt_task.o(.data)
    os_time                                  0x200000ac   Data           4  rt_time.o(.data)
    os_tick_irqn                             0x200000b4   Data           4  rt_system.o(.data)
    os_robin                                 0x200000b8   Data           8  rt_robin.o(.data)
    dbg_msg                                  0x200000c0   Data           1  hal_cm.o(.data)
    hadc1                                    0x200000c4   Data          72  adc.o(.bss)
    hdma_adc1                                0x2000010c   Data          96  adc.o(.bss)
    adc_value                                0x2000016c   Data          32  adc.o(.bss)
    read_adc_value                           0x2000018c   Data          32  adc.o(.bss)
    usart1_pc_handel                         0x200001bc   Data          64  main.o(.bss)
    uart_debug                               0x200001fc   Data          64  main.o(.bss)
    motor_step                               0x2000023c   Data          16  main.o(.bss)
    current_index                            0x2000024c   Data          16  main.o(.bss)
    time_point_1                             0x2000025c   Data          64  main.o(.bss)
    first_time                               0x2000029c   Data          16  main.o(.bss)
    status                                   0x200002ac   Data          16  main.o(.bss)
    USB_Input_packet                         0x200002bc   Data         520  protocol.o(.bss)
    USB_Output_packet                        0x200004c4   Data         520  protocol.o(.bss)
    cmd_send                                 0x200006cc   Data         520  protocol.o(.bss)
    cmd_get                                  0x200008d4   Data         520  protocol.o(.bss)
    cmd_process                              0x20000adc   Data         520  protocol.o(.bss)
    cmd_send_long                            0x20000ce4   Data        2061  protocol.o(.bss)
    motor_infor                              0x200014f1   Data         112  protocol.o(.bss)
    pl_control_motor                         0x20001561   Data          48  protocol.o(.bss)
    allow_control_motor                      0x20001591   Data          16  protocol.o(.bss)
    Get_ctrl_proces                          0x200015a1   Data          12  protocol.o(.bss)
    process_of_gripper                       0x200015ad   Data          12  protocol.o(.bss)
    calib_value                              0x200015b9   Data          18  protocol.o(.bss)
    sw_write_calib                           0x200015cb   Data          32  protocol.o(.bss)
    thermal_sensor                           0x200015eb   Data        2052  protocol.o(.bss)
    str__                                    0x20001def   Data         100  protocol.o(.bss)
    data_sent                                0x20001e53   Data         520  protocol.o(.bss)
    data_sent_long                           0x2000205b   Data        2061  protocol.o(.bss)
    Grippers_infor                           0x20002868   Data          25  protocol.o(.bss)
    Upgrade_running                          0x20002881   Data         262  protocol.o(.bss)
    htim1                                    0x20002988   Data          64  timer.o(.bss)
    htim3                                    0x200029c8   Data          64  timer.o(.bss)
    htim4                                    0x20002a08   Data          64  timer.o(.bss)
    htim8                                    0x20002a48   Data          64  timer.o(.bss)
    htim9                                    0x20002a88   Data          64  timer.o(.bss)
    release_duty_cycle                       0x20002ac8   Data          32  timer.o(.bss)
    clamp_duty_cycle                         0x20002ae8   Data          32  timer.o(.bss)
    i2c_ultralsonic_handel                   0x20002b08   Data          84  sensor.o(.bss)
    data                                     0x20002b5c   Data        2051  sensor.o(.bss)
    tp                                       0x20003360   Data        2048  sensor.o(.bss)
    mp_tcb                                   0x20003b60   Data         220  rtx_conf_cm.o(.bss)
    mp_stk                                   0x20003c40   Data        1040  rtx_conf_cm.o(.bss)
    os_stack_mem                             0x20004050   Data        7568  rtx_conf_cm.o(.bss)
    os_fifo                                  0x20005de0   Data         132  rtx_conf_cm.o(.bss)
    os_active_TCB                            0x20005e64   Data          16  rtx_conf_cm.o(.bss)
    os_messageQ_q_osTimerMessageQ            0x20005e74   Data          32  rtx_conf_cm.o(.bss)
    os_idle_TCB                              0x20006094   Data          52  rt_task.o(.bss)
    os_rdy                                   0x200060c8   Data          24  rt_list.o(.bss)
    os_dly                                   0x200060e0   Data          24  rt_list.o(.bss)
    __libspace_start                         0x200060f8   Data          96  libspace.o(.bss)
    __temporary_stack_top$libspace           0x20006158   Data           0  libspace.o(.bss)



==============================================================================

Memory Map of the image

  Image Entry point : 0x08040189

  Load Region LR_IROM1 (Base: 0x08040000, Size: 0x0000983c, Max: 0x00080000, ABSOLUTE)

    Execution Region ER_IROM1 (Exec base: 0x08040000, Load base: 0x08040000, Size: 0x00009778, Max: 0x00080000, ABSOLUTE)

    Exec Addr    Load Addr    Size         Type   Attr      Idx    E Section Name        Object

    0x08040000   0x08040000   0x00000188   Data   RO         3975    RESET               startup_stm32f407xx.o
    0x08040188   0x08040188   0x00000008   Code   RO         5369  * !!!main             c_w.l(__main.o)
    0x08040190   0x08040190   0x00000034   Code   RO         5593    !!!scatter          c_w.l(__scatter.o)
    0x080401c4   0x080401c4   0x0000001a   Code   RO         5595    !!handler_copy      c_w.l(__scatter_copy.o)
    0x080401de   0x080401de   0x00000002   PAD
    0x080401e0   0x080401e0   0x0000001c   Code   RO         5597    !!handler_zi        c_w.l(__scatter_zi.o)
    0x080401fc   0x080401fc   0x00000000   Code   RO         5352    .ARM.Collect$$_printf_percent$$00000000  c_w.l(_printf_percent.o)
    0x080401fc   0x080401fc   0x00000006   Code   RO         5351    .ARM.Collect$$_printf_percent$$00000009  c_w.l(_printf_d.o)
    0x08040202   0x08040202   0x00000006   Code   RO         5350    .ARM.Collect$$_printf_percent$$0000000C  c_w.l(_printf_x.o)
    0x08040208   0x08040208   0x00000004   Code   RO         5419    .ARM.Collect$$_printf_percent$$00000017  c_w.l(_printf_percent_end.o)
    0x0804020c   0x0804020c   0x00000002   Code   RO         5545    .ARM.Collect$$libinit$$00000000  c_w.l(libinit.o)
    0x0804020e   0x0804020e   0x00000004   Code   RO         5424    .ARM.Collect$$libinit$$00000001  c_w.l(libinit2.o)
    0x08040212   0x08040212   0x00000000   Code   RO         5427    .ARM.Collect$$libinit$$00000004  c_w.l(libinit2.o)
    0x08040212   0x08040212   0x00000008   Code   RO         5428    .ARM.Collect$$libinit$$00000005  c_w.l(libinit2.o)
    0x0804021a   0x0804021a   0x00000000   Code   RO         5430    .ARM.Collect$$libinit$$0000000A  c_w.l(libinit2.o)
    0x0804021a   0x0804021a   0x00000000   Code   RO         5432    .ARM.Collect$$libinit$$0000000C  c_w.l(libinit2.o)
    0x0804021a   0x0804021a   0x00000000   Code   RO         5434    .ARM.Collect$$libinit$$0000000E  c_w.l(libinit2.o)
    0x0804021a   0x0804021a   0x00000000   Code   RO         5437    .ARM.Collect$$libinit$$00000011  c_w.l(libinit2.o)
    0x0804021a   0x0804021a   0x00000000   Code   RO         5439    .ARM.Collect$$libinit$$00000013  c_w.l(libinit2.o)
    0x0804021a   0x0804021a   0x00000000   Code   RO         5441    .ARM.Collect$$libinit$$00000015  c_w.l(libinit2.o)
    0x0804021a   0x0804021a   0x00000000   Code   RO         5443    .ARM.Collect$$libinit$$00000017  c_w.l(libinit2.o)
    0x0804021a   0x0804021a   0x00000000   Code   RO         5445    .ARM.Collect$$libinit$$00000019  c_w.l(libinit2.o)
    0x0804021a   0x0804021a   0x00000000   Code   RO         5447    .ARM.Collect$$libinit$$0000001B  c_w.l(libinit2.o)
    0x0804021a   0x0804021a   0x00000000   Code   RO         5449    .ARM.Collect$$libinit$$0000001D  c_w.l(libinit2.o)
    0x0804021a   0x0804021a   0x00000000   Code   RO         5451    .ARM.Collect$$libinit$$0000001F  c_w.l(libinit2.o)
    0x0804021a   0x0804021a   0x00000000   Code   RO         5453    .ARM.Collect$$libinit$$00000021  c_w.l(libinit2.o)
    0x0804021a   0x0804021a   0x00000000   Code   RO         5455    .ARM.Collect$$libinit$$00000023  c_w.l(libinit2.o)
    0x0804021a   0x0804021a   0x00000000   Code   RO         5457    .ARM.Collect$$libinit$$00000025  c_w.l(libinit2.o)
    0x0804021a   0x0804021a   0x00000000   Code   RO         5461    .ARM.Collect$$libinit$$0000002C  c_w.l(libinit2.o)
    0x0804021a   0x0804021a   0x00000000   Code   RO         5463    .ARM.Collect$$libinit$$0000002E  c_w.l(libinit2.o)
    0x0804021a   0x0804021a   0x00000000   Code   RO         5465    .ARM.Collect$$libinit$$00000030  c_w.l(libinit2.o)
    0x0804021a   0x0804021a   0x00000000   Code   RO         5467    .ARM.Collect$$libinit$$00000032  c_w.l(libinit2.o)
    0x0804021a   0x0804021a   0x00000002   Code   RO         5468    .ARM.Collect$$libinit$$00000033  c_w.l(libinit2.o)
    0x0804021c   0x0804021c   0x00000002   Code   RO         5546    .ARM.Collect$$libshutdown$$00000000  c_w.l(libshutdown.o)
    0x0804021e   0x0804021e   0x00000000   Code   RO         5558    .ARM.Collect$$libshutdown$$00000002  c_w.l(libshutdown2.o)
    0x0804021e   0x0804021e   0x00000000   Code   RO         5560    .ARM.Collect$$libshutdown$$00000004  c_w.l(libshutdown2.o)
    0x0804021e   0x0804021e   0x00000000   Code   RO         5563    .ARM.Collect$$libshutdown$$00000007  c_w.l(libshutdown2.o)
    0x0804021e   0x0804021e   0x00000000   Code   RO         5566    .ARM.Collect$$libshutdown$$0000000A  c_w.l(libshutdown2.o)
    0x0804021e   0x0804021e   0x00000000   Code   RO         5568    .ARM.Collect$$libshutdown$$0000000C  c_w.l(libshutdown2.o)
    0x0804021e   0x0804021e   0x00000000   Code   RO         5571    .ARM.Collect$$libshutdown$$0000000F  c_w.l(libshutdown2.o)
    0x0804021e   0x0804021e   0x00000002   Code   RO         5572    .ARM.Collect$$libshutdown$$00000010  c_w.l(libshutdown2.o)
    0x08040220   0x08040220   0x00000000   Code   RO         5371    .ARM.Collect$$rtentry$$00000000  c_w.l(__rtentry.o)
    0x08040220   0x08040220   0x00000000   Code   RO         5472    .ARM.Collect$$rtentry$$00000002  c_w.l(__rtentry2.o)
    0x08040220   0x08040220   0x00000006   Code   RO         5484    .ARM.Collect$$rtentry$$00000004  c_w.l(__rtentry4.o)
    0x08040226   0x08040226   0x00000000   Code   RO         5474    .ARM.Collect$$rtentry$$00000009  c_w.l(__rtentry2.o)
    0x08040226   0x08040226   0x00000004   Code   RO         5475    .ARM.Collect$$rtentry$$0000000A  c_w.l(__rtentry2.o)
    0x0804022a   0x0804022a   0x00000008   Code   RO         5476    .ARM.Collect$$rtentry$$0000000B  c_w.l(__rtentry2.o)
    0x08040232   0x08040232   0x00000008   Code   RO         5478    .ARM.Collect$$rtentry$$0000000D  c_w.l(__rtentry2.o)
    0x0804023a   0x0804023a   0x00000002   Code   RO         5372    .ARM.Collect$$rtexit$$00000000  c_w.l(rtexit.o)
    0x0804023c   0x0804023c   0x00000000   Code   RO         5487    .ARM.Collect$$rtexit$$00000002  c_w.l(rtexit2.o)
    0x0804023c   0x0804023c   0x00000004   Code   RO         5488    .ARM.Collect$$rtexit$$00000003  c_w.l(rtexit2.o)
    0x08040240   0x08040240   0x00000006   Code   RO         5489    .ARM.Collect$$rtexit$$00000004  c_w.l(rtexit2.o)
    0x08040246   0x08040246   0x00000002   PAD
    0x08040248   0x08040248   0x0000001c   Code   RO          816    .emb_text           rtx_conf_cm.o
    0x08040264   0x08040264   0x00000198   Code   RO         5220    .emb_text           RTX_CM4.lib(hal_cm4.o)
    0x080403fc   0x080403fc   0x00000000   Code   RO         5497    .emb_text           c_w.l(maybetermalloc1.o)
    0x080403fc   0x080403fc   0x00000040   Code   RO         3976    .text               startup_stm32f407xx.o
    0x0804043c   0x0804043c   0x00000008   Code   RO         5235    .text               c_w.l(libspace.o)
    0x08040444   0x08040444   0x0000009e   Code   RO         5242    .text               c_w.l(h1_alloc_mt.o)
    0x080404e2   0x080404e2   0x000000ee   Code   RO         5294    .text               c_w.l(lludivv7m.o)
    0x080405d0   0x080405d0   0x00000028   Code   RO         5298    .text               c_w.l(noretval__2sprintf.o)
    0x080405f8   0x080405f8   0x0000004e   Code   RO         5302    .text               c_w.l(_printf_pad.o)
    0x08040646   0x08040646   0x00000002   PAD
    0x08040648   0x08040648   0x00000078   Code   RO         5306    .text               c_w.l(_printf_dec.o)
    0x080406c0   0x080406c0   0x00000058   Code   RO         5311    .text               c_w.l(_printf_hex_int.o)
    0x08040718   0x08040718   0x00000138   Code   RO         5341    .text               c_w.l(__printf_flags_wp.o)
    0x08040850   0x08040850   0x00000012   Code   RO         5353    .text               c_w.l(exit.o)
    0x08040862   0x08040862   0x0000003e   Code   RO         5355    .text               c_w.l(strlen.o)
    0x080408a0   0x080408a0   0x0000008a   Code   RO         5359    .text               c_w.l(rt_memcpy_v6.o)
    0x0804092a   0x0804092a   0x00000044   Code   RO         5361    .text               c_w.l(rt_memclr.o)
    0x0804096e   0x0804096e   0x0000004e   Code   RO         5363    .text               c_w.l(rt_memclr_w.o)
    0x080409bc   0x080409bc   0x00000056   Code   RO         5365    .text               c_w.l(strncpy.o)
    0x08040a12   0x08040a12   0x00000006   Code   RO         5367    .text               c_w.l(heapauxi.o)
    0x08040a18   0x08040a18   0x0000000a   Code   RO         5383    .text               c_w.l(rt_heap_descriptor_twolibspace.o)
    0x08040a22   0x08040a22   0x00000004   Code   RO         5385    .text               c_w.l(hguard.o)
    0x08040a26   0x08040a26   0x0000008a   Code   RO         5387    .text               c_w.l(init_alloc.o)
    0x08040ab0   0x08040ab0   0x00000012   Code   RO         5397    .text               c_w.l(h1_init_mt.o)
    0x08040ac2   0x08040ac2   0x00000076   Code   RO         5399    .text               c_w.l(h1_free_mt.o)
    0x08040b38   0x08040b38   0x000000b2   Code   RO         5411    .text               c_w.l(_printf_intcommon.o)
    0x08040bea   0x08040bea   0x00000002   PAD
    0x08040bec   0x08040bec   0x00000030   Code   RO         5413    .text               c_w.l(_printf_char_common.o)
    0x08040c1c   0x08040c1c   0x0000000a   Code   RO         5415    .text               c_w.l(_sputc.o)
    0x08040c26   0x08040c26   0x00000064   Code   RO         5420    .text               c_w.l(rt_memcpy_w.o)
    0x08040c8a   0x08040c8a   0x0000003e   Code   RO         5501    .text               c_w.l(h1_extend_mt.o)
    0x08040cc8   0x08040cc8   0x0000000e   Code   RO         5505    .text               c_w.l(defsig_rtmem_outer.o)
    0x08040cd6   0x08040cd6   0x00000002   PAD
    0x08040cd8   0x08040cd8   0x0000000c   Code   RO         5516    .text               c_w.l(sys_exit.o)
    0x08040ce4   0x08040ce4   0x00000002   Code   RO         5518    .text               c_w.l(use_no_semi.o)
    0x08040ce6   0x08040ce6   0x00000000   Code   RO         5520    .text               c_w.l(indicate_semi.o)
    0x08040ce6   0x08040ce6   0x0000004a   Code   RO         5521    .text               c_w.l(sys_stackheap_outer.o)
    0x08040d30   0x08040d30   0x0000000a   Code   RO         5527    .text               c_w.l(defsig_exit.o)
    0x08040d3a   0x08040d3a   0x00000002   PAD
    0x08040d3c   0x08040d3c   0x00000050   Code   RO         5533    .text               c_w.l(defsig_rtmem_inner.o)
    0x08040d8c   0x08040d8c   0x00000032   Code   RO         5553    .text               c_w.l(defsig_general.o)
    0x08040dbe   0x08040dbe   0x0000000e   Code   RO         5573    .text               c_w.l(sys_wrch.o)
    0x08040dcc   0x08040dcc   0x00000004   Code   RO         5230    SVC_TABLE           RTX_CM4.lib(svc_table.o)
    0x08040dd0   0x08040dd0   0x0000007e   Code   RO         1063    i.ADC_DMAConvCplt   stm32f4xx_hal_adc.o
    0x08040e4e   0x08040e4e   0x0000001a   Code   RO         1064    i.ADC_DMAError      stm32f4xx_hal_adc.o
    0x08040e68   0x08040e68   0x0000000e   Code   RO         1065    i.ADC_DMAHalfConvCplt  stm32f4xx_hal_adc.o
    0x08040e76   0x08040e76   0x00000002   PAD
    0x08040e78   0x08040e78   0x00000160   Code   RO         1066    i.ADC_Init          stm32f4xx_hal_adc.o
    0x08040fd8   0x08040fd8   0x00000004   Code   RO          522    i.BusFault_Handler  stm32f4xx_it.o
    0x08040fdc   0x08040fdc   0x00000010   Code   RO          523    i.DMA2_Stream0_IRQHandler  stm32f4xx_it.o
    0x08040fec   0x08040fec   0x00000034   Code   RO         1478    i.DMA_CalcBaseAndBitshift  stm32f4xx_hal_dma.o
    0x08041020   0x08041020   0x000000aa   Code   RO         1479    i.DMA_CheckFifoParam  stm32f4xx_hal_dma.o
    0x080410ca   0x080410ca   0x0000002c   Code   RO         1480    i.DMA_SetConfig     stm32f4xx_hal_dma.o
    0x080410f6   0x080410f6   0x00000002   Code   RO          524    i.DebugMon_Handler  stm32f4xx_it.o
    0x080410f8   0x080410f8   0x0000018c   Code   RO         1068    i.HAL_ADC_ConfigChannel  stm32f4xx_hal_adc.o
    0x08041284   0x08041284   0x00000002   Code   RO         1069    i.HAL_ADC_ConvCpltCallback  stm32f4xx_hal_adc.o
    0x08041286   0x08041286   0x00000002   Code   RO         1070    i.HAL_ADC_ConvHalfCpltCallback  stm32f4xx_hal_adc.o
    0x08041288   0x08041288   0x00000002   Code   RO         1072    i.HAL_ADC_ErrorCallback  stm32f4xx_hal_adc.o
    0x0804128a   0x0804128a   0x00000002   PAD
    0x0804128c   0x0804128c   0x00000068   Code   RO         1077    i.HAL_ADC_Init      stm32f4xx_hal_adc.o
    0x080412f4   0x080412f4   0x00000002   Code   RO         1080    i.HAL_ADC_MspInit   stm32f4xx_hal_adc.o
    0x080412f6   0x080412f6   0x00000002   PAD
    0x080412f8   0x080412f8   0x00000184   Code   RO         1084    i.HAL_ADC_Start_DMA  stm32f4xx_hal_adc.o
    0x0804147c   0x0804147c   0x00000028   Code   RO         1482    i.HAL_DMA_Abort_IT  stm32f4xx_hal_dma.o
    0x080414a4   0x080414a4   0x00000240   Code   RO         1486    i.HAL_DMA_IRQHandler  stm32f4xx_hal_dma.o
    0x080416e4   0x080416e4   0x000000ec   Code   RO         1487    i.HAL_DMA_Init      stm32f4xx_hal_dma.o
    0x080417d0   0x080417d0   0x0000009e   Code   RO         1491    i.HAL_DMA_Start_IT  stm32f4xx_hal_dma.o
    0x0804186e   0x0804186e   0x00000002   PAD
    0x08041870   0x08041870   0x00000200   Code   RO         1851    i.HAL_GPIO_Init     stm32f4xx_hal_gpio.o
    0x08041a70   0x08041a70   0x00000010   Code   RO         1853    i.HAL_GPIO_ReadPin  stm32f4xx_hal_gpio.o
    0x08041a80   0x08041a80   0x0000000c   Code   RO         1855    i.HAL_GPIO_WritePin  stm32f4xx_hal_gpio.o
    0x08041a8c   0x08041a8c   0x0000000c   Code   RO          199    i.HAL_GetTick       main.o
    0x08041a98   0x08041a98   0x00000008   Code   RO         1924    i.HAL_I2C_GetState  stm32f4xx_hal_i2c.o
    0x08041aa0   0x08041aa0   0x000001b8   Code   RO         1925    i.HAL_I2C_Init      stm32f4xx_hal_i2c.o
    0x08041c58   0x08041c58   0x000002f8   Code   RO         1931    i.HAL_I2C_Master_Receive  stm32f4xx_hal_i2c.o
    0x08041f50   0x08041f50   0x00000170   Code   RO         1938    i.HAL_I2C_Master_Transmit  stm32f4xx_hal_i2c.o
    0x080420c0   0x080420c0   0x000002f4   Code   RO         1943    i.HAL_I2C_Mem_Read  stm32f4xx_hal_i2c.o
    0x080423b4   0x080423b4   0x0000005c   Code   RO          424    i.HAL_I2C_MspInit   stm32f4xx_hal_msp.o
    0x08042410   0x08042410   0x0000003c   Code   RO          900    i.HAL_Init          stm32f4xx_hal.o
    0x0804244c   0x0804244c   0x0000004c   Code   RO          901    i.HAL_InitTick      stm32f4xx_hal.o
    0x08042498   0x08042498   0x00000056   Code   RO          426    i.HAL_MspInit       stm32f4xx_hal_msp.o
    0x080424ee   0x080424ee   0x00000028   Code   RO         1343    i.HAL_NVIC_EnableIRQ  stm32f4xx_hal_cortex.o
    0x08042516   0x08042516   0x0000007c   Code   RO         1349    i.HAL_NVIC_SetPriority  stm32f4xx_hal_cortex.o
    0x08042592   0x08042592   0x00000002   PAD
    0x08042594   0x08042594   0x00000028   Code   RO         1350    i.HAL_NVIC_SetPriorityGrouping  stm32f4xx_hal_cortex.o
    0x080425bc   0x080425bc   0x00000180   Code   RO         2551    i.HAL_RCC_ClockConfig  stm32f4xx_hal_rcc.o
    0x0804273c   0x0804273c   0x0000000c   Code   RO         2556    i.HAL_RCC_GetHCLKFreq  stm32f4xx_hal_rcc.o
    0x08042748   0x08042748   0x00000020   Code   RO         2558    i.HAL_RCC_GetPCLK1Freq  stm32f4xx_hal_rcc.o
    0x08042768   0x08042768   0x00000020   Code   RO         2559    i.HAL_RCC_GetPCLK2Freq  stm32f4xx_hal_rcc.o
    0x08042788   0x08042788   0x000000b0   Code   RO         2560    i.HAL_RCC_GetSysClockFreq  stm32f4xx_hal_rcc.o
    0x08042838   0x08042838   0x00000448   Code   RO         2563    i.HAL_RCC_OscConfig  stm32f4xx_hal_rcc.o
    0x08042c80   0x08042c80   0x00000034   Code   RO         1354    i.HAL_SYSTICK_Config  stm32f4xx_hal_cortex.o
    0x08042cb4   0x08042cb4   0x00000054   Code   RO         3412    i.HAL_TIMEx_MasterConfigSynchronization  stm32f4xx_hal_tim_ex.o
    0x08042d08   0x08042d08   0x00000108   Code   RO         2775    i.HAL_TIM_PWM_ConfigChannel  stm32f4xx_hal_tim.o
    0x08042e10   0x08042e10   0x00000034   Code   RO         2778    i.HAL_TIM_PWM_Init  stm32f4xx_hal_tim.o
    0x08042e44   0x08042e44   0x000000ec   Code   RO          428    i.HAL_TIM_PWM_MspInit  stm32f4xx_hal_msp.o
    0x08042f30   0x08042f30   0x00000058   Code   RO         2783    i.HAL_TIM_PWM_Start  stm32f4xx_hal_tim.o
    0x08042f88   0x08042f88   0x00000088   Code   RO         2786    i.HAL_TIM_PWM_Stop  stm32f4xx_hal_tim.o
    0x08043010   0x08043010   0x00000002   Code   RO         3666    i.HAL_UART_ErrorCallback  stm32f4xx_hal_uart.o
    0x08043012   0x08043012   0x00000002   PAD
    0x08043014   0x08043014   0x0000014c   Code   RO         3669    i.HAL_UART_IRQHandler  stm32f4xx_hal_uart.o
    0x08043160   0x08043160   0x00000072   Code   RO         3670    i.HAL_UART_Init     stm32f4xx_hal_uart.o
    0x080431d2   0x080431d2   0x00000002   PAD
    0x080431d4   0x080431d4   0x00000110   Code   RO          430    i.HAL_UART_MspInit  stm32f4xx_hal_msp.o
    0x080432e4   0x080432e4   0x00000070   Code   RO         3675    i.HAL_UART_Receive_IT  stm32f4xx_hal_uart.o
    0x08043354   0x08043354   0x0000016c   Code   RO          292    i.HAL_UART_RxCpltCallback  protocol.o
    0x080434c0   0x080434c0   0x00000058   Code   RO         3680    i.HAL_UART_Transmit_IT  stm32f4xx_hal_uart.o
    0x08043518   0x08043518   0x00000002   Code   RO         3681    i.HAL_UART_TxCpltCallback  stm32f4xx_hal_uart.o
    0x0804351a   0x0804351a   0x00000004   Code   RO          525    i.HardFault_Handler  stm32f4xx_it.o
    0x0804351e   0x0804351e   0x0000002c   Code   RO          739    i.I2C1_waitForReady  sensor.o
    0x0804354a   0x0804354a   0x0000003e   Code   RO         1968    i.I2C_IsAcknowledgeFailed  stm32f4xx_hal_i2c.o
    0x08043588   0x08043588   0x00000110   Code   RO         1971    i.I2C_MasterRequestRead  stm32f4xx_hal_i2c.o
    0x08043698   0x08043698   0x000000ac   Code   RO         1972    i.I2C_MasterRequestWrite  stm32f4xx_hal_i2c.o
    0x08043744   0x08043744   0x00000138   Code   RO         1978    i.I2C_RequestMemoryRead  stm32f4xx_hal_i2c.o
    0x0804387c   0x0804387c   0x0000005c   Code   RO         1987    i.I2C_WaitOnBTFFlagUntilTimeout  stm32f4xx_hal_i2c.o
    0x080438d8   0x080438d8   0x00000086   Code   RO         1988    i.I2C_WaitOnFlagUntilTimeout  stm32f4xx_hal_i2c.o
    0x0804395e   0x0804395e   0x000000c4   Code   RO         1989    i.I2C_WaitOnMasterAddressFlagUntilTimeout  stm32f4xx_hal_i2c.o
    0x08043a22   0x08043a22   0x00000080   Code   RO         1990    i.I2C_WaitOnRXNEFlagUntilTimeout  stm32f4xx_hal_i2c.o
    0x08043aa2   0x08043aa2   0x0000005c   Code   RO         1992    i.I2C_WaitOnTXEFlagUntilTimeout  stm32f4xx_hal_i2c.o
    0x08043afe   0x08043afe   0x00000002   PAD
    0x08043b00   0x08043b00   0x00000038   Code   RO          599    i.Init_GPIO_servo_pwr  timer.o
    0x08043b38   0x08043b38   0x00000134   Code   RO            4    i.Is_phone_in_grippers  adc.o
    0x08043c6c   0x08043c6c   0x000000a0   Code   RO          742    i.MX_I2C1_Init      sensor.o
    0x08043d0c   0x08043d0c   0x000003e4   Code   RO          600    i.MX_TIMER_Init     timer.o
    0x080440f0   0x080440f0   0x00000004   Code   RO          526    i.MemManage_Handler  stm32f4xx_it.o
    0x080440f4   0x080440f4   0x00000002   Code   RO          527    i.NMI_Handler       stm32f4xx_it.o
    0x080440f6   0x080440f6   0x00000002   PAD
    0x080440f8   0x080440f8   0x00000018   Code   RO          743    i.OnOffSensorPower  sensor.o
    0x08044110   0x08044110   0x00000020   Code   RO          293    i.Package_Calculator_checksum  protocol.o
    0x08044130   0x08044130   0x0000001a   Code   RO          294    i.Package_check_checksum  protocol.o
    0x0804414a   0x0804414a   0x00000002   PAD
    0x0804414c   0x0804414c   0x00000140   Code   RO            5    i.Robotic_ADC_Init  adc.o
    0x0804428c   0x0804428c   0x0000006c   Code   RO            6    i.Robotic_gpio_input  adc.o
    0x080442f8   0x080442f8   0x00000098   Code   RO          200    i.SystemClock_Config  main.o
    0x08044390   0x08044390   0x000000c0   Code   RO         3983    i.SystemCoreClockUpdate  system_stm32f4xx.o
    0x08044450   0x08044450   0x00000064   Code   RO         3984    i.SystemInit        system_stm32f4xx.o
    0x080444b4   0x080444b4   0x000000d8   Code   RO         2796    i.TIM_Base_SetConfig  stm32f4xx_hal_tim.o
    0x0804458c   0x0804458c   0x00000022   Code   RO         2797    i.TIM_CCxChannelCmd  stm32f4xx_hal_tim.o
    0x080445ae   0x080445ae   0x00000002   PAD
    0x080445b0   0x080445b0   0x00000070   Code   RO         2809    i.TIM_OC1_SetConfig  stm32f4xx_hal_tim.o
    0x08044620   0x08044620   0x0000007c   Code   RO         2810    i.TIM_OC2_SetConfig  stm32f4xx_hal_tim.o
    0x0804469c   0x0804469c   0x00000078   Code   RO         2811    i.TIM_OC3_SetConfig  stm32f4xx_hal_tim.o
    0x08044714   0x08044714   0x00000054   Code   RO         2812    i.TIM_OC4_SetConfig  stm32f4xx_hal_tim.o
    0x08044768   0x08044768   0x00000010   Code   RO          528    i.UART5_IRQHandler  stm32f4xx_it.o
    0x08044778   0x08044778   0x00000014   Code   RO         3683    i.UART_DMAAbortOnError  stm32f4xx_hal_uart.o
    0x0804478c   0x0804478c   0x00000020   Code   RO         3693    i.UART_EndRxTransfer  stm32f4xx_hal_uart.o
    0x080447ac   0x080447ac   0x00000020   Code   RO         3694    i.UART_EndTransmit_IT  stm32f4xx_hal_uart.o
    0x080447cc   0x080447cc   0x000000a6   Code   RO         3696    i.UART_Receive_IT   stm32f4xx_hal_uart.o
    0x08044872   0x08044872   0x00000002   PAD
    0x08044874   0x08044874   0x00000368   Code   RO         3697    i.UART_SetConfig    stm32f4xx_hal_uart.o
    0x08044bdc   0x08044bdc   0x00000068   Code   RO         3698    i.UART_Transmit_IT  stm32f4xx_hal_uart.o
    0x08044c44   0x08044c44   0x00000010   Code   RO          529    i.USART1_IRQHandler  stm32f4xx_it.o
    0x08044c54   0x08044c54   0x000002b4   Code   RO          295    i.USB_send_respond_package  protocol.o
    0x08044f08   0x08044f08   0x00000004   Code   RO          530    i.UsageFault_Handler  stm32f4xx_it.o
    0x08044f0c   0x08044f0c   0x00000010   Code   RO         1356    i.__NVIC_GetPriorityGrouping  stm32f4xx_hal_cortex.o
    0x08044f1c   0x08044f1c   0x00000028   Code   RO         1357    i.__NVIC_SetPriority  stm32f4xx_hal_cortex.o
    0x08044f44   0x08044f44   0x00000046   Code   RO         5114    i._init_box         RTX_CM4.lib(rt_membox.o)
    0x08044f8a   0x08044f8a   0x0000000e   Code   RO         5339    i._is_digit         c_w.l(__printf_wp.o)
    0x08044f98   0x08044f98   0x00000020   Code   RO          818    i._mutex_acquire    rtx_conf_cm.o
    0x08044fb8   0x08044fb8   0x0000002c   Code   RO          819    i._mutex_initialize  rtx_conf_cm.o
    0x08044fe4   0x08044fe4   0x0000001c   Code   RO          820    i._mutex_release    rtx_conf_cm.o
    0x08045000   0x08045000   0x0000044c   Code   RO          296    i.auto_process_ctrl  protocol.o
    0x0804544c   0x0804544c   0x000001b0   Code   RO          297    i.calib_process     protocol.o
    0x080455fc   0x080455fc   0x000000dc   Code   RO          298    i.check_conflict_ctrl_process  protocol.o
    0x080456d8   0x080456d8   0x0000001a   Code   RO          602    i.check_is_motor_linear1  timer.o
    0x080456f2   0x080456f2   0x00000002   PAD
    0x080456f4   0x080456f4   0x00000078   Code   RO          299    i.check_motor_gohome_control  protocol.o
    0x0804576c   0x0804576c   0x000001a0   Code   RO          201    i.control_motor_Thread  main.o
    0x0804590c   0x0804590c   0x000001fc   Code   RO          300    i.ctrl_motor        protocol.o
    0x08045b08   0x08045b08   0x000000b4   Code   RO          604    i.ctrl_pwm_duty     timer.o
    0x08045bbc   0x08045bbc   0x00000030   Code   RO         5167    i.dbg_init          RTX_CM4.lib(hal_cm.o)
    0x08045bec   0x08045bec   0x00000020   Code   RO         5168    i.dbg_task_notify   RTX_CM4.lib(hal_cm.o)
    0x08045c0c   0x08045c0c   0x00000010   Code   RO         5169    i.dbg_task_switch   RTX_CM4.lib(hal_cm.o)
    0x08045c1c   0x08045c1c   0x000000ac   Code   RO          745    i.getValueThermalSensorD6T32L01A  sensor.o
    0x08045cc8   0x08045cc8   0x0000004a   Code   RO          301    i.get_Gr_index_from_Mo_index  protocol.o
    0x08045d12   0x08045d12   0x00000002   PAD
    0x08045d14   0x08045d14   0x00000110   Code   RO          202    i.get_hw_version    main.o
    0x08045e24   0x08045e24   0x0000001c   Code   RO          302    i.get_servo1_index_from_gripper_index  protocol.o
    0x08045e40   0x08045e40   0x000000dc   Code   RO          203    i.gpio_clock_init   main.o
    0x08045f1c   0x08045f1c   0x00000660   Code   RO          605    i.init_servo_motors  timer.o
    0x0804657c   0x0804657c   0x0000002a   Code   RO         4020    i.isrMessageGet     RTX_CM4.lib(rt_cmsis.o)
    0x080465a6   0x080465a6   0x0000002c   Code   RO         4021    i.isrMessagePut     RTX_CM4.lib(rt_cmsis.o)
    0x080465d2   0x080465d2   0x00000002   PAD
    0x080465d4   0x080465d4   0x00000056   Code   RO         5002    i.isr_mbx_receive   RTX_CM4.lib(rt_mailbox.o)
    0x0804662a   0x0804662a   0x0000000e   Code   RO         5003    i.isr_mbx_send      RTX_CM4.lib(rt_mailbox.o)
    0x08046638   0x08046638   0x00000134   Code   RO          303    i.machine_init      protocol.o
    0x0804676c   0x0804676c   0x00000124   Code   RO          204    i.main              main.o
    0x08046890   0x08046890   0x00000044   Code   RO          606    i.on_off_pwR        timer.o
    0x080468d4   0x080468d4   0x000002e8   Code   RO          607    i.on_off_pwm        timer.o
    0x08046bbc   0x08046bbc   0x00000018   Code   RO         4024    i.osDelay           RTX_CM4.lib(rt_cmsis.o)
    0x08046bd4   0x08046bd4   0x00000024   Code   RO         4025    i.osKernelInitialize  RTX_CM4.lib(rt_cmsis.o)
    0x08046bf8   0x08046bf8   0x0000006c   Code   RO         4027    i.osKernelStart     RTX_CM4.lib(rt_cmsis.o)
    0x08046c64   0x08046c64   0x00000018   Code   RO         4036    i.osMessageGet      RTX_CM4.lib(rt_cmsis.o)
    0x08046c7c   0x08046c7c   0x0000002c   Code   RO         4053    i.osThreadCreate    RTX_CM4.lib(rt_cmsis.o)
    0x08046ca8   0x08046ca8   0x00000018   Code   RO         4054    i.osThreadExit      RTX_CM4.lib(rt_cmsis.o)
    0x08046cc0   0x08046cc0   0x0000000c   Code   RO         4060    i.osTimerCall       RTX_CM4.lib(rt_cmsis.o)
    0x08046ccc   0x08046ccc   0x0000002c   Code   RO         4065    i.osTimerThread     RTX_CM4.lib(rt_cmsis.o)
    0x08046cf8   0x08046cf8   0x0000008c   Code   RO          821    i.os_error          rtx_conf_cm.o
    0x08046d84   0x08046d84   0x00000004   Code   RO          822    i.os_idle_demon     rtx_conf_cm.o
    0x08046d88   0x08046d88   0x00000028   Code   RO         4794    i.os_tick_init      RTX_CM4.lib(rt_system.o)
    0x08046db0   0x08046db0   0x00000002   Code   RO         4795    i.os_tick_irqack    RTX_CM4.lib(rt_system.o)
    0x08046db2   0x08046db2   0x00000002   PAD
    0x08046db4   0x08046db4   0x0000005c   Code   RO          304    i.prepare_motor_infor_to_respond  protocol.o
    0x08046e10   0x08046e10   0x0000052c   Code   RO          205    i.process_ctrl_servo  main.o
    0x0804733c   0x0804733c   0x00000844   Code   RO          305    i.process_data_input  protocol.o
    0x08047b80   0x08047b80   0x000001b8   Code   RO          746    i.read_ultrasonic_value  sensor.o
    0x08047d38   0x08047d38   0x0000001a   Code   RO         5115    i.rt_alloc_box      RTX_CM4.lib(rt_membox.o)
    0x08047d52   0x08047d52   0x0000003e   Code   RO         5143    i.rt_alloc_mem      RTX_CM4.lib(rt_memory.o)
    0x08047d90   0x08047d90   0x00000038   Code   RO         4642    i.rt_block          RTX_CM4.lib(rt_task.o)
    0x08047dc8   0x08047dc8   0x00000048   Code   RO         5092    i.rt_chk_robin      RTX_CM4.lib(rt_robin.o)
    0x08047e10   0x08047e10   0x00000070   Code   RO         4926    i.rt_dec_dly        RTX_CM4.lib(rt_list.o)
    0x08047e80   0x08047e80   0x00000044   Code   RO         4643    i.rt_dispatch       RTX_CM4.lib(rt_task.o)
    0x08047ec4   0x08047ec4   0x00000006   Code   RO         4726    i.rt_dly_wait       RTX_CM4.lib(rt_time.o)
    0x08047eca   0x08047eca   0x00000002   PAD
    0x08047ecc   0x08047ecc   0x00000050   Code   RO         4887    i.rt_evt_psh        RTX_CM4.lib(rt_event.o)
    0x08047f1c   0x08047f1c   0x0000002c   Code   RO         5116    i.rt_free_box       RTX_CM4.lib(rt_membox.o)
    0x08047f48   0x08047f48   0x00000028   Code   RO         5144    i.rt_free_mem       RTX_CM4.lib(rt_memory.o)
    0x08047f70   0x08047f70   0x00000028   Code   RO         4927    i.rt_get_first      RTX_CM4.lib(rt_list.o)
    0x08047f98   0x08047f98   0x00000008   Code   RO         4070    i.rt_id2obj         RTX_CM4.lib(rt_cmsis.o)
    0x08047fa0   0x08047fa0   0x00000048   Code   RO         4644    i.rt_init_context   RTX_CM4.lib(rt_task.o)
    0x08047fe8   0x08047fe8   0x0000001a   Code   RO         5145    i.rt_init_mem       RTX_CM4.lib(rt_memory.o)
    0x08048002   0x08048002   0x00000002   PAD
    0x08048004   0x08048004   0x00000018   Code   RO         5093    i.rt_init_robin     RTX_CM4.lib(rt_robin.o)
    0x0804801c   0x0804801c   0x00000080   Code   RO         5170    i.rt_init_stack     RTX_CM4.lib(hal_cm.o)
    0x0804809c   0x0804809c   0x00000008   Code   RO         5004    i.rt_mbx_check      RTX_CM4.lib(rt_mailbox.o)
    0x080480a4   0x080480a4   0x0000001a   Code   RO         5005    i.rt_mbx_init       RTX_CM4.lib(rt_mailbox.o)
    0x080480be   0x080480be   0x00000002   PAD
    0x080480c0   0x080480c0   0x000000f0   Code   RO         5006    i.rt_mbx_psh        RTX_CM4.lib(rt_mailbox.o)
    0x080481b0   0x080481b0   0x000000b4   Code   RO         5008    i.rt_mbx_wait       RTX_CM4.lib(rt_mailbox.o)
    0x08048264   0x08048264   0x00000044   Code   RO         4071    i.rt_ms2tick        RTX_CM4.lib(rt_cmsis.o)
    0x080482a8   0x080482a8   0x00000010   Code   RO         4760    i.rt_mut_init       RTX_CM4.lib(rt_mutex.o)
    0x080482b8   0x080482b8   0x000000d8   Code   RO         4761    i.rt_mut_release    RTX_CM4.lib(rt_mutex.o)
    0x08048390   0x08048390   0x00000078   Code   RO         4762    i.rt_mut_wait       RTX_CM4.lib(rt_mutex.o)
    0x08048408   0x08048408   0x0000007c   Code   RO         4798    i.rt_pop_req        RTX_CM4.lib(rt_system.o)
    0x08048484   0x08048484   0x00000020   Code   RO         4799    i.rt_psh_req        RTX_CM4.lib(rt_system.o)
    0x080484a4   0x080484a4   0x0000005c   Code   RO         4929    i.rt_psq_enq        RTX_CM4.lib(rt_list.o)
    0x08048500   0x08048500   0x00000048   Code   RO         4930    i.rt_put_dly        RTX_CM4.lib(rt_list.o)
    0x08048548   0x08048548   0x00000036   Code   RO         4931    i.rt_put_prio       RTX_CM4.lib(rt_list.o)
    0x0804857e   0x0804857e   0x00000002   PAD
    0x08048580   0x08048580   0x00000014   Code   RO         4932    i.rt_put_rdy_first  RTX_CM4.lib(rt_list.o)
    0x08048594   0x08048594   0x00000034   Code   RO         4933    i.rt_resort_prio    RTX_CM4.lib(rt_list.o)
    0x080485c8   0x080485c8   0x00000010   Code   RO         5171    i.rt_ret_regs       RTX_CM4.lib(hal_cm.o)
    0x080485d8   0x080485d8   0x0000000c   Code   RO         5172    i.rt_ret_val        RTX_CM4.lib(hal_cm.o)
    0x080485e4   0x080485e4   0x00000010   Code   RO         5173    i.rt_ret_val2       RTX_CM4.lib(hal_cm.o)
    0x080485f4   0x080485f4   0x00000028   Code   RO         4934    i.rt_rmv_dly        RTX_CM4.lib(rt_list.o)
    0x0804861c   0x0804861c   0x00000030   Code   RO         4935    i.rt_rmv_list       RTX_CM4.lib(rt_list.o)
    0x0804864c   0x0804864c   0x00000034   Code   RO         5053    i.rt_sem_psh        RTX_CM4.lib(rt_semaphore.o)
    0x08048680   0x08048680   0x00000024   Code   RO         4801    i.rt_stk_check      RTX_CM4.lib(rt_system.o)
    0x080486a4   0x080486a4   0x00000028   Code   RO         4645    i.rt_switch_req     RTX_CM4.lib(rt_task.o)
    0x080486cc   0x080486cc   0x000000cc   Code   RO         4646    i.rt_sys_init       RTX_CM4.lib(rt_task.o)
    0x08048798   0x08048798   0x00000078   Code   RO         4647    i.rt_sys_start      RTX_CM4.lib(rt_task.o)
    0x08048810   0x08048810   0x00000040   Code   RO         4803    i.rt_systick        RTX_CM4.lib(rt_system.o)
    0x08048850   0x08048850   0x00000012   Code   RO         4072    i.rt_tid2ptcb       RTX_CM4.lib(rt_cmsis.o)
    0x08048862   0x08048862   0x00000002   PAD
    0x08048864   0x08048864   0x00000034   Code   RO         4073    i.rt_timer_insert   RTX_CM4.lib(rt_cmsis.o)
    0x08048898   0x08048898   0x00000088   Code   RO         4648    i.rt_tsk_create     RTX_CM4.lib(rt_task.o)
    0x08048920   0x08048920   0x0000017c   Code   RO         4649    i.rt_tsk_delete     RTX_CM4.lib(rt_task.o)
    0x08048a9c   0x08048a9c   0x0000007c   Code   RO         4651    i.rt_tsk_prio       RTX_CM4.lib(rt_task.o)
    0x08048b18   0x08048b18   0x00000010   Code   RO         4652    i.rt_tsk_self       RTX_CM4.lib(rt_task.o)
    0x08048b28   0x08048b28   0x00000024   Code   RO          679    i.send_debugging_data  uart_debug.o
    0x08048b4c   0x08048b4c   0x00000018   Code   RO          680    i.send_response_data  uart_debug.o
    0x08048b64   0x08048b64   0x000000b0   Code   RO          747    i.settingThermalSensorDT32L01A  sensor.o
    0x08048c14   0x08048c14   0x00000012   Code   RO         4075    i.svcDelay          RTX_CM4.lib(rt_cmsis.o)
    0x08048c26   0x08048c26   0x00000002   PAD
    0x08048c28   0x08048c28   0x00000070   Code   RO         4076    i.svcKernelInitialize  RTX_CM4.lib(rt_cmsis.o)
    0x08048c98   0x08048c98   0x00000048   Code   RO         4078    i.svcKernelStart    RTX_CM4.lib(rt_cmsis.o)
    0x08048ce0   0x08048ce0   0x00000024   Code   RO         4081    i.svcMessageCreate  RTX_CM4.lib(rt_cmsis.o)
    0x08048d04   0x08048d04   0x0000003a   Code   RO         4082    i.svcMessageGet     RTX_CM4.lib(rt_cmsis.o)
    0x08048d3e   0x08048d3e   0x00000002   PAD
    0x08048d40   0x08048d40   0x0000006c   Code   RO         4096    i.svcThreadCreate   RTX_CM4.lib(rt_cmsis.o)
    0x08048dac   0x08048dac   0x0000001c   Code   RO         4097    i.svcThreadGetId    RTX_CM4.lib(rt_cmsis.o)
    0x08048dc8   0x08048dc8   0x00000038   Code   RO         4100    i.svcThreadTerminate  RTX_CM4.lib(rt_cmsis.o)
    0x08048e00   0x08048e00   0x00000018   Code   RO         4102    i.svcTimerCall      RTX_CM4.lib(rt_cmsis.o)
    0x08048e18   0x08048e18   0x0000005c   Code   RO         4111    i.sysTimerTick      RTX_CM4.lib(rt_cmsis.o)
    0x08048e74   0x08048e74   0x00000044   Code   RO          206    i.system_resetMCU   main.o
    0x08048eb8   0x08048eb8   0x00000074   Code   RO          681    i.uart_debug_init   uart_debug.o
    0x08048f2c   0x08048f2c   0x00000030   Code   RO          682    i.uart_pc_init      uart_debug.o
    0x08048f5c   0x08048f5c   0x0000005c   Code   RO          207    i.update_motor_current  main.o
    0x08048fb8   0x08048fb8   0x0000000a   Code   RO         5514    x$fpl$fpinit        fz_wm.l(fpinit.o)
    0x08048fc2   0x08048fc2   0x00000002   PAD
    0x08048fc4   0x08048fc4   0x00000240   Data   RO            9    .constdata          adc.o
    0x08049204   0x08049204   0x00000250   Data   RO          209    .constdata          main.o
    0x08049454   0x08049454   0x00000240   Data   RO          609    .constdata          timer.o
    0x08049694   0x08049694   0x00000068   Data   RO          824    .constdata          rtx_conf_cm.o
    0x080496fc   0x080496fc   0x00000008   Data   RO         1493    .constdata          stm32f4xx_hal_dma.o
    0x08049704   0x08049704   0x00000018   Data   RO         3985    .constdata          system_stm32f4xx.o
    0x0804971c   0x0804971c   0x00000028   Data   RO         5312    .constdata          c_w.l(_printf_hex_int.o)
    0x08049744   0x08049744   0x00000011   Data   RO         5342    .constdata          c_w.l(__printf_flags_wp.o)
    0x08049755   0x08049755   0x00000003   PAD
    0x08049758   0x08049758   0x00000020   Data   RO         5591    Region$$Table       anon$$obj.o


    Execution Region RW_IRAM1 (Exec base: 0x20000000, Load base: 0x08049778, Size: 0x00006758, Max: 0x00020000, ABSOLUTE)

    Exec Addr    Load Addr    Size         Type   Attr      Idx    E Section Name        Object

    0x20000000   0x08049778   0x0000002c   Data   RW          210    .data               main.o
    0x2000002c   0x080497a4   0x0000003a   Data   RW          309    .data               protocol.o
    0x20000066   0x080497de   0x00000010   Data   RW          750    .data               sensor.o
    0x20000076   0x080497ee   0x00000002   PAD
    0x20000078   0x080497f0   0x00000014   Data   RW          825    .data               rtx_conf_cm.o
    0x2000008c   0x08049804   0x00000009   Data   RW          907    .data               stm32f4xx_hal.o
    0x20000095   0x0804980d   0x00000003   PAD
    0x20000098   0x08049810   0x00000004   Data   RW         3986    .data               system_stm32f4xx.o
    0x2000009c   0x08049814   0x00000008   Data   RW         4114    .data               RTX_CM4.lib(rt_cmsis.o)
    0x200000a4   0x0804981c   0x00000008   Data   RW         4654    .data               RTX_CM4.lib(rt_task.o)
    0x200000ac   0x08049824   0x00000004   Data   RW         4730    .data               RTX_CM4.lib(rt_time.o)
    0x200000b0   0x08049828   0x00000008   Data   RW         4806    .data               RTX_CM4.lib(rt_system.o)
    0x200000b8   0x08049830   0x00000008   Data   RW         5094    .data               RTX_CM4.lib(rt_robin.o)
    0x200000c0   0x08049838   0x00000001   Data   RW         5174    .data               RTX_CM4.lib(hal_cm.o)
    0x200000c1   0x08049839   0x00000003   PAD
    0x200000c4        -       0x000000f8   Zero   RW            8    .bss                adc.o
    0x200001bc        -       0x00000100   Zero   RW          208    .bss                main.o
    0x200002bc        -       0x000026cb   Zero   RW          307    .bss                protocol.o
    0x20002987   0x08049839   0x00000001   PAD
    0x20002988        -       0x00000180   Zero   RW          608    .bss                timer.o
    0x20002b08        -       0x00001058   Zero   RW          748    .bss                sensor.o
    0x20003b60        -       0x00002534   Zero   RW          823    .bss                rtx_conf_cm.o
    0x20006094        -       0x00000034   Zero   RW         4653    .bss                RTX_CM4.lib(rt_task.o)
    0x200060c8        -       0x00000030   Zero   RW         4936    .bss                RTX_CM4.lib(rt_list.o)
    0x200060f8        -       0x00000060   Zero   RW         5236    .bss                c_w.l(libspace.o)
    0x20006158        -       0x00000200   Zero   RW         3974    HEAP                startup_stm32f407xx.o
    0x20006358        -       0x00000400   Zero   RW         3973    STACK               startup_stm32f407xx.o


==============================================================================

Image component sizes


      Code (inc. data)   RO Data    RW Data    ZI Data      Debug   Object Name

       736         60        576          0        248     725276   adc.o
      2848        328        592         44        256      44775   main.o
      6112        792          0         58       9931      18779   protocol.o
       276        116        104         20       9524      10223   rtx_conf_cm.o
      1016        360          0         16       4184       5341   sensor.o
        64         26        392          0       1536        904   startup_stm32f407xx.o
       136         18          0          9          0       2977   stm32f4xx_hal.o
      1414         64          0          0          0       8263   stm32f4xx_hal_adc.o
       312         22          0          0          0      34575   stm32f4xx_hal_cortex.o
      1276         16          8          0          0       6446   stm32f4xx_hal_dma.o
       540         46          0          0          0       3127   stm32f4xx_hal_gpio.o
      3792         64          0          0          0      14980   stm32f4xx_hal_i2c.o
       686         62          0          0          0       3433   stm32f4xx_hal_msp.o
      1732         84          0          0          0       5752   stm32f4xx_hal_rcc.o
      1230        100          0          0          0       8203   stm32f4xx_hal_tim.o
        84          0          0          0          0       1364   stm32f4xx_hal_tim_ex.o
      1876         12          0          0          0       9154   stm32f4xx_hal_uart.o
        68         18          0          0          0       4494   stm32f4xx_it.o
       292         42         24          4          0       2175   system_stm32f4xx.o
      3702        216        576          0        384      10729   timer.o
       224         34          0          0          0       2880   uart_debug.o

    ----------------------------------------------------------------------
     28444       2480       2304        156      26064     923850   Object Totals
         0          0         32          0          0          0   (incl. Generated)
        28          0          0          5          1          0   (incl. Padding)

    ----------------------------------------------------------------------

      Code (inc. data)   RO Data    RW Data    ZI Data      Debug   Library Member Name

       268         24          0          1          0       4472   hal_cm.o
       408         34          0          0          0        816   hal_cm4.o
      1152        144          0          8          0      35878   rt_cmsis.o
        80          4          0          0          0        701   rt_event.o
       530         34          0          0         48       8601   rt_list.o
       554         10          0          0          0       4189   rt_mailbox.o
       140          0          0          0          0       2045   rt_membox.o
       128          0          0          0          0       2419   rt_memory.o
       352         14          0          0          0       2229   rt_mutex.o
        96         22          0          8          0       1230   rt_robin.o
        52          4          0          0          0        613   rt_semaphore.o
       298         52          0          8          0       6439   rt_system.o
      1216        174          0          8         52      10045   rt_task.o
         6          0          0          4          0        692   rt_time.o
         4          4          0          0          0        200   svc_table.o
         8          0          0          0          0         68   __main.o
       312          4         17          0          0         92   __printf_flags_wp.o
        14          0          0          0          0         68   __printf_wp.o
         0          0          0          0          0          0   __rtentry.o
        20          0          0          0          0          0   __rtentry2.o
         6          0          0          0          0          0   __rtentry4.o
        52          8          0          0          0          0   __scatter.o
        26          0          0          0          0          0   __scatter_copy.o
        28          0          0          0          0          0   __scatter_zi.o
        48          6          0          0          0         96   _printf_char_common.o
         6          0          0          0          0          0   _printf_d.o
       120         16          0          0          0         92   _printf_dec.o
        88          4         40          0          0         88   _printf_hex_int.o
       178          0          0          0          0         88   _printf_intcommon.o
        78          0          0          0          0        108   _printf_pad.o
         0          0          0          0          0          0   _printf_percent.o
         4          0          0          0          0          0   _printf_percent_end.o
         6          0          0          0          0          0   _printf_x.o
        10          0          0          0          0         68   _sputc.o
        10          0          0          0          0         68   defsig_exit.o
        50          0          0          0          0         88   defsig_general.o
        80         58          0          0          0         76   defsig_rtmem_inner.o
        14          0          0          0          0         80   defsig_rtmem_outer.o
        18          0          0          0          0         80   exit.o
       158          0          0          0          0        128   h1_alloc_mt.o
        62          0          0          0          0         80   h1_extend_mt.o
       118          0          0          0          0        108   h1_free_mt.o
        18          0          0          0          0         84   h1_init_mt.o
         6          0          0          0          0        152   heapauxi.o
         4          0          0          0          0        136   hguard.o
         0          0          0          0          0          0   indicate_semi.o
       138          0          0          0          0        168   init_alloc.o
         2          0          0          0          0          0   libinit.o
        14          0          0          0          0          0   libinit2.o
         2          0          0          0          0          0   libshutdown.o
         2          0          0          0          0          0   libshutdown2.o
         8          4          0          0         96         68   libspace.o
       238          0          0          0          0        100   lludivv7m.o
         0          0          0          0          0          0   maybetermalloc1.o
        40          6          0          0          0         84   noretval__2sprintf.o
        10          0          0          0          0         76   rt_heap_descriptor_twolibspace.o
        68          0          0          0          0         68   rt_memclr.o
        78          0          0          0          0         80   rt_memclr_w.o
       138          0          0          0          0         68   rt_memcpy_v6.o
       100          0          0          0          0         80   rt_memcpy_w.o
         2          0          0          0          0          0   rtexit.o
        10          0          0          0          0          0   rtexit2.o
        62          0          0          0          0         76   strlen.o
        86          0          0          0          0         76   strncpy.o
        12          4          0          0          0         68   sys_exit.o
        74          0          0          0          0         80   sys_stackheap_outer.o
        14          0          0          0          0         76   sys_wrch.o
         2          0          0          0          0         68   use_no_semi.o
        10          0          0          0          0        116   fpinit.o

    ----------------------------------------------------------------------
      7968        630         60         40        196      83769   Library Totals
        32          0          3          3          0          0   (incl. Padding)

    ----------------------------------------------------------------------

      Code (inc. data)   RO Data    RW Data    ZI Data      Debug   Library Name

      5284        520          0         37        100      80569   RTX_CM4.lib
      2642        110         57          0         96       3084   c_w.l
        10          0          0          0          0        116   fz_wm.l

    ----------------------------------------------------------------------
      7968        630         60         40        196      83769   Library Totals

    ----------------------------------------------------------------------

==============================================================================


      Code (inc. data)   RO Data    RW Data    ZI Data      Debug   

     36412       3110       2364        196      26260     985755   Grand Totals
     36412       3110       2364        196      26260     985755   ELF Image Totals
     36412       3110       2364        196          0          0   ROM Totals

==============================================================================

    Total RO  Size (Code + RO Data)                38776 (  37.87kB)
    Total RW  Size (RW Data + ZI Data)             26456 (  25.84kB)
    Total ROM Size (Code + RO Data + RW Data)      38972 (  38.06kB)

==============================================================================

